Component: ARM Compiler 5.06 update 5 (build 528) Tool: armlink [4d35e2]

==============================================================================

Section Cross References

    los_startup_keil.o(LOS_HEAP) refers (Special) to los_dispatch_keil.o(.text) for osPendSV
    los_startup_keil.o(LOS_HEAP_INFO) refers (Special) to los_dispatch_keil.o(.text) for osPendSV
    los_startup_keil.o(LOS_HEAP_INFO) refers to los_startup_keil.o(LOS_HEAP) for __los_heap_base
    los_startup_keil.o(RESET) refers (Special) to los_dispatch_keil.o(.text) for osPendSV
    los_startup_keil.o(RESET) refers to system_stm32l4xx.o(i.SystemInit) for SystemInit
    los_startup_keil.o(RESET) refers to entry.o(.ARM.Collect$$$$00000000) for __main
    system_stm32l4xx.o(i.SystemCoreClockUpdate) refers to system_stm32l4xx.o(.constdata) for MSIRangeTable
    system_stm32l4xx.o(i.SystemCoreClockUpdate) refers to system_stm32l4xx.o(.data) for SystemCoreClock
    usart.o(i.HAL_UART_MspDeInit) refers to stm32l4xx_hal_gpio.o(i.HAL_GPIO_DeInit) for HAL_GPIO_DeInit
    usart.o(i.HAL_UART_MspDeInit) refers to stm32l4xx_hal_cortex.o(i.HAL_NVIC_DisableIRQ) for HAL_NVIC_DisableIRQ
    usart.o(i.HAL_UART_MspInit) refers to stm32l4xx_hal_gpio.o(i.HAL_GPIO_Init) for HAL_GPIO_Init
    usart.o(i.HAL_UART_MspInit) refers to stm32l4xx_hal_cortex.o(i.HAL_NVIC_SetPriority) for HAL_NVIC_SetPriority
    usart.o(i.HAL_UART_MspInit) refers to stm32l4xx_hal_cortex.o(i.HAL_NVIC_EnableIRQ) for HAL_NVIC_EnableIRQ
    usart.o(i.MX_USART1_UART_Init) refers to stm32l4xx_hal_uart.o(i.HAL_UART_Init) for HAL_UART_Init
    usart.o(i.MX_USART1_UART_Init) refers to sys_init.o(i._Error_Handler) for _Error_Handler
    usart.o(i.MX_USART1_UART_Init) refers to usart.o(.bss) for huart1
    usart.o(i.MX_USART2_UART_Init) refers to stm32l4xx_hal_uart.o(i.HAL_UART_Init) for HAL_UART_Init
    usart.o(i.MX_USART2_UART_Init) refers to sys_init.o(i._Error_Handler) for _Error_Handler
    usart.o(i.MX_USART2_UART_Init) refers to usart.o(.bss) for huart2
    usart.o(i.MX_USART3_UART_Init) refers to stm32l4xx_hal_uart.o(i.HAL_UART_Init) for HAL_UART_Init
    usart.o(i.MX_USART3_UART_Init) refers to sys_init.o(i._Error_Handler) for _Error_Handler
    usart.o(i.MX_USART3_UART_Init) refers to usart.o(.bss) for huart3
    usart.o(i.fputc) refers to stm32l4xx_hal_uart.o(i.HAL_UART_Transmit) for HAL_UART_Transmit
    usart.o(i.fputc) refers to usart.o(.bss) for huart1
    gpio.o(i.MX_GPIO_Init) refers to stm32l4xx_hal_gpio.o(i.HAL_GPIO_WritePin) for HAL_GPIO_WritePin
    gpio.o(i.MX_GPIO_Init) refers to stm32l4xx_hal_gpio.o(i.HAL_GPIO_Init) for HAL_GPIO_Init
    gpio.o(i.MX_GPIO_Init) refers to stm32l4xx_hal_cortex.o(i.HAL_NVIC_SetPriority) for HAL_NVIC_SetPriority
    gpio.o(i.MX_GPIO_Init) refers to stm32l4xx_hal_cortex.o(i.HAL_NVIC_EnableIRQ) for HAL_NVIC_EnableIRQ
    main.o(i.HardWare_Init) refers to stm32l4xx_hal.o(i.HAL_Init) for HAL_Init
    main.o(i.HardWare_Init) refers to sys_init.o(i.SystemClock_Config) for SystemClock_Config
    main.o(i.HardWare_Init) refers to dwt.o(i.dwt_delay_init) for dwt_delay_init
    main.o(i.HardWare_Init) refers to hal_rng.o(i.hal_rng_config) for hal_rng_config
    main.o(i.HardWare_Init) refers to gpio.o(i.MX_GPIO_Init) for MX_GPIO_Init
    main.o(i.HardWare_Init) refers to usart.o(i.MX_USART1_UART_Init) for MX_USART1_UART_Init
    main.o(i.HardWare_Init) refers to adc.o(i.MX_ADC1_Init) for MX_ADC1_Init
    main.o(i.HardWare_Init) refers to i2c.o(i.MX_I2C1_Init) for MX_I2C1_Init
    main.o(i.HardWare_Init) refers to printfa.o(i.__0printf) for __2printf
    main.o(i.HardWare_Init) refers to system_stm32l4xx.o(.data) for SystemCoreClock
    main.o(i.creat_main_task) refers to los_task.o(i.LOS_TaskCreate) for LOS_TaskCreate
    main.o(i.creat_main_task) refers to main.o(i.main_task) for main_task
    main.o(i.creat_main_task) refers to main.o(.data) for g_TskHandle
    main.o(i.main) refers to main.o(i.HardWare_Init) for HardWare_Init
    main.o(i.main) refers to los_init.o(i.LOS_KernelInit) for LOS_KernelInit
    main.o(i.main) refers to main.o(i.creat_main_task) for creat_main_task
    main.o(i.main) refers to los_init.o(i.LOS_Start) for LOS_Start
    main.o(i.main_task) refers to at_api_interface.o(i.at_api_register) for at_api_register
    main.o(i.main_task) refers to at_api_interface.o(i.at_api_init) for at_api_init
    main.o(i.main_task) refers to main.o(i.user_hw_init) for user_hw_init
    main.o(i.main_task) refers to agent_tiny_demo.o(i.agent_tiny_entry) for agent_tiny_entry
    main.o(i.main_task) refers to esp8266.o(.data) for at_interface
    main.o(i.user_hw_init) refers to oled.o(i.OLED_Init) for OLED_Init
    main.o(i.user_hw_init) refers to dht11_bus.o(i.DHT11_Init) for DHT11_Init
    main.o(i.user_hw_init) refers to bh1750.o(i.Init_BH1750) for Init_BH1750
    main.o(i.user_hw_init) refers to oled.o(i.OLED_Clear) for OLED_Clear
[...]
    0x08000030   0x08000030   0x00000004   Code   RO        12088    .ARM.Collect$$$$00000004  mc_w.l(entry5.o)
    0x08000034   0x08000034   0x00000000   Code   RO        12090    .ARM.Collect$$$$00000008  mc_w.l(entry7b.o)
    0x08000034   0x08000034   0x00000000   Code   RO        12092    .ARM.Collect$$$$0000000A  mc_w.l(entry8b.o)
    0x08000034   0x08000034   0x00000008   Code   RO        12093    .ARM.Collect$$$$0000000B  mc_w.l(entry9a.o)
    0x0800003c   0x0800003c   0x00000000   Code   RO        12095    .ARM.Collect$$$$0000000D  mc_w.l(entry10a.o)
    0x0800003c   0x0800003c   0x00000000   Code   RO        12097    .ARM.Collect$$$$0000000F  mc_w.l(entry11a.o)
    0x0800003c   0x0800003c   0x00000004   Code   RO        12086    .ARM.Collect$$$$00002713  mc_w.l(entry3.o)
    0x08000040   0x08000040   0x000000fa   Code   RO         6152    .text               los_dispatch_keil.o
    0x0800013a   0x0800013a   0x00000068   Code   RO        11688    .text               mc_w.l(uldiv.o)
    0x080001a2   0x080001a2   0x00000062   Code   RO        11690    .text               mc_w.l(ldiv.o)
    0x08000204   0x08000204   0x0000001e   Code   RO        11692    .text               mc_w.l(llshl.o)
    0x08000222   0x08000222   0x00000002   PAD
    0x08000224   0x08000224   0x00000008   Code   RO        11694    .text               mc_w.l(ctype_o.o)
    0x0800022c   0x0800022c   0x00000042   Code   RO        11726    .text               mc_w.l(memmove.o)
    0x0800026e   0x0800026e   0x00000024   Code   RO        11730    .text               mc_w.l(memseta.o)
    0x08000292   0x08000292   0x00000018   Code   RO        11732    .text               mc_w.l(strcat.o)
    0x080002aa   0x080002aa   0x00000024   Code   RO        11734    .text               mc_w.l(strstr.o)
    0x080002ce   0x080002ce   0x00000018   Code   RO        11736    .text               mc_w.l(strncpy.o)
    0x080002e6   0x080002e6   0x0000000e   Code   RO        11738    .text               mc_w.l(strlen.o)
    0x080002f4   0x080002f4   0x0000001a   Code   RO        11744    .text               mc_w.l(memcmp.o)
    0x0800030e   0x0800030e   0x0000001e   Code   RO        11746    .text               mc_w.l(strncmp.o)
    0x0800032c   0x0800032c   0x00000020   Code   RO        11748    .text               mc_w.l(strrchr.o)
    0x0800034c   0x0800034c   0x0000015e   Code   RO        12057    .text               mf_w.l(dadd.o)
    0x080004aa   0x080004aa   0x000000ea   Code   RO        12059    .text               mf_w.l(dmul.o)
    0x08000594   0x08000594   0x000000de   Code   RO        12061    .text               mf_w.l(ddiv.o)
    0x08000672   0x08000672   0x00000022   Code   RO        12063    .text               mf_w.l(dflti.o)
    0x08000694   0x08000694   0x0000001a   Code   RO        12065    .text               mf_w.l(dfltui.o)
    0x080006ae   0x080006ae   0x00000028   Code   RO        12067    .text               mf_w.l(dfltl.o)
    0x080006d6   0x080006d6   0x00000032   Code   RO        12071    .text               mf_w.l(dfixui.o)
    0x08000708   0x08000708   0x0000004a   Code   RO        12073    .text               mf_w.l(dfixl.o)
    0x08000752   0x08000752   0x00000030   Code   RO        12075    .text               mf_w.l(dfixul.o)
    0x08000782   0x08000782   0x00000026   Code   RO        12077    .text               mf_w.l(f2d.o)
    0x080007a8   0x080007a8   0x00000030   Code   RO        12079    .text               mf_w.l(cdcmple.o)
    0x080007d8   0x080007d8   0x00000030   Code   RO        12081    .text               mf_w.l(cdrcmple.o)
    0x08000808   0x08000808   0x00000038   Code   RO        12083    .text               mf_w.l(d2f.o)
    0x08000840   0x08000840   0x0000002c   Code   RO        12099    .text               mc_w.l(uidiv.o)
    0x0800086c   0x0800086c   0x00000020   Code   RO        12101    .text               mc_w.l(llushr.o)
    0x0800088c   0x0800088c   0x00000024   Code   RO        12103    .text               mc_w.l(llsshr.o)
    0x080008b0   0x080008b0   0x00000000   Code   RO        12113    .text               mc_w.l(iusefp.o)
    0x080008b0   0x080008b0   0x0000006e   Code   RO        12114    .text               mf_w.l(fepilogue.o)
    0x0800091e   0x0800091e   0x000000ba   Code   RO        12116    .text               mf_w.l(depilogue.o)
    0x080009d8   0x080009d8   0x00000024   Code   RO        12118    .text               mc_w.l(init.o)
    0x080009fc   0x080009fc   0x00000056   Code   RO        12135    .text               mc_w.l(__dczerorl2.o)
    0x08000a52   0x08000a52   0x00000040   Code   RO         3744    i.Cmd_Write_BH1750  bh1750.o
    0x08000a92   0x08000a92   0x00000002   PAD
    0x08000a94   0x08000a94   0x00000070   Code   RO         3745    i.Convert_BH1750    bh1750.o
    0x08000b04   0x08000b04   0x00000018   Code   RO         3851    i.DHT11_Delay       dht11_bus.o
    0x08000b1c   0x08000b1c   0x00000034   Code   RO         3852    i.DHT11_Init        dht11_bus.o
    0x08000b50   0x08000b50   0x00000020   Code   RO         3853    i.DHT11_Mode_IPU    dht11_bus.o
    0x08000b70   0x08000b70   0x00000020   Code   RO         3854    i.DHT11_Mode_Out_PP  dht11_bus.o
    0x08000b90   0x08000b90   0x00000066   Code   RO         3855    i.DHT11_ReadByte    dht11_bus.o
    0x08000bf6   0x08000bf6   0x00000002   PAD
    0x08000bf8   0x08000bf8   0x00000110   Code   RO         3856    i.DHT11_Read_TempAndHumidity  dht11_bus.o
    0x08000d08   0x08000d08   0x0000000a   Code   RO          580    i.EXTI0_IRQHandler  stm32l4xx_it.o
    0x08000d12   0x08000d12   0x0000000a   Code   RO          581    i.EXTI1_IRQHandler  stm32l4xx_it.o
    0x08000d1c   0x08000d1c   0x0000000a   Code   RO          582    i.EXTI2_IRQHandler  stm32l4xx_it.o
    0x08000d26   0x08000d26   0x0000000a   Code   RO          583    i.EXTI3_IRQHandler  stm32l4xx_it.o
    0x08000d30   0x08000d30   0x0000052c   Code   RO         1854    i.HAL_ADC_ConfigChannel  stm32l4xx_hal_adc.o
    0x0800125c   0x0800125c   0x000001f4   Code   RO         1863    i.HAL_ADC_Init      stm32l4xx_hal_adc.o
    0x08001450   0x08001450   0x0000004c   Code   RO          537    i.HAL_ADC_MspInit   adc.o
    0x0800149c   0x0800149c   0x00000020   Code   RO         1336    i.HAL_Delay         stm32l4xx_hal.o
    0x080014bc   0x080014bc   0x0000007c   Code   RO          584    i.HAL_GPIO_EXTI_Callback  stm32l4xx_it.o
    0x08001538   0x08001538   0x0000001c   Code   RO          978    i.HAL_GPIO_EXTI_IRQHandler  stm32l4xx_hal_gpio.o
    0x08001554   0x08001554   0x000001cc   Code   RO          979    i.HAL_GPIO_Init     stm32l4xx_hal_gpio.o
    0x08001720   0x08001720   0x00000010   Code   RO          981    i.HAL_GPIO_ReadPin  stm32l4xx_hal_gpio.o
    0x08001730   0x08001730   0x0000000a   Code   RO          983    i.HAL_GPIO_WritePin  stm32l4xx_hal_gpio.o
    0x0800173a   0x0800173a   0x00000008   Code   RO          699    i.HAL_GetTick       sys_init.o
    0x08001742   0x08001742   0x0000006a   Code   RO          922    i.HAL_I2CEx_ConfigAnalogFilter  stm32l4xx_hal_i2c_ex.o
    0x080017ac   0x080017ac   0x0000006a   Code   RO          923    i.HAL_I2CEx_ConfigDigitalFilter  stm32l4xx_hal_i2c_ex.o
    0x08001816   0x08001816   0x00000002   PAD
    0x08001818   0x08001818   0x000000c4   Code   RO         2968    i.HAL_I2C_Init      stm32l4xx_hal_i2c.o
    0x080018dc   0x080018dc   0x00000058   Code   RO          495    i.HAL_I2C_MspInit   i2c.o
    0x08001934   0x08001934   0x00000016   Code   RO         1345    i.HAL_Init          stm32l4xx_hal.o
    0x0800194a   0x0800194a   0x00000002   PAD
    0x0800194c   0x0800194c   0x00000028   Code   RO         1346    i.HAL_InitTick      stm32l4xx_hal.o
    0x08001974   0x08001974   0x00000002   Code   RO         1348    i.HAL_MspInit       stm32l4xx_hal.o
    0x08001976   0x08001976   0x0000001a   Code   RO         2539    i.HAL_NVIC_EnableIRQ  stm32l4xx_hal_cortex.o
    0x08001990   0x08001990   0x00000082   Code   RO         2545    i.HAL_NVIC_SetPriority  stm32l4xx_hal_cortex.o
    0x08001a12   0x08001a12   0x00000002   PAD
    0x08001a14   0x08001a14   0x00000028   Code   RO         2546    i.HAL_NVIC_SetPriorityGrouping  stm32l4xx_hal_cortex.o
    0x08001a3c   0x08001a3c   0x0000008c   Code   RO         1662    i.HAL_PWREx_ControlVoltageScaling  stm32l4xx_hal_pwr_ex.o
    0x08001ac8   0x08001ac8   0x00000010   Code   RO         1685    i.HAL_PWREx_GetVoltageRange  stm32l4xx_hal_pwr_ex.o
    0x08001ad8   0x08001ad8   0x00000388   Code   RO         1178    i.HAL_RCCEx_PeriphCLKConfig  stm32l4xx_hal_rcc_ex.o
    0x08001e60   0x08001e60   0x000001dc   Code   RO         1561    i.HAL_RCC_ClockConfig  stm32l4xx_hal_rcc.o
    0x0800203c   0x0800203c   0x0000000c   Code   RO         1565    i.HAL_RCC_GetHCLKFreq  stm32l4xx_hal_rcc.o
    0x08002048   0x08002048   0x00000020   Code   RO         1567    i.HAL_RCC_GetPCLK1Freq  stm32l4xx_hal_rcc.o
    0x08002068   0x08002068   0x00000020   Code   RO         1568    i.HAL_RCC_GetPCLK2Freq  stm32l4xx_hal_rcc.o
    0x08002088   0x08002088   0x0000010c   Code   RO         1569    i.HAL_RCC_GetSysClockFreq  stm32l4xx_hal_rcc.o
    0x08002194   0x08002194   0x00000694   Code   RO         1572    i.HAL_RCC_OscConfig  stm32l4xx_hal_rcc.o
    0x08002828   0x08002828   0x00000076   Code   RO         3505    i.HAL_RNG_GenerateRandomNumber  stm32l4xx_hal_rng.o
    0x0800289e   0x0800289e   0x00000030   Code   RO         3511    i.HAL_RNG_Init      stm32l4xx_hal_rng.o
    0x080028ce   0x080028ce   0x00000002   Code   RO         3513    i.HAL_RNG_MspInit   stm32l4xx_hal_rng.o
    0x080028d0   0x080028d0   0x00000034   Code   RO         2550    i.HAL_SYSTICK_Config  stm32l4xx_hal_cortex.o
    0x08002904   0x08002904   0x00000078   Code   RO         2117    i.HAL_UART_Init     stm32l4xx_hal_uart.o
    0x0800297c   0x0800297c   0x0000011c   Code   RO          221    i.HAL_UART_MspInit  usart.o
    0x08002a98   0x08002a98   0x000000f0   Code   RO         2125    i.HAL_UART_Transmit  stm32l4xx_hal_uart.o
    0x08002b88   0x08002b88   0x00000002   Code   RO         2128    i.HAL_UART_TxCpltCallback  stm32l4xx_hal_uart.o
    0x08002b8a   0x08002b8a   0x00000002   PAD
    0x08002b8c   0x08002b8c   0x00000064   Code   RO          311    i.HardWare_Init     main.o
    0x08002bf0   0x08002bf0   0x00000060   Code   RO         3746    i.I2C_Ack           bh1750.o
    0x08002c50   0x08002c50   0x0000007c   Code   RO         3748    i.I2C_InitGPIO      bh1750.o
    0x08002ccc   0x08002ccc   0x0000005c   Code   RO         3749    i.I2C_NAck          bh1750.o
    0x08002d28   0x08002d28   0x00000074   Code   RO         3750    i.I2C_ReadByte      bh1750.o
    0x08002d9c   0x08002d9c   0x00000088   Code   RO         3751    i.I2C_SendByte      bh1750.o
    0x08002e24   0x08002e24   0x00000060   Code   RO         3752    i.I2C_Start         bh1750.o
    0x08002e84   0x08002e84   0x00000060   Code   RO         3753    i.I2C_Stop          bh1750.o
    0x08002ee4   0x08002ee4   0x00000074   Code   RO         3754    i.I2C_WaitAck       bh1750.o
    0x08002f58   0x08002f58   0x00000034   Code   RO         3599    i.IIC_Start         oled.o
    0x08002f8c   0x08002f8c   0x00000028   Code   RO         3600    i.IIC_Stop          oled.o
    0x08002fb4   0x08002fb4   0x00000020   Code   RO         3601    i.IIC_Wait_Ack      oled.o
    0x08002fd4   0x08002fd4   0x0000000e   Code   RO         3755    i.Init_BH1750       bh1750.o
    0x08002fe2   0x08002fe2   0x0000000a   Code   RO         1877    i.LL_ADC_GetCommonPathInternalCh  stm32l4xx_hal_adc.o
    0x08002fec   0x08002fec   0x00000012   Code   RO         1878    i.LL_ADC_GetOffsetChannel  stm32l4xx_hal_adc.o
    0x08002ffe   0x08002ffe   0x0000000a   Code   RO         1879    i.LL_ADC_IsInternalRegulatorEnabled  stm32l4xx_hal_adc.o
    0x08003008   0x08003008   0x0000000a   Code   RO         1880    i.LL_ADC_REG_IsConversionOngoing  stm32l4xx_hal_adc.o
    0x08003012   0x08003012   0x00000052   Code   RO         1883    i.LL_ADC_SetChannelSamplingTime  stm32l4xx_hal_adc.o
    0x08003064   0x08003064   0x0000000c   Code   RO         1884    i.LL_ADC_SetCommonPathInternalCh  stm32l4xx_hal_adc.o
    0x08003070   0x08003070   0x00000016   Code   RO         1885    i.LL_ADC_SetOffsetState  stm32l4xx_hal_adc.o
    0x08003086   0x08003086   0x0000001c   Code   RO         6010    i.LOS_Align         los_misc.o
    0x080030a2   0x080030a2   0x00000012   Code   RO         5489    i.LOS_BinarySemCreate  los_sem.o
    0x080030b4   0x080030b4   0x00000044   Code   RO         6040    i.LOS_ErrHandle     los_err.o
    0x080030f8   0x080030f8   0x000000c0   Code   RO         6252    i.LOS_HwiCreate     los_hwi.o
    0x080031b8   0x080031b8   0x0000011c   Code   RO         6073    i.LOS_KernelInit    los_init.o
    0x080032d4   0x080032d4   0x0000000e   Code   RO         4820    i.LOS_ListAdd       los_task.o
    0x080032e2   0x080032e2   0x0000000e   Code   RO         5268    i.LOS_ListAdd       los_mux.o
    0x080032f0   0x080032f0   0x0000000e   Code   RO         5357    i.LOS_ListAdd       los_queue.o
    0x080032fe   0x080032fe   0x0000000e   Code   RO         5490    i.LOS_ListAdd       los_sem.o
    0x0800330c   0x0800330c   0x00000014   Code   RO         4821    i.LOS_ListDelete    los_task.o
    0x08003320   0x08003320   0x00000010   Code   RO         4547    i.LOS_ListEmpty     los_priqueue.o
    0x08003330   0x08003330   0x00000010   Code   RO         4822    i.LOS_ListEmpty     los_task.o
    0x08003340   0x08003340   0x00000010   Code   RO         5269    i.LOS_ListEmpty     los_mux.o
    0x08003350   0x08003350   0x00000010   Code   RO         5358    i.LOS_ListEmpty     los_queue.o
    0x08003360   0x08003360   0x00000010   Code   RO         5491    i.LOS_ListEmpty     los_sem.o
    0x08003370   0x08003370   0x00000006   Code   RO         4823    i.LOS_ListInit      los_task.o
    0x08003376   0x08003376   0x00000006   Code   RO         5270    i.LOS_ListInit      los_mux.o
    0x0800337c   0x0800337c   0x00000006   Code   RO         5359    i.LOS_ListInit      los_queue.o
    0x08003382   0x08003382   0x00000006   Code   RO         5492    i.LOS_ListInit      los_sem.o
    0x08003388   0x08003388   0x00000010   Code   RO         4824    i.LOS_ListTailInsert  los_task.o
    0x08003398   0x08003398   0x0000002a   Code   RO         5723    i.LOS_MemAlloc      los_memory.o
    0x080033c2   0x080033c2   0x00000014   Code   RO         5724    i.LOS_MemAllocAlign  los_memory.o
    0x080033d6   0x080033d6   0x00000034   Code   RO         5726    i.LOS_MemFree       los_memory.o
    0x0800340a   0x0800340a   0x00000002   PAD
    0x0800340c   0x0800340c   0x00000112   Code   RO         5728    i.LOS_MemInit       los_memory.o
    0x0800351e   0x0800351e   0x00000002   PAD
    0x08003520   0x08003520   0x000000a4   Code   RO         5271    i.LOS_MuxCreate     los_mux.o
    0x080035c4   0x080035c4   0x000000a8   Code   RO         5272    i.LOS_MuxDelete     los_mux.o
    0x0800366c   0x0800366c   0x0000018c   Code   RO         5273    i.LOS_MuxPend       los_mux.o
    0x080037f8   0x080037f8   0x000000f0   Code   RO         5274    i.LOS_MuxPost       los_mux.o
    0x080038e8   0x080038e8   0x000000e6   Code   RO         5360    i.LOS_QueueCreate   los_queue.o
    0x080039ce   0x080039ce   0x00000002   PAD
    0x080039d0   0x080039d0   0x000000b8   Code   RO         5361    i.LOS_QueueDelete   los_queue.o
    0x08003a88   0x08003a88   0x00000036   Code   RO         5364    i.LOS_QueueReadCopy  los_queue.o
    0x08003abe   0x08003abe   0x00000036   Code   RO         5366    i.LOS_QueueWriteCopy  los_queue.o
    0x08003af4   0x08003af4   0x00000040   Code   RO         6158    i.LOS_Schedule      los_hw.o
    0x08003b34   0x08003b34   0x00000014   Code   RO         5493    i.LOS_SemCreate     los_sem.o
    0x08003b48   0x08003b48   0x000000a0   Code   RO         5494    i.LOS_SemDelete     los_sem.o
    0x08003be8   0x08003be8   0x0000017c   Code   RO         5495    i.LOS_SemPend       los_sem.o
    0x08003d64   0x08003d64   0x000000bc   Code   RO         5496    i.LOS_SemPost       los_sem.o
    0x08003e20   0x08003e20   0x00000044   Code   RO         6075    i.LOS_Start         los_init.o
    0x08003e64   0x08003e64   0x0000009c   Code   RO         4827    i.LOS_TaskCreate    los_task.o
    0x08003f00   0x08003f00   0x00000192   Code   RO         4828    i.LOS_TaskCreateOnly  los_task.o
    0x08004092   0x08004092   0x00000002   PAD
    0x08004094   0x08004094   0x0000007c   Code   RO         4829    i.LOS_TaskDelay     los_task.o
    0x08004110   0x08004110   0x00000178   Code   RO         4830    i.LOS_TaskDelete    los_task.o
    0x08004288   0x08004288   0x00000094   Code   RO         4843    i.LOS_TaskYield     los_task.o
    0x0800431c   0x0800431c   0x0000000c   Code   RO         4763    i.LOS_TickCountGet  los_sys.o
    0x08004328   0x08004328   0x00000094   Code   RO          538    i.MX_ADC1_Init      adc.o
    0x080043bc   0x080043bc   0x00000194   Code   RO          287    i.MX_GPIO_Init      gpio.o
    0x08004550   0x08004550   0x00000074   Code   RO          496    i.MX_I2C1_Init      i2c.o
    0x080045c4   0x080045c4   0x00000054   Code   RO          222    i.MX_USART1_UART_Init  usart.o
    0x08004618   0x08004618   0x00000010   Code   RO         2552    i.NVIC_GetPriorityGrouping  stm32l4xx_hal_cortex.o
    0x08004628   0x08004628   0x00000028   Code   RO         2553    i.NVIC_SetPriority  stm32l4xx_hal_cortex.o
    0x08004650   0x08004650   0x0000003e   Code   RO         3602    i.OLED_Clear        oled.o
    0x0800468e   0x0800468e   0x000000c6   Code   RO         3606    i.OLED_Init         oled.o
    0x08004754   0x08004754   0x00000028   Code   RO         3608    i.OLED_Set_Pos      oled.o
    0x0800477c   0x0800477c   0x00000068   Code   RO         3609    i.OLED_ShowCHinese  oled.o
    0x080047e4   0x080047e4   0x000000a4   Code   RO         3610    i.OLED_ShowChar     oled.o
    0x08004888   0x08004888   0x0000003a   Code   RO         3612    i.OLED_ShowString   oled.o
    0x080048c2   0x080048c2   0x00000018   Code   RO         3613    i.OLED_WR_Byte      oled.o
    0x080048da   0x080048da   0x00000002   PAD
    0x080048dc   0x080048dc   0x0000018c   Code   RO         1181    i.RCCEx_PLLSAI1_Config  stm32l4xx_hal_rcc_ex.o
    0x08004a68   0x08004a68   0x000000a0   Code   RO         1573    i.RCC_SetFlashLatencyFromMSIRange  stm32l4xx_hal_rcc.o
    0x08004b08   0x08004b08   0x0000004c   Code   RO         3756    i.Read_BH1750       bh1750.o
    0x08004b54   0x08004b54   0x00000010   Code   RO         3757    i.Start_BH1750      bh1750.o
    0x08004b64   0x08004b64   0x000000e4   Code   RO          700    i.SystemClock_Config  sys_init.o
    0x08004c48   0x08004c48   0x00000050   Code   RO           13    i.SystemInit        system_stm32l4xx.o
    0x08004c98   0x08004c98   0x000000f8   Code   RO         2130    i.UART_AdvFeatureConfig  stm32l4xx_hal_uart.o
    0x08004d90   0x08004d90   0x00000074   Code   RO         2131    i.UART_CheckIdleState  stm32l4xx_hal_uart.o
    0x08004e04   0x08004e04   0x00000030   Code   RO         2143    i.UART_EndTransmit_IT  stm32l4xx_hal_uart.o
    0x08004e34   0x08004e34   0x000003f6   Code   RO         2146    i.UART_SetConfig    stm32l4xx_hal_uart.o
    0x0800522a   0x0800522a   0x00000072   Code   RO         2147    i.UART_Transmit_IT  stm32l4xx_hal_uart.o
    0x0800529c   0x0800529c   0x0000006c   Code   RO         2148    i.UART_WaitOnFlagUntilTimeout  stm32l4xx_hal_uart.o
    0x08005308   0x08005308   0x0000000a   Code   RO          592    i.USART2_IRQHandler  stm32l4xx_it.o
    0x08005312   0x08005312   0x00000002   PAD
    0x08005314   0x08005314   0x00000064   Code   RO         3614    i.Write_IIC_Byte    oled.o
    0x08005378   0x08005378   0x0000002c   Code   RO         3615    i.Write_IIC_Command  oled.o
    0x080053a4   0x080053a4   0x0000002c   Code   RO         3616    i.Write_IIC_Data    oled.o
    0x080053d0   0x080053d0   0x00000004   Code   RO          701    i._Error_Handler    sys_init.o
    0x080053d4   0x080053d4   0x0000001c   Code   RO        11990    i.__0fprintf        mc_w.l(printfa.o)
    0x080053f0   0x080053f0   0x00000020   Code   RO        11991    i.__0printf         mc_w.l(printfa.o)
    0x08005410   0x08005410   0x00000030   Code   RO        11992    i.__0snprintf       mc_w.l(printfa.o)
    0x08005440   0x08005440   0x00000028   Code   RO        11993    i.__0sprintf        mc_w.l(printfa.o)
    0x08005468   0x08005468   0x0000002c   Code   RO        11996    i.__0vsnprintf      mc_w.l(printfa.o)
    0x08005494   0x08005494   0x00000050   Code   RO        12019    i.__free$1region    mc_w.l(malloc1.o)
    0x080054e4   0x080054e4   0x0000006c   Code   RO        12020    i.__malloc$1region  mc_w.l(malloc1.o)
    0x08005550   0x08005550   0x0000000e   Code   RO        12129    i.__scatterload_copy  mc_w.l(handlers.o)
    0x0800555e   0x0800555e   0x00000002   Code   RO        12130    i.__scatterload_null  mc_w.l(handlers.o)
    0x08005560   0x08005560   0x0000000e   Code   RO        12131    i.__scatterload_zeroinit  mc_w.l(handlers.o)
    0x0800556e   0x0800556e   0x00000002   PAD
    0x08005570   0x08005570   0x0000018a   Code   RO        11998    i._fp_digits        mc_w.l(printfa.o)
    0x080056fa   0x080056fa   0x00000002   PAD
    0x080056fc   0x080056fc   0x000006e2   Code   RO        11999    i._printf_core      mc_w.l(printfa.o)
    0x08005dde   0x08005dde   0x00000024   Code   RO        12000    i._printf_post_padding  mc_w.l(printfa.o)
    0x08005e02   0x08005e02   0x0000002e   Code   RO        12001    i._printf_pre_padding  mc_w.l(printfa.o)
    0x08005e30   0x08005e30   0x00000016   Code   RO        12002    i._snputc           mc_w.l(printfa.o)
    0x08005e46   0x08005e46   0x0000000a   Code   RO        12003    i._sputc            mc_w.l(printfa.o)
    0x08005e50   0x08005e50   0x0000006a   Code   RO        10558    i.acc_auth_operate  object_access_control.o
    0x08005eba   0x08005eba   0x00000002   PAD
    0x08005ebc   0x08005ebc   0x00000038   Code   RO        11397    i.ack_callback      agent_tiny_demo.o
    0x08005ef4   0x08005ef4   0x000000ac   Code   RO        11398    i.agent_tiny_entry  agent_tiny_demo.o
    0x08005fa0   0x08005fa0   0x00000070   Code   RO        11399    i.app_data_report   agent_tiny_demo.o
    0x08006010   0x08006010   0x00000028   Code   RO        11460    i.at_api_close      at_api_interface.o
    0x08006038   0x08006038   0x00000038   Code   RO        11461    i.at_api_connect    at_api_interface.o
    0x08006070   0x08006070   0x00000024   Code   RO        11464    i.at_api_init       at_api_interface.o
    0x08006094   0x08006094   0x0000003c   Code   RO        11466    i.at_api_recv_timeout  at_api_interface.o
    0x080060d0   0x080060d0   0x00000014   Code   RO        11467    i.at_api_register   at_api_interface.o
    0x080060e4   0x080060e4   0x00000030   Code   RO        11468    i.at_api_send       at_api_interface.o
    0x08006114   0x08006114   0x000000ac   Code   RO        11581    i.at_cmd            atadapter.o
    0x080061c0   0x080061c0   0x00000054   Code   RO        11582    i.at_get_unuse_linkid  atadapter.o
    0x08006214   0x08006214   0x000000bc   Code   RO        11583    i.at_init           atadapter.o
    0x080062d0   0x080062d0   0x0000001c   Code   RO        11584    i.at_init_oob       atadapter.o
    0x080062ec   0x080062ec   0x00000078   Code   RO        11534    i.at_irq_handler    at_hal.o
    0x08006364   0x08006364   0x00000018   Code   RO        11585    i.at_listener_list_add  atadapter.o
    0x0800637c   0x0800637c   0x0000001c   Code   RO        11586    i.at_listner_list_del  atadapter.o
    0x08006398   0x08006398   0x0000005c   Code   RO        11587    i.at_oob_register   atadapter.o
    0x080063f4   0x080063f4   0x00000138   Code   RO        11588    i.at_recv_task      atadapter.o
    0x0800652c   0x0800652c   0x00000250   Code   RO        11589    i.at_struct_init    atadapter.o
    0x0800677c   0x0800677c   0x00000048   Code   RO        11535    i.at_transmit       at_hal.o
    0x080067c4   0x080067c4   0x000000a0   Code   RO        11536    i.at_usart_config   at_hal.o
    0x08006864   0x08006864   0x000000c8   Code   RO        11590    i.at_write          atadapter.o
    0x0800692c   0x0800692c   0x00000084   Code   RO        10234    i.atiny_add_rpt_uri  atiny_rpt.o
    0x080069b0   0x080069b0   0x000000ac   Code   RO        10094    i.atiny_bind        agenttiny.o
    0x08006a5c   0x08006a5c   0x00000074   Code   RO        10095    i.atiny_check_bootstrap_init_param  agenttiny.o
    0x08006ad0   0x08006ad0   0x00000054   Code   RO        10235    i.atiny_clear_rpt_data  atiny_rpt.o
    0x08006b24   0x08006b24   0x0000001c   Code   RO        10236    i.atiny_clear_rpt_list  atiny_rpt.o
    0x08006b40   0x08006b40   0x0000002a   Code   RO        10237    i.atiny_clear_rpt_list_node_data  atiny_rpt.o
    0x08006b6a   0x08006b6a   0x00000186   Code   RO        11166    i.atiny_cmd_ioctl   agent_tiny_cmd_ioctl.o
    0x08006cf0   0x08006cf0   0x00000024   Code   RO        10096    i.atiny_connection_err_notify  agenttiny.o
    0x08006d14   0x08006d14   0x000000ac   Code   RO        10098    i.atiny_data_report  agenttiny.o
    0x08006dc0   0x08006dc0   0x00000064   Code   RO        10238    i.atiny_dequeue_rpt_data  atiny_rpt.o
    0x08006e24   0x08006e24   0x00000076   Code   RO        10100    i.atiny_destroy     agenttiny.o
    0x08006e9a   0x08006e9a   0x00000002   PAD
    0x08006e9c   0x08006e9c   0x00000028   Code   RO        10239    i.atiny_destroy_rpt  atiny_rpt.o
    0x08006ec4   0x08006ec4   0x00000028   Code   RO        11167    i.atiny_do_dev_reboot  agent_tiny_cmd_ioctl.o
    0x08006eec   0x08006eec   0x00000020   Code   RO        11168    i.atiny_do_factory_reset  agent_tiny_cmd_ioctl.o
    0x08006f0c   0x08006f0c   0x00000088   Code   RO        10101    i.atiny_event_handle  agenttiny.o
    0x08006f94   0x08006f94   0x00000028   Code   RO        11169    i.atiny_event_notify  agent_tiny_cmd_ioctl.o
    0x08006fbc   0x08006fbc   0x00000034   Code   RO        10240    i.atiny_find_rpt_list  atiny_rpt.o
    0x08006ff0   0x08006ff0   0x00000014   Code   RO         9949    i.atiny_free        atiny_adapter.o
    0x08007004   0x08007004   0x00000034   Code   RO        10241    i.atiny_free_list   atiny_rpt.o
    0x08007038   0x08007038   0x00000014   Code   RO        11170    i.atiny_get_altitude  agent_tiny_cmd_ioctl.o
    0x0800704c   0x0800704c   0x0000000a   Code   RO        11171    i.atiny_get_baterry_level  agent_tiny_cmd_ioctl.o
    0x08007056   0x08007056   0x00000002   PAD
    0x08007058   0x08007058   0x00000038   Code   RO        11172    i.atiny_get_bind_mode  agent_tiny_cmd_ioctl.o
    0x08007090   0x08007090   0x0000000c   Code   RO        11173    i.atiny_get_cell_id  agent_tiny_cmd_ioctl.o
    0x0800709c   0x0800709c   0x00000008   Code   RO        11174    i.atiny_get_dev_err  agent_tiny_cmd_ioctl.o
    0x080070a4   0x080070a4   0x00000008   Code   RO        11175    i.atiny_get_firmware_result  agent_tiny_cmd_ioctl.o
    0x080070ac   0x080070ac   0x00000008   Code   RO        11176    i.atiny_get_firmware_state  agent_tiny_cmd_ioctl.o
    0x080070b4   0x080070b4   0x00000024   Code   RO        11177    i.atiny_get_firmware_ver  agent_tiny_cmd_ioctl.o
    0x080070d8   0x080070d8   0x00000014   Code   RO        11178    i.atiny_get_latitude  agent_tiny_cmd_ioctl.o
    0x080070ec   0x080070ec   0x0000000a   Code   RO        11179    i.atiny_get_link_quality  agent_tiny_cmd_ioctl.o
    0x080070f6   0x080070f6   0x0000000a   Code   RO        11180    i.atiny_get_link_utilization  agent_tiny_cmd_ioctl.o
    0x08007100   0x08007100   0x00000014   Code   RO        11181    i.atiny_get_longitude  agent_tiny_cmd_ioctl.o
    0x08007114   0x08007114   0x0000000c   Code   RO        11182    i.atiny_get_max_voltage  agent_tiny_cmd_ioctl.o
    0x08007120   0x08007120   0x00000024   Code   RO        11183    i.atiny_get_memory_free  agent_tiny_cmd_ioctl.o
    0x08007144   0x08007144   0x0000000c   Code   RO        11184    i.atiny_get_min_voltage  agent_tiny_cmd_ioctl.o
    0x08007150   0x08007150   0x0000002c   Code   RO        11185    i.atiny_get_model_mode  agent_tiny_cmd_ioctl.o
    0x0800717c   0x0800717c   0x0000000a   Code   RO        11186    i.atiny_get_network_bearer  agent_tiny_cmd_ioctl.o
    0x08007186   0x08007186   0x0000000a   Code   RO        11187    i.atiny_get_power_current_1  agent_tiny_cmd_ioctl.o
    0x08007190   0x08007190   0x0000000c   Code   RO        11188    i.atiny_get_power_current_2  agent_tiny_cmd_ioctl.o
    0x0800719c   0x0800719c   0x0000000a   Code   RO        11189    i.atiny_get_power_source_1  agent_tiny_cmd_ioctl.o
    0x080071a6   0x080071a6   0x0000000a   Code   RO        11190    i.atiny_get_power_source_2  agent_tiny_cmd_ioctl.o
    0x080071b0   0x080071b0   0x00000014   Code   RO        11191    i.atiny_get_radius  agent_tiny_cmd_ioctl.o
    0x080071c4   0x080071c4   0x00000020   Code   RO        11192    i.atiny_get_serial_number  agent_tiny_cmd_ioctl.o
    0x080071e4   0x080071e4   0x00000128   Code   RO        10102    i.atiny_get_set_bootstrap_info  agenttiny.o
    0x0800730c   0x0800730c   0x0000000a   Code   RO        11193    i.atiny_get_signal_strength  agent_tiny_cmd_ioctl.o
    0x08007316   0x08007316   0x00000002   PAD
    0x08007318   0x08007318   0x00000014   Code   RO        11194    i.atiny_get_speed   agent_tiny_cmd_ioctl.o
    0x0800732c   0x0800732c   0x00000028   Code   RO        11195    i.atiny_get_timestamp  agent_tiny_cmd_ioctl.o
    0x08007354   0x08007354   0x00000014   Code   RO        11196    i.atiny_get_velocity  agent_tiny_cmd_ioctl.o
    0x08007368   0x08007368   0x0000001a   Code   RO         9950    i.atiny_gettime_ms  atiny_adapter.o
    0x08007382   0x08007382   0x00000014   Code   RO        10103    i.atiny_handle_reconnect  agenttiny.o
    0x08007396   0x08007396   0x00000002   PAD
    0x08007398   0x08007398   0x000000a8   Code   RO        10104    i.atiny_init        agenttiny.o
    0x08007440   0x08007440   0x0000017e   Code   RO        10105    i.atiny_init_objects  agenttiny.o
    0x080075be   0x080075be   0x00000002   PAD
    0x080075c0   0x080075c0   0x00000028   Code   RO        10242    i.atiny_init_rpt    atiny_rpt.o
    0x080075e8   0x080075e8   0x0000004a   Code   RO        10243    i.atiny_is_uri_equal  atiny_rpt.o
    0x08007632   0x08007632   0x00000014   Code   RO        10244    i.atiny_list_delete  atiny_rpt.o
    0x08007646   0x08007646   0x00000010   Code   RO        10245    i.atiny_list_empty  atiny_rpt.o
    0x08007656   0x08007656   0x00000006   Code   RO        10246    i.atiny_list_init   atiny_rpt.o
    0x0800765c   0x0800765c   0x00000014   Code   RO        10247    i.atiny_list_insert_tail  atiny_rpt.o
    0x08007670   0x08007670   0x00000014   Code   RO         9951    i.atiny_malloc      atiny_adapter.o
    0x08007684   0x08007684   0x00000030   Code   RO         9952    i.atiny_mutex_create  atiny_adapter.o
    0x080076b4   0x080076b4   0x00000020   Code   RO         9953    i.atiny_mutex_destroy  atiny_adapter.o
    0x080076d4   0x080076d4   0x00000024   Code   RO         9954    i.atiny_mutex_lock  atiny_adapter.o
    0x080076f8   0x080076f8   0x00000012   Code   RO         9955    i.atiny_mutex_unlock  atiny_adapter.o
    0x0800770a   0x0800770a   0x00000018   Code   RO        10044    i.atiny_net_close   atiny_socket.o
    0x08007722   0x08007722   0x00000002   PAD
    0x08007724   0x08007724   0x000000c0   Code   RO        10045    i.atiny_net_connect  atiny_socket.o
    0x080077e4   0x080077e4   0x00000028   Code   RO        10047    i.atiny_net_recv_timeout  atiny_socket.o
    0x0800780c   0x0800780c   0x00000064   Code   RO        10048    i.atiny_net_send    atiny_socket.o
    0x08007870   0x08007870   0x0000001e   Code   RO        10248    i.atiny_notify_stack_rpt_data_change  atiny_rpt.o
    0x0800788e   0x0800788e   0x00000002   PAD
    0x08007890   0x08007890   0x00000048   Code   RO         9956    i.atiny_printf      atiny_adapter.o
    0x080078d8   0x080078d8   0x00000088   Code   RO        10249    i.atiny_queue_rpt_data  atiny_rpt.o
    0x08007960   0x08007960   0x00000010   Code   RO         9957    i.atiny_random      atiny_adapter.o
    0x08007970   0x08007970   0x00000014   Code   RO        10106    i.atiny_reconnect   agenttiny.o
    0x08007984   0x08007984   0x00000058   Code   RO        10250    i.atiny_rm_rpt_uri  atiny_rpt.o
    0x080079dc   0x080079dc   0x0000003c   Code   RO        10251    i.atiny_set_max_rpt_cnt  atiny_rpt.o
    0x08007a18   0x08007a18   0x00000026   Code   RO         9958    i.atiny_snprintf    atiny_adapter.o
    0x08007a3e   0x08007a3e   0x00000002   PAD
    0x08007a40   0x08007a40   0x00000030   Code   RO        10252    i.atiny_step_rpt    atiny_rpt.o
    0x08007a70   0x08007a70   0x0000002c   Code   RO        11197    i.atiny_trig_firmware_update  agent_tiny_cmd_ioctl.o
    0x08007a9c   0x08007a9c   0x00000028   Code   RO        11198    i.atiny_update_psk  agent_tiny_cmd_ioctl.o
    0x08007ac4   0x08007ac4   0x00000026   Code   RO        10253    i.atiny_visit_list  atiny_rpt.o
    0x08007aea   0x08007aea   0x00000002   PAD
    0x08007aec   0x08007aec   0x0000011c   Code   RO        11199    i.atiny_write_app_write  agent_tiny_cmd_ioctl.o
    0x08007c08   0x08007c08   0x00000044   Code   RO        10975    i.clean_security_object  object_security.o
    0x08007c4c   0x08007c4c   0x0000002a   Code   RO        11022    i.clean_server_object  object_server.o
    0x08007c76   0x08007c76   0x00000002   PAD
    0x08007c78   0x08007c78   0x000000c4   Code   RO        11591    i.cloud_cmd_matching  atadapter.o
    0x08007d3c   0x08007d3c   0x00000068   Code   RO         8641    i.coap_add_multi_option  er-coap-13.o
    0x08007da4   0x08007da4   0x000000e8   Code   RO         9021    i.coap_block1_handler  block1.o
    0x08007e8c   0x08007e8c   0x00000026   Code   RO         8642    i.coap_free_header  er-coap-13.o
    0x08007eb2   0x08007eb2   0x00000036   Code   RO         8644    i.coap_get_header_block1  er-coap-13.o
    0x08007ee8   0x08007ee8   0x00000036   Code   RO         8645    i.coap_get_header_block2  er-coap-13.o
    0x08007f1e   0x08007f1e   0x00000018   Code   RO         8653    i.coap_get_header_observe  er-coap-13.o
    0x08007f36   0x08007f36   0x0000001e   Code   RO         8656    i.coap_get_header_token  er-coap-13.o
    0x08007f54   0x08007f54   0x00000052   Code   RO         8661    i.coap_get_multi_option_as_string  er-coap-13.o
    0x08007fa6   0x08007fa6   0x00000022   Code   RO         8666    i.coap_init_message  er-coap-13.o
    0x08007fc8   0x08007fc8   0x0000001c   Code   RO         8667    i.coap_log_2        er-coap-13.o
    0x08007fe4   0x08007fe4   0x00000040   Code   RO         8668    i.coap_merge_multi_option  er-coap-13.o
    0x08008024   0x08008024   0x00000018   Code   RO         8669    i.coap_option_nibble  er-coap-13.o
    0x0800803c   0x0800803c   0x0000001a   Code   RO         8670    i.coap_parse_int_option  er-coap-13.o
    0x08008056   0x08008056   0x00000002   PAD
    0x08008058   0x08008058   0x000003be   Code   RO         8671    i.coap_parse_message  er-coap-13.o
    0x08008416   0x08008416   0x00000088   Code   RO         8672    i.coap_serialize_array_option  er-coap-13.o
    0x0800849e   0x0800849e   0x0000011a   Code   RO         8673    i.coap_serialize_get_size  er-coap-13.o
    0x080085b8   0x080085b8   0x00000074   Code   RO         8674    i.coap_serialize_int_option  er-coap-13.o
    0x0800862c   0x0800862c   0x000002f4   Code   RO         8675    i.coap_serialize_message  er-coap-13.o
    0x08008920   0x08008920   0x0000003c   Code   RO         8676    i.coap_serialize_multi_option  er-coap-13.o
    0x0800895c   0x0800895c   0x0000003a   Code   RO         8678    i.coap_set_header_block1  er-coap-13.o
    0x08008996   0x08008996   0x00000042   Code   RO         8679    i.coap_set_header_block2  er-coap-13.o
    0x080089d8   0x080089d8   0x00000016   Code   RO         8680    i.coap_set_header_content_type  er-coap-13.o
    0x080089ee   0x080089ee   0x00000060   Code   RO         8684    i.coap_set_header_location_path  er-coap-13.o
    0x08008a4e   0x08008a4e   0x00000018   Code   RO         8687    i.coap_set_header_observe  er-coap-13.o
    0x08008a66   0x08008a66   0x00000038   Code   RO         8690    i.coap_set_header_token  er-coap-13.o
    0x08008a9e   0x08008a9e   0x00000060   Code   RO         8692    i.coap_set_header_uri_path  er-coap-13.o
    0x08008afe   0x08008afe   0x00000046   Code   RO         8693    i.coap_set_header_uri_path_segment  er-coap-13.o
    0x08008b44   0x08008b44   0x00000064   Code   RO         8694    i.coap_set_header_uri_query  er-coap-13.o
    0x08008ba8   0x08008ba8   0x00000068   Code   RO         8695    i.coap_set_option_header  er-coap-13.o
    0x08008c10   0x08008c10   0x00000016   Code   RO         8696    i.coap_set_payload  er-coap-13.o
    0x08008c26   0x08008c26   0x00000010   Code   RO         8697    i.coap_set_status_code  er-coap-13.o
    0x08008c36   0x08008c36   0x00000002   PAD
    0x08008c38   0x08008c38   0x00000106   Code   RO        10478    i.connection_create  connection.o
    0x08008d3e   0x08008d3e   0x00000012   Code   RO        10479    i.connection_free   connection.o
    0x08008d50   0x08008d50   0x0000004c   Code   RO        11400    i.creat_data_collection_task  agent_tiny_demo.o
    0x08008d9c   0x08008d9c   0x00000044   Code   RO          312    i.creat_main_task   main.o
    0x08008de0   0x08008de0   0x00000044   Code   RO        11401    i.creat_report_task  agent_tiny_demo.o
    0x08008e24   0x08008e24   0x00000048   Code   RO        11592    i.create_at_recv_task  atadapter.o
    0x08008e6c   0x08008e6c   0x00000154   Code   RO        11402    i.data_collection_task  agent_tiny_demo.o
    0x08008fc0   0x08008fc0   0x0000005c   Code   RO          457    i.delayus           dwt.o
    0x0800901c   0x0800901c   0x00000392   Code   RO         9183    i.discover_serialize  discover.o
    0x080093ae   0x080093ae   0x00000002   PAD
    0x080093b0   0x080093b0   0x00000634   Code   RO         9376    i.dm_handleRequest  management.o
    0x080099e4   0x080099e4   0x00000010   Code   RO         9377    i.dm_isUriOpaqueHandle  management.o
    0x080099f4   0x080099f4   0x00000010   Code   RO        10107    i.dm_isUriOpaqueHandle  agenttiny.o
    0x08009a04   0x08009a04   0x00000030   Code   RO          458    i.dwt_delay_init    dwt.o
    0x08009a34   0x08009a34   0x0000005c   Code   RO         3988    i.esp8266_choose_net_mode  esp8266.o
    0x08009a90   0x08009a90   0x00000090   Code   RO         3989    i.esp8266_close     esp8266.o
    0x08009b20   0x08009b20   0x000001ec   Code   RO         3990    i.esp8266_connect   esp8266.o
    0x08009d0c   0x08009d0c   0x000001ce   Code   RO         3991    i.esp8266_data_handler  esp8266.o
    0x08009eda   0x08009eda   0x00000006   Code   RO         3992    i.esp8266_deinit    esp8266.o
    0x08009ee0   0x08009ee0   0x00000028   Code   RO         3993    i.esp8266_echo_off  esp8266.o
    0x08009f08   0x08009f08   0x00000110   Code   RO         3994    i.esp8266_get_localip  esp8266.o
    0x0800a018   0x0800a018   0x0000009c   Code   RO         3995    i.esp8266_get_localmac  esp8266.o
    0x0800a0b4   0x0800a0b4   0x000000f0   Code   RO         3996    i.esp8266_init      esp8266.o
    0x0800a1a4   0x0800a1a4   0x00000068   Code   RO         3997    i.esp8266_joinap    esp8266.o
    0x0800a20c   0x0800a20c   0x0000008c   Code   RO         3998    i.esp8266_recv      esp8266.o
    0x0800a298   0x0800a298   0x00000008   Code   RO         3999    i.esp8266_recv_cb   esp8266.o
    0x0800a2a0   0x0800a2a0   0x00000098   Code   RO         4000    i.esp8266_recv_timeout  esp8266.o
    0x0800a338   0x0800a338   0x00000028   Code   RO         4001    i.esp8266_reset     esp8266.o
    0x0800a360   0x0800a360   0x00000084   Code   RO         4002    i.esp8266_send      esp8266.o
    0x0800a3e4   0x0800a3e4   0x00000058   Code   RO         4003    i.esp8266_set_mux_mode  esp8266.o
    0x0800a43c   0x0800a43c   0x0000001c   Code   RO          225    i.fputc             usart.o
    0x0800a458   0x0800a458   0x00000026   Code   RO        10666    i.free_binary_app_data_object  object_binary_app_data_container.o
    0x0800a47e   0x0800a47e   0x00000022   Code   RO        10667    i.free_binary_app_data_object_rpt  object_binary_app_data_container.o
    0x0800a4a0   0x0800a4a0   0x00000018   Code   RO         9022    i.free_block1_buffer  block1.o
    0x0800a4b8   0x0800a4b8   0x00000026   Code   RO         8698    i.free_multi_option  er-coap-13.o
    0x0800a4de   0x0800a4de   0x00000018   Code   RO        10755    i.free_object_conn_m  object_connectivity_moni.o
    0x0800a4f6   0x0800a4f6   0x00000028   Code   RO        10842    i.free_object_device  object_device.o
    0x0800a51e   0x0800a51e   0x00000028   Code   RO        10902    i.free_object_firmware  object_firmware.o
    0x0800a546   0x0800a546   0x00000002   PAD
    0x0800a548   0x0800a548   0x000000c8   Code   RO        10668    i.get_binary_app_data_object  object_binary_app_data_container.o
    0x0800a610   0x0800a610   0x000000f8   Code   RO        10756    i.get_object_conn_m  object_connectivity_moni.o
    0x0800a708   0x0800a708   0x00000104   Code   RO        10843    i.get_object_device  object_device.o
    0x0800a80c   0x0800a80c   0x00000084   Code   RO        10903    i.get_object_firmware  object_firmware.o
    0x0800a890   0x0800a890   0x00000014   Code   RO        10669    i.get_resource_uri  object_binary_app_data_container.o
    0x0800a8a4   0x0800a8a4   0x000000fa   Code   RO        10978    i.get_security_object  object_security.o
    0x0800a99e   0x0800a99e   0x00000002   PAD
    0x0800a9a0   0x0800a9a0   0x000000d8   Code   RO        11025    i.get_server_object  object_server.o
    0x0800aa78   0x0800aa78   0x00000010   Code   RO         3949    i.hal_rng_config    hal_rng.o
    0x0800aa88   0x0800aa88   0x00000048   Code   RO         3950    i.hal_rng_generate_buffer  hal_rng.o
    0x0800aad0   0x0800aad0   0x00000096   Code   RO         9598    i.handle_request    packet.o
    0x0800ab66   0x0800ab66   0x00000002   PAD
    0x0800ab68   0x0800ab68   0x00000038   Code   RO         9599    i.handle_reset      packet.o
    0x0800aba0   0x0800aba0   0x00000058   Code   RO        10480    i.inc_connection_stat  connection.o
    0x0800abf8   0x0800abf8   0x0000004c   Code   RO        11200    i.location_get_velocity  agent_tiny_cmd_ioctl.o
    0x0800ac44   0x0800ac44   0x000001d4   Code   RO          737    i.los_dev_uart_irqhandler  los_dev_st_uart.o
    0x0800ae18   0x0800ae18   0x00000168   Code   RO          741    i.los_receive_it    los_dev_st_uart.o
    0x0800af80   0x0800af80   0x000000e4   Code   RO         9218    i.lwm2m_bootstrap_process_reg_failed  liblwm2m.o
    0x0800b064   0x0800b064   0x00000068   Code   RO         9219    i.lwm2m_bootstrap_sequence_factory_to_server_initiated  liblwm2m.o
    0x0800b0cc   0x0800b0cc   0x00000084   Code   RO         9220    i.lwm2m_bootstrap_sequence_server_to_client_initiated  liblwm2m.o
    0x0800b150   0x0800b150   0x00000028   Code   RO         9221    i.lwm2m_bootstrap_tagAllServer  liblwm2m.o
    0x0800b178   0x0800b178   0x00000044   Code   RO        10481    i.lwm2m_buffer_recv  connection.o
    0x0800b1bc   0x0800b1bc   0x00000038   Code   RO        10482    i.lwm2m_buffer_send  connection.o
    0x0800b1f4   0x0800b1f4   0x00000068   Code   RO         9222    i.lwm2m_close       liblwm2m.o
    0x0800b25c   0x0800b25c   0x00000050   Code   RO        10483    i.lwm2m_close_connection  connection.o
    0x0800b2ac   0x0800b2ac   0x000000e6   Code   RO         9223    i.lwm2m_configure   liblwm2m.o
    0x0800b392   0x0800b392   0x0000004a   Code   RO        10484    i.lwm2m_connect_server  connection.o
    0x0800b3dc   0x0800b3dc   0x000000f4   Code   RO         9058    i.lwm2m_data_decode_bool  data.o
    0x0800b4d0   0x0800b4d0   0x000000e4   Code   RO         9059    i.lwm2m_data_decode_float  data.o
    0x0800b5b4   0x0800b5b4   0x00000100   Code   RO         9060    i.lwm2m_data_decode_int  data.o
    0x0800b6b4   0x0800b6b4   0x0000004c   Code   RO         9062    i.lwm2m_data_encode_bool  data.o
    0x0800b700   0x0800b700   0x00000040   Code   RO         9064    i.lwm2m_data_encode_instances  data.o
    0x0800b740   0x0800b740   0x00000040   Code   RO         9065    i.lwm2m_data_encode_int  data.o
    0x0800b780   0x0800b780   0x00000060   Code   RO         9068    i.lwm2m_data_encode_opaque  data.o
    0x0800b7e0   0x0800b7e0   0x00000068   Code   RO         9069    i.lwm2m_data_encode_string  data.o
    0x0800b848   0x0800b848   0x00000088   Code   RO         9070    i.lwm2m_data_free   data.o
    0x0800b8d0   0x0800b8d0   0x0000006c   Code   RO         9071    i.lwm2m_data_include  data.o
    0x0800b93c   0x0800b93c   0x00000048   Code   RO         9072    i.lwm2m_data_new    data.o
    0x0800b984   0x0800b984   0x000001f8   Code   RO         9073    i.lwm2m_data_parse  data.o
    0x0800bb7c   0x0800bb7c   0x000002ee   Code   RO         9074    i.lwm2m_data_serialize  data.o
    0x0800be6a   0x0800be6a   0x00000002   PAD
    0x0800be6c   0x0800be6c   0x0000012c   Code   RO         9710    i.lwm2m_decode_TLV  tlv.o
    0x0800bf98   0x0800bf98   0x0000003c   Code   RO         9224    i.lwm2m_deregister  liblwm2m.o
    0x0800bfd4   0x0800bfd4   0x0000000e   Code   RO        11099    i.lwm2m_free        platform_adapter.o
    0x0800bfe2   0x0800bfe2   0x00000014   Code   RO        11100    i.lwm2m_gettime     platform_adapter.o
    0x0800bff6   0x0800bff6   0x00000002   PAD
    0x0800bff8   0x0800bff8   0x000005c2   Code   RO         9600    i.lwm2m_handle_packet  packet.o
    0x0800c5ba   0x0800c5ba   0x00000002   PAD
    0x0800c5bc   0x0800c5bc   0x00000048   Code   RO         9225    i.lwm2m_init        liblwm2m.o
    0x0800c604   0x0800c604   0x00000036   Code   RO         9340    i.lwm2m_list_add    list.o
    0x0800c63a   0x0800c63a   0x0000001e   Code   RO         9341    i.lwm2m_list_find   list.o
    0x0800c658   0x0800c658   0x00000018   Code   RO         9342    i.lwm2m_list_free   list.o
    0x0800c670   0x0800c670   0x0000001a   Code   RO         9343    i.lwm2m_list_newId  list.o
    0x0800c68a   0x0800c68a   0x00000056   Code   RO         9344    i.lwm2m_list_remove  list.o
    0x0800c6e0   0x0800c6e0   0x00000012   Code   RO        11101    i.lwm2m_malloc      platform_adapter.o
    0x0800c6f2   0x0800c6f2   0x00000002   PAD
    0x0800c6f4   0x0800c6f4   0x0000002c   Code   RO         9226    i.lwm2m_notify_even  liblwm2m.o
    0x0800c720   0x0800c720   0x00000058   Code   RO        10108    i.lwm2m_poll        agenttiny.o
    0x0800c778   0x0800c778   0x00000010   Code   RO        11102    i.lwm2m_rand        platform_adapter.o
    0x0800c788   0x0800c788   0x00000068   Code   RO         9227    i.lwm2m_reconnect   liblwm2m.o
    0x0800c7f0   0x0800c7f0   0x0000000c   Code   RO        10485    i.lwm2m_register_connection_err_notify  connection.o
    0x0800c7fc   0x0800c7fc   0x0000000c   Code   RO         9228    i.lwm2m_register_event_handler  liblwm2m.o
    0x0800c808   0x0800c808   0x0000000c   Code   RO         9514    i.lwm2m_register_observe_ack_call_back  observe.o
    0x0800c814   0x0800c814   0x0000003c   Code   RO         9230    i.lwm2m_reset_register  liblwm2m.o
    0x0800c850   0x0800c850   0x00000164   Code   RO         9515    i.lwm2m_resource_value_changed  observe.o
    0x0800c9b4   0x0800c9b4   0x0000000e   Code   RO        10486    i.lwm2m_session_is_equal  connection.o
    0x0800c9c2   0x0800c9c2   0x00000002   PAD
    0x0800c9c4   0x0800c9c4   0x00000298   Code   RO         9231    i.lwm2m_step        liblwm2m.o
    0x0800cc5c   0x0800cc5c   0x00000026   Code   RO        11103    i.lwm2m_strdup      platform_adapter.o
    0x0800cc82   0x0800cc82   0x00000002   PAD
    0x0800cc84   0x0800cc84   0x0000027c   Code   RO         9819    i.lwm2m_stringToUri  uri.o
    0x0800cf00   0x0800cf00   0x00000014   Code   RO        11104    i.lwm2m_strncmp     platform_adapter.o
    0x0800cf14   0x0800cf14   0x000001b8   Code   RO         9632    i.lwm2m_update_registration  registration.o
    0x0800d0cc   0x0800d0cc   0x00000028   Code   RO          313    i.main              main.o
    0x0800d0f4   0x0800d0f4   0x0000001c   Code   RO          314    i.main_task         main.o
    0x0800d110   0x0800d110   0x000000f0   Code   RO         9601    i.message_send      packet.o
    0x0800d200   0x0800d200   0x000000e0   Code   RO         9409    i.object_checkNumeric  objects.o
    0x0800d2e0   0x0800d2e0   0x000000e0   Code   RO         9410    i.object_checkReadable  objects.o
    0x0800d3c0   0x0800d3c0   0x0000017e   Code   RO         9411    i.object_create     objects.o
    0x0800d53e   0x0800d53e   0x00000002   PAD
    0x0800d540   0x0800d540   0x00000138   Code   RO         9412    i.object_delete     objects.o
    0x0800d678   0x0800d678   0x000001be   Code   RO         9413    i.object_discover   objects.o
    0x0800d836   0x0800d836   0x00000002   PAD
    0x0800d838   0x0800d838   0x000000ac   Code   RO         9414    i.object_execute    objects.o
    0x0800d8e4   0x0800d8e4   0x00000186   Code   RO         9415    i.object_getRegisterPayload  objects.o
    0x0800da6a   0x0800da6a   0x00000002   PAD
    0x0800da6c   0x0800da6c   0x000000c2   Code   RO         9416    i.object_getRegisterPayloadBufferLength  objects.o
    0x0800db2e   0x0800db2e   0x00000002   PAD
    0x0800db30   0x0800db30   0x000003a2   Code   RO         9417    i.object_getServers  objects.o
    0x0800ded2   0x0800ded2   0x00000002   PAD
    0x0800ded4   0x0800ded4   0x0000010a   Code   RO         9419    i.object_read       objects.o
    0x0800dfde   0x0800dfde   0x00000002   PAD
    0x0800dfe0   0x0800dfe0   0x000001f6   Code   RO         9420    i.object_readData   objects.o
    0x0800e1d6   0x0800e1d6   0x00000002   PAD
    0x0800e1d8   0x0800e1d8   0x00000102   Code   RO         9421    i.object_write      objects.o
    0x0800e2da   0x0800e2da   0x00000002   PAD
    0x0800e2dc   0x0800e2dc   0x0000021e   Code   RO         9516    i.observe_app_step  observe.o
    0x0800e4fa   0x0800e4fa   0x00000002   PAD
    0x0800e4fc   0x0800e4fc   0x000000ec   Code   RO         9517    i.observe_cancel    observe.o
    0x0800e5e8   0x0800e5e8   0x000000d0   Code   RO         9518    i.observe_clear     observe.o
    0x0800e6b8   0x0800e6b8   0x00000190   Code   RO         9519    i.observe_findByUri  observe.o
    0x0800e848   0x0800e848   0x00000376   Code   RO         9520    i.observe_handleRequest  observe.o
    0x0800ebbe   0x0800ebbe   0x00000036   Code   RO        10109    i.observe_handle_ack  agenttiny.o
    0x0800ebf4   0x0800ebf4   0x000002b8   Code   RO         9521    i.observe_setParameters  observe.o
    0x0800eeac   0x0800eeac   0x00000a16   Code   RO         9522    i.observe_step      observe.o
    0x0800f8c2   0x0800f8c2   0x00000024   Code   RO         5573    i.osAlarmHeapInfo   los_heap.o
    0x0800f8e6   0x0800f8e6   0x00000024   Code   RO         5810    i.osAtomicBitsetClearBit  los_slab.o
    0x0800f90a   0x0800f90a   0x00000050   Code   RO         5812    i.osAtomicBitsetFindClearAndSet  los_slab.o
    0x0800f95a   0x0800f95a   0x0000002a   Code   RO         5813    i.osAtomicBitsetGetBit  los_slab.o
    0x0800f984   0x0800f984   0x00000006   Code   RO         5930    i.osAtomicBitsetGetNumBits  los_slab.o
    0x0800f98a   0x0800f98a   0x0000002e   Code   RO         5815    i.osAtomicBitsetInit  los_slab.o
    0x0800f9b8   0x0800f9b8   0x0000017a   Code   RO         5574    i.osHeapAlloc       los_heap.o
    0x0800fb32   0x0800fb32   0x0000005a   Code   RO         5575    i.osHeapAllocAlign  los_heap.o
    0x0800fb8c   0x0800fb8c   0x0000014e   Code   RO         5576    i.osHeapFree        los_heap.o
    0x0800fcda   0x0800fcda   0x00000044   Code   RO         5579    i.osHeapInit        los_heap.o
    0x0800fd1e   0x0800fd1e   0x0000001a   Code   RO         5580    i.osHeapPrvGetNext  los_heap.o
    0x0800fd38   0x0800fd38   0x00000064   Code   RO         5581    i.osHeapStatisticsGet  los_heap.o
    0x0800fd9c   0x0800fd9c   0x0000003c   Code   RO         6254    i.osHwiDefaultHandler  los_hwi.o
    0x0800fdd8   0x0800fdd8   0x0000004c   Code   RO         6255    i.osHwiInit         los_hwi.o
    0x0800fe24   0x0800fe24   0x00000004   Code   RO         4847    i.osIdleTask        los_task.o
    0x0800fe28   0x0800fe28   0x0000004c   Code   RO         4848    i.osIdleTaskCreate  los_task.o
    0x0800fe74   0x0800fe74   0x00000008   Code   RO         6256    i.osIntNumGet       los_hwi.o
    0x0800fe7c   0x0800fe7c   0x00000050   Code   RO         6257    i.osInterrupt       los_hwi.o
    0x0800fecc   0x0800fecc   0x0000002c   Code   RO         9961    i.osKernelGetTickCount  atiny_adapter.o
    0x0800fef8   0x0800fef8   0x00000028   Code   RO         5732    i.osMemSystemInit   los_memory.o
    0x0800ff20   0x0800ff20   0x00000064   Code   RO         5275    i.osMuxInit         los_mux.o
    0x0800ff84   0x0800ff84   0x0000004c   Code   RO         4548    i.osPriqueueDequeue  los_priqueue.o
    0x0800ffd0   0x0800ffd0   0x00000048   Code   RO         4549    i.osPriqueueEnqueue  los_priqueue.o
    0x08010018   0x08010018   0x00000048   Code   RO         4550    i.osPriqueueInit    los_priqueue.o
    0x08010060   0x08010060   0x00000028   Code   RO         4551    i.osPriqueueSize    los_priqueue.o
    0x08010088   0x08010088   0x00000028   Code   RO         4552    i.osPriqueueTop     los_priqueue.o
    0x080100b0   0x080100b0   0x0000010c   Code   RO         5369    i.osQueueBufferOperate  los_queue.o
    0x080101bc   0x080101bc   0x00000070   Code   RO         5370    i.osQueueInit       los_queue.o
    0x0801022c   0x0801022c   0x0000018e   Code   RO         5373    i.osQueueOperate    los_queue.o
    0x080103ba   0x080103ba   0x00000002   PAD
    0x080103bc   0x080103bc   0x00000040   Code   RO         5374    i.osQueueReadParameterCheck  los_queue.o
    0x080103fc   0x080103fc   0x00000040   Code   RO         5375    i.osQueueWriteParameterCheck  los_queue.o
    0x0801043c   0x0801043c   0x0000000c   Code   RO         6077    i.osRegister        los_init.o
    0x08010448   0x08010448   0x00000008   Code   RO         6160    i.osSchedule        los_hw.o
    0x08010450   0x08010450   0x000000c2   Code   RO         5497    i.osSemCreate       los_sem.o
    0x08010512   0x08010512   0x00000002   PAD
    0x08010514   0x08010514   0x00000060   Code   RO         5498    i.osSemInit         los_sem.o
    0x08010574   0x08010574   0x0000001e   Code   RO         5816    i.osSlabAllocatorAlloc  los_slab.o
    0x08010592   0x08010592   0x00000048   Code   RO         5820    i.osSlabAllocatorFree  los_slab.o
    0x080105da   0x080105da   0x0000005c   Code   RO         5827    i.osSlabAllocatorNew  los_slab.o
    0x08010636   0x08010636   0x00000012   Code   RO         5944    i.osSlabBlockHeadFill  los_slabmem.o
    0x08010648   0x08010648   0x00000008   Code   RO         5733    i.osSlabCtrlHdrGet  los_memory.o
    0x08010650   0x08010650   0x000000a0   Code   RO         5946    i.osSlabMemAlloc    los_slabmem.o
    0x080106f0   0x080106f0   0x0000007a   Code   RO         5949    i.osSlabMemFree     los_slabmem.o
    0x0801076a   0x0801076a   0x0000006c   Code   RO         5950    i.osSlabMemInit     los_slabmem.o
    0x080107d6   0x080107d6   0x00000002   PAD
    0x080107d8   0x080107d8   0x000000a4   Code   RO         4636    i.osSwTmrInit       los_swtmr.o
    0x0801087c   0x0801087c   0x0000020e   Code   RO         4637    i.osSwTmrStart      los_swtmr.o
    0x08010a8a   0x08010a8a   0x00000002   PAD
    0x08010a8c   0x08010a8c   0x00000044   Code   RO         4638    i.osSwTmrTask       los_swtmr.o
    0x08010ad0   0x08010ad0   0x00000044   Code   RO         4639    i.osSwTmrTaskCreate  los_swtmr.o
    0x08010b14   0x08010b14   0x00000080   Code   RO         4640    i.osSwTmrTimeoutHandle  los_swtmr.o
    0x08010b94   0x08010b94   0x00000030   Code   RO         4642    i.osSwtmrDelete     los_swtmr.o
    0x08010bc4   0x08010bc4   0x00000024   Code   RO         4643    i.osSwtmrScan       los_swtmr.o
    0x08010be8   0x08010be8   0x000000c0   Code   RO         4849    i.osTaskAdd2TimerList  los_task.o
    0x08010ca8   0x08010ca8   0x00000030   Code   RO         4850    i.osTaskEntry       los_task.o
    0x08010cd8   0x08010cd8   0x00000006   Code   RO         6161    i.osTaskExit        los_hw.o
    0x08010cde   0x08010cde   0x00000002   PAD
    0x08010ce0   0x08010ce0   0x00000128   Code   RO         4851    i.osTaskInit        los_task.o
    0x08010e08   0x08010e08   0x00000030   Code   RO         4852    i.osTaskMonInit     los_task.o
    0x08010e38   0x08010e38   0x00000038   Code   RO         4854    i.osTaskPriModify   los_task.o
    0x08010e70   0x08010e70   0x000000dc   Code   RO         4855    i.osTaskScan        los_task.o
    0x08010f4c   0x08010f4c   0x00000184   Code   RO         4856    i.osTaskSwitchCheck  los_task.o
    0x080110d0   0x080110d0   0x0000004c   Code   RO         4857    i.osTaskWait        los_task.o
    0x0801111c   0x0801111c   0x00000046   Code   RO         4858    i.osTaskWake        los_task.o
    0x08011162   0x08011162   0x00000002   PAD
    0x08011164   0x08011164   0x00000028   Code   RO         5120    i.osTickHandler     los_tick.o
    0x0801118c   0x0801118c   0x000000c4   Code   RO         6209    i.osTickStart       los_hw_tick.o
    0x08011250   0x08011250   0x00000048   Code   RO         4859    i.osTimerListDelete  los_task.o
    0x08011298   0x08011298   0x0000004c   Code   RO         5161    i.osTimesliceCheck  los_timeslice.o
    0x080112e4   0x080112e4   0x00000010   Code   RO         5162    i.osTimesliceInit   los_timeslice.o
    0x080112f4   0x080112f4   0x00000140   Code   RO         6162    i.osTskStackInit    los_hw.o
    0x08011434   0x08011434   0x00000002   Code   RO        10363    i.output_buffer     commandline.o
    0x08011436   0x08011436   0x00000048   Code   RO        10563    i.prv_acc_self_auth_check  object_access_control.o
    0x0801147e   0x0801147e   0x00000002   PAD
    0x08011480   0x08011480   0x00000144   Code   RO         9770    i.prv_checkFinished  transaction.o
    0x080115c4   0x080115c4   0x00000052   Code   RO        10565    i.prv_check_instance_auth  object_access_control.o
    0x08011616   0x08011616   0x000000ac   Code   RO        10844    i.prv_check_time_offset  object_device.o
    0x080116c2   0x080116c2   0x00000080   Code   RO        10670    i.prv_create        object_binary_app_data_container.o
    0x08011742   0x08011742   0x000000b6   Code   RO         9711    i.prv_createHeader  tlv.o
    0x080117f8   0x080117f8   0x00000038   Code   RO        10671    i.prv_delete        object_binary_app_data_container.o
    0x08011830   0x08011830   0x00000050   Code   RO         9232    i.prv_deleteObservedList  liblwm2m.o
    0x08011880   0x08011880   0x0000002a   Code   RO         9233    i.prv_deleteServer  liblwm2m.o
    0x080118aa   0x080118aa   0x0000001e   Code   RO         9234    i.prv_deleteServerList  liblwm2m.o
    0x080118c8   0x080118c8   0x0000002a   Code   RO         9235    i.prv_deleteTransactionList  liblwm2m.o
    0x080118f2   0x080118f2   0x00000042   Code   RO        10672    i.prv_destroy_data_buf  object_binary_app_data_container.o
    0x08011934   0x08011934   0x000000c0   Code   RO        10845    i.prv_device_discover  object_device.o
    0x080119f4   0x080119f4   0x00000088   Code   RO        10846    i.prv_device_execute  object_device.o
    0x08011a7c   0x08011a7c   0x0000008e   Code   RO        10847    i.prv_device_read   object_device.o
    0x08011b0a   0x08011b0a   0x000000e6   Code   RO        10848    i.prv_device_write  object_device.o
    0x08011bf0   0x08011bf0   0x0000006c   Code   RO        10673    i.prv_discover      object_binary_app_data_container.o
    0x08011c5c   0x08011c5c   0x00000040   Code   RO         9855    i.prv_encodeBlock   utils.o
    0x08011c9c   0x08011c9c   0x00000078   Code   RO         9712    i.prv_encodeFloat   tlv.o
    0x08011d14   0x08011d14   0x000000a4   Code   RO         9713    i.prv_encodeInt     tlv.o
    0x08011db8   0x08011db8   0x00000088   Code   RO        10674    i.prv_exec          object_binary_app_data_container.o
    0x08011e40   0x08011e40   0x00000048   Code   RO         9184    i.prv_findAttributes  discover.o
    0x08011e88   0x08011e88   0x0000003e   Code   RO         9523    i.prv_findObserved  observe.o
    0x08011ec6   0x08011ec6   0x0000007c   Code   RO         9422    i.prv_findServerInstance  objects.o
    0x08011f42   0x08011f42   0x00000012   Code   RO         9524    i.prv_findWatcher   observe.o
    0x08011f54   0x08011f54   0x00000046   Code   RO        10904    i.prv_firmware_execute  object_firmware.o
    0x08011f9a   0x08011f9a   0x000000d6   Code   RO        10905    i.prv_firmware_read  object_firmware.o
    0x08012070   0x08012070   0x0000006e   Code   RO        10906    i.prv_firmware_write  object_firmware.o
    0x080120de   0x080120de   0x00000030   Code   RO         9714    i.prv_getDataType   tlv.o
    0x0801210e   0x0801210e   0x00000024   Code   RO         9715    i.prv_getHeaderLength  tlv.o
    0x08012132   0x08012132   0x00000034   Code   RO         9716    i.prv_getHeaderType  tlv.o
    0x08012166   0x08012166   0x00000002   PAD
    0x08012168   0x08012168   0x0000014e   Code   RO         9717    i.prv_getLength     tlv.o
    0x080122b6   0x080122b6   0x000000a8   Code   RO         9423    i.prv_getMandatoryInfo  objects.o
    0x0801235e   0x0801235e   0x0000004c   Code   RO         9424    i.prv_getObjectTemplate  objects.o
    0x080123aa   0x080123aa   0x00000002   PAD
    0x080123ac   0x080123ac   0x00000184   Code   RO         9633    i.prv_getRegistrationQuery  registration.o
    0x08012530   0x08012530   0x00000076   Code   RO         9634    i.prv_getRegistrationQueryLength  registration.o
    0x080125a6   0x080125a6   0x000000a0   Code   RO         9525    i.prv_getWatcher    observe.o
    0x08012646   0x08012646   0x00000024   Code   RO        10568    i.prv_get_acc_instance  object_access_control.o
    0x0801266a   0x0801266a   0x00000020   Code   RO        10569    i.prv_get_acl_instance  object_access_control.o
    0x0801268a   0x0801268a   0x00000018   Code   RO        10570    i.prv_get_srv_cnt   object_access_control.o
    0x080126a2   0x080126a2   0x000000e0   Code   RO        10979    i.prv_get_value     object_security.o
    0x08012782   0x08012782   0x00000090   Code   RO        11026    i.prv_get_value     object_server.o
    0x08012812   0x08012812   0x00000012   Code   RO         9635    i.prv_handleDeregistrationReply  registration.o
    0x08012824   0x08012824   0x000000fc   Code   RO         9636    i.prv_handleRegistrationReply  registration.o
    0x08012920   0x08012920   0x000000ac   Code   RO         9637    i.prv_handleRegistrationUpdateReply  registration.o
    0x080129cc   0x080129cc   0x00000080   Code   RO         9425    i.prv_init_forbidden  objects.o
    0x08012a4c   0x08012a4c   0x000000c6   Code   RO        10675    i.prv_output_buffer  object_binary_app_data_container.o
    0x08012b12   0x08012b12   0x0000005a   Code   RO         9820    i.prv_parseNumber   uri.o
    0x08012b6c   0x08012b6c   0x0000003a   Code   RO        10571    i.prv_post_action_check  object_access_control.o
    0x08012ba6   0x08012ba6   0x00000064   Code   RO        10572    i.prv_pre_auth_check  object_access_control.o
    0x08012c0a   0x08012c0a   0x00000082   Code   RO        10676    i.prv_read          object_binary_app_data_container.o
    0x08012c8c   0x08012c8c   0x0000008e   Code   RO        10757    i.prv_read          object_connectivity_moni.o
    0x08012d1a   0x08012d1a   0x00000002   PAD
    0x08012d1c   0x08012d1c   0x00000320   Code   RO         9378    i.prv_readAttributes  management.o
    0x0801303c   0x0801303c   0x000000ac   Code   RO        10677    i.prv_read_data     object_binary_app_data_container.o
    0x080130e8   0x080130e8   0x0000006e   Code   RO         9236    i.prv_refreshServerList  liblwm2m.o
    0x08013156   0x08013156   0x00000002   PAD
    0x08013158   0x08013158   0x0000015a   Code   RO         9638    i.prv_register      registration.o
    0x080132b2   0x080132b2   0x00000002   PAD
    0x080132b4   0x080132b4   0x00000096   Code   RO        10980    i.prv_security_read  object_security.o
    0x0801334a   0x0801334a   0x00000002   PAD
    0x0801334c   0x0801334c   0x000002ca   Code   RO         9185    i.prv_serializeAttributes  discover.o
    0x08013616   0x08013616   0x00000002   PAD
    0x08013618   0x08013618   0x000002a6   Code   RO         9186    i.prv_serializeLinkData  discover.o
    0x080138be   0x080138be   0x00000002   PAD
    0x080138c0   0x080138c0   0x00000070   Code   RO        11027    i.prv_server_check_binding_valid  object_server.o
    0x08013930   0x08013930   0x00000052   Code   RO        11028    i.prv_server_create  object_server.o
    0x08013982   0x08013982   0x00000024   Code   RO        11029    i.prv_server_delete  object_server.o
    0x080139a6   0x080139a6   0x00000002   PAD
    0x080139a8   0x080139a8   0x000000a0   Code   RO        11030    i.prv_server_discover  object_server.o
    0x08013a48   0x08013a48   0x00000040   Code   RO        11031    i.prv_server_execute  object_server.o
    0x08013a88   0x08013a88   0x00000092   Code   RO        11032    i.prv_server_read   object_server.o
    0x08013b1a   0x08013b1a   0x00000156   Code   RO        11033    i.prv_server_write  object_server.o
    0x08013c70   0x08013c70   0x00000028   Code   RO         9075    i.prv_setBuffer     data.o
    0x08013c98   0x08013c98   0x00000040   Code   RO        11034    i.prv_set_int_value  object_server.o
    0x08013cd8   0x08013cd8   0x000001ac   Code   RO        10758    i.prv_set_value     object_connectivity_moni.o
    0x08013e84   0x08013e84   0x000002d6   Code   RO        10849    i.prv_set_value     object_device.o
    0x0801415a   0x0801415a   0x00000184   Code   RO         9076    i.prv_textSerialize  data.o
    0x080142de   0x080142de   0x0000002e   Code   RO         9526    i.prv_unlinkObserved  observe.o
    0x0801430c   0x0801430c   0x000000ce   Code   RO         9639    i.prv_updateRegistration  registration.o
    0x080143da   0x080143da   0x00000050   Code   RO        10678    i.prv_write         object_binary_app_data_container.o
    0x0801442a   0x0801442a   0x00000002   PAD
    0x0801442c   0x0801442c   0x00000088   Code   RO        11537    i.read_resp         at_hal.o
    0x080144b4   0x080144b4   0x0000001c   Code   RO        10110    i.reboot_check      agenttiny.o
    0x080144d0   0x080144d0   0x00000344   Code   RO         9640    i.registration_deregister  registration.o
    0x08014814   0x08014814   0x000003cc   Code   RO         9641    i.registration_getStatus  registration.o
    0x08014be0   0x08014be0   0x0000001c   Code   RO         9642    i.registration_reset  registration.o
    0x08014bfc   0x08014bfc   0x0000010c   Code   RO         9643    i.registration_start  registration.o
    0x08014d08   0x08014d08   0x000003f0   Code   RO         9644    i.registration_step  registration.o
    0x080150f8   0x080150f8   0x00000024   Code   RO        10679    i.set_binary_app_data_object_rpt_max_cnt  object_binary_app_data_container.o
    0x0801511c   0x0801511c   0x00000028   Code   RO        11593    i.store_resp_buf    atadapter.o
    0x08015144   0x08015144   0x0000010c   Code   RO         9718    i.tlv_parse         tlv.o
    0x08015250   0x08015250   0x000002ce   Code   RO         9719    i.tlv_serialize     tlv.o
    0x0801551e   0x0801551e   0x00000002   PAD
    0x08015520   0x08015520   0x0000004c   Code   RO         9771    i.transaction_free  transaction.o
    0x0801556c   0x0801556c   0x00000236   Code   RO         9772    i.transaction_handleResponse  transaction.o
    0x080157a2   0x080157a2   0x00000002   PAD
    0x080157a4   0x080157a4   0x000002a2   Code   RO         9773    i.transaction_new   transaction.o
    0x08015a46   0x08015a46   0x00000002   PAD
    0x08015a48   0x08015a48   0x00000040   Code   RO         9774    i.transaction_remove  transaction.o
    0x08015a88   0x08015a88   0x0000022c   Code   RO         9775    i.transaction_send  transaction.o
    0x08015cb4   0x08015cb4   0x00000078   Code   RO         9776    i.transaction_step  transaction.o
    0x08015d2c   0x08015d2c   0x00000220   Code   RO         9821    i.uri_decode        uri.o
    0x08015f4c   0x08015f4c   0x00000016   Code   RO         9822    i.uri_getNumber     uri.o
    0x08015f62   0x08015f62   0x00000002   PAD
    0x08015f64   0x08015f64   0x000001b2   Code   RO         9823    i.uri_toString      uri.o
    0x08016116   0x08016116   0x00000002   PAD
    0x08016118   0x08016118   0x000000d4   Code   RO          315    i.user_hw_init      main.o
    0x080161ec   0x080161ec   0x000000b8   Code   RO         9856    i.utils_base64Encode  utils.o
    0x080162a4   0x080162a4   0x0000001a   Code   RO         9857    i.utils_base64GetSize  utils.o
    0x080162be   0x080162be   0x00000054   Code   RO         9858    i.utils_convertMediaType  utils.o
    0x08016312   0x08016312   0x00000018   Code   RO         9859    i.utils_copyValue   utils.o
    0x0801632a   0x0801632a   0x00000020   Code   RO         9861    i.utils_findServer  utils.o
    0x0801634a   0x0801634a   0x00000002   PAD
    0x0801634c   0x0801634c   0x000001e6   Code   RO         9862    i.utils_floatToText  utils.o
    0x08016532   0x08016532   0x000000a0   Code   RO         9863    i.utils_intToText   utils.o
    0x080165d2   0x080165d2   0x00000072   Code   RO         9864    i.utils_isAltPathValid  utils.o
    0x08016644   0x08016644   0x0000002c   Code   RO         9865    i.utils_stringCopy  utils.o
    0x08016670   0x08016670   0x0000007e   Code   RO         9866    i.utils_stringToBinding  utils.o
    0x080166ee   0x080166ee   0x00000002   PAD
    0x080166f0   0x080166f0   0x00000158   Code   RO         9867    i.utils_textToFloat  utils.o
    0x08016848   0x08016848   0x000000b6   Code   RO         9868    i.utils_textToInt   utils.o
    0x080168fe   0x080168fe   0x00000002   PAD
    0x08016900   0x08016900   0x00000048   Data   RO           14    .constdata          system_stm32l4xx.o
    0x08016948   0x08016948   0x00000818   Data   RO         3619    .constdata          oled.o
    0x08017160   0x08017160   0x0000007d   Data   RO         4005    .constdata          esp8266.o
    0x080171dd   0x080171dd   0x00000014   Data   RO         6259    .constdata          los_hwi.o
    0x080171f1   0x080171f1   0x00000164   Data   RO         9077    .constdata          data.o
    0x08017355   0x08017355   0x00000013   Data   RO         9187    .constdata          discover.o
    0x08017368   0x08017368   0x00000109   Data   RO         9237    .constdata          liblwm2m.o
    0x08017471   0x08017471   0x00000011   Data   RO         9379    .constdata          management.o
    0x08017482   0x08017482   0x000000f4   Data   RO         9426    .constdata          objects.o
    0x08017576   0x08017576   0x00000096   Data   RO         9527    .constdata          observe.o
    0x0801760c   0x0801760c   0x0000003d   Data   RO         9603    .constdata          packet.o
    0x08017649   0x08017649   0x000000ac   Data   RO         9645    .constdata          registration.o
    0x080176f5   0x080176f5   0x00000029   Data   RO         9720    .constdata          tlv.o
    0x0801771e   0x0801771e   0x00000083   Data   RO         9777    .constdata          transaction.o
    0x080177a1   0x080177a1   0x0000002a   Data   RO         9824    .constdata          uri.o
    0x080177cb   0x080177cb   0x00000021   Data   RO        10049    .constdata          atiny_socket.o
    0x080177ec   0x080177ec   0x00000049   Data   RO        10112    .constdata          agenttiny.o
    0x08017835   0x08017835   0x00000001   PAD
    0x08017836   0x08017836   0x00000004   Data   RO        10487    .constdata          connection.o
    0x0801783a   0x0801783a   0x00000002   PAD
    0x0801783c   0x0801783c   0x00000016   Data   RO        10759    .constdata          object_connectivity_moni.o
    0x08017852   0x08017852   0x00000002   PAD
    0x08017854   0x08017854   0x0000003e   Data   RO        10850    .constdata          object_device.o
    0x08017892   0x08017892   0x00000002   PAD
    0x08017894   0x08017894   0x0000001a   Data   RO        10982    .constdata          object_security.o
    0x080178ae   0x080178ae   0x00000002   PAD
    0x080178b0   0x080178b0   0x00000022   Data   RO        11035    .constdata          object_server.o
    0x080178d2   0x080178d2   0x00000047   Data   RO        11595    .constdata          atadapter.o
    0x08017919   0x08017919   0x00000081   Data   RO        11695    .constdata          mc_w.l(ctype_o.o)
    0x0801799a   0x0801799a   0x00000002   PAD
    0x0801799c   0x0801799c   0x00000004   Data   RO        11696    .constdata          mc_w.l(ctype_o.o)
    0x080179a0   0x080179a0   0x0000000c   Data   RO         4006    .conststring        esp8266.o
    0x080179ac   0x080179ac   0x00000001   Data   RO         8699    .conststring        er-coap-13.o
    0x080179ad   0x080179ad   0x00000003   PAD
    0x080179b0   0x080179b0   0x000000f3   Data   RO         9238    .conststring        liblwm2m.o
    0x08017aa3   0x08017aa3   0x00000001   PAD
    0x08017aa4   0x08017aa4   0x000000cf   Data   RO         9528    .conststring        observe.o
    0x08017b73   0x08017b73   0x00000001   PAD
    0x08017b74   0x08017b74   0x00000135   Data   RO         9604    .conststring        packet.o
    0x08017ca9   0x08017ca9   0x00000003   PAD
    0x08017cac   0x08017cac   0x000000a0   Data   RO         9778    .conststring        transaction.o
    0x08017d4c   0x08017d4c   0x000001ec   Data   RO        10113    .conststring        agenttiny.o
    0x08017f38   0x08017f38   0x00000044   Data   RO        10680    .conststring        object_binary_app_data_container.o
    0x08017f7c   0x08017f7c   0x00000009   Data   RO        11404    .conststring        agent_tiny_demo.o
    0x08017f85   0x08017f85   0x00000003   PAD
    0x08017f88   0x08017f88   0x00000008   Data   RO            3    LOS_HEAP_INFO       los_startup_keil.o
    0x08017f90   0x08017f90   0x00000030   Data   RO        12127    Region$$Table       anon$$obj.o


    Execution Region VECTOR (Exec base: 0x20000000, Load base: 0x08017fc0, Size: 0x00000400, Max: 0x00000400, ABSOLUTE, COMPRESSED[0x00000018])

    Exec Addr    Load Addr    Size         Type   Attr      Idx    E Section Name        Object

    0x20000000   COMPRESSED   0x00000400   Data   RW         6261    .data.vector        los_hwi.o


    Execution Region RW_IRAM1 (Exec base: 0x20000400, Load base: 0x08017fd8, Size: 0x00001598, Max: 0x0000f800, ABSOLUTE, COMPRESSED[0x00000160])

    Exec Addr    Load Addr    Size         Type   Attr      Idx    E Section Name        Object

    0x20000400   COMPRESSED   0x00000004   Data   RW           15    .data               system_stm32l4xx.o
    0x20000404   COMPRESSED   0x00000004   Data   RW          316    .data               main.o
    0x20000408   COMPRESSED   0x00000004   Data   RW          459    .data               dwt.o
    0x2000040c   COMPRESSED   0x00000180   Data   RW         3620    .data               oled.o
    0x2000058c   COMPRESSED   0x00000008   Data   RW         3758    .data               bh1750.o
    0x20000594   COMPRESSED   0x00000050   Data   RW         4007    .data               esp8266.o
    0x200005e4   COMPRESSED   0x00000008   Data   RW         4554    .data               los_priqueue.o
    0x200005ec   COMPRESSED   0x0000001c   Data   RW         4647    .data               los_swtmr.o
    0x20000608   COMPRESSED   0x00000048   Data   RW         4862    .data               los_task.o
    0x20000650   COMPRESSED   0x00000018   Data   RW         5121    .data               los_tick.o
    0x20000668   COMPRESSED   0x00000008   Data   RW         5163    .data               los_timeslice.o
    0x20000670   COMPRESSED   0x0000000c   Data   RW         5276    .data               los_mux.o
    0x2000067c   COMPRESSED   0x0000000c   Data   RW         5376    .data               los_queue.o
    0x20000688   COMPRESSED   0x0000000c   Data   RW         5499    .data               los_sem.o
    0x20000694   COMPRESSED   0x00000010   Data   RW         5582    .data               los_heap.o
    0x200006a4   COMPRESSED   0x00000004   Data   RW         5734    .data               los_memory.o
    0x200006a8   COMPRESSED   0x00000004   Data   RW         6041    .data               los_err.o
    0x200006ac   COMPRESSED   0x00000004   Data   RW         6078    .data               los_init.o
    0x200006b0   COMPRESSED   0x00000004   Data   RW         6260    .data               los_hwi.o
    0x200006b4   COMPRESSED   0x00000008   Data   RW         8700    .data               er-coap-13.o
    0x200006bc   COMPRESSED   0x00000009   Data   RW         9239    .data               liblwm2m.o
    0x200006c5   COMPRESSED   0x00000003   PAD
    0x200006c8   COMPRESSED   0x00000004   Data   RW         9529    .data               observe.o
    0x200006cc   COMPRESSED   0x00000040   Data   RW         9869    .data               utils.o
    0x2000070c   COMPRESSED   0x0000000c   Data   RW        10254    .data               atiny_rpt.o
    0x20000718   COMPRESSED   0x00000004   Data   RW        10488    .data               connection.o
    0x2000071c   COMPRESSED   0x00000004   Data   RW        10541    .data               lwm2mclient.o
    0x20000720   COMPRESSED   0x00000008   Data   RW        11405    .data               agent_tiny_demo.o
    0x20000728   COMPRESSED   0x00000004   Data   RW        11469    .data               at_api_interface.o
    0x2000072c   COMPRESSED   0x0000000c   Data   RW        11539    .data               at_hal.o
    0x20000738   COMPRESSED   0x00000040   Data   RW        11596    .data               atadapter.o
    0x20000778   COMPRESSED   0x00000004   Data   RW        11686    .data               mc_w.l(stdout.o)
    0x2000077c   COMPRESSED   0x00000004   Data   RW        11687    .data               mc_w.l(stderr.o)
    0x20000780   COMPRESSED   0x00000004   Data   RW        12105    .data               mc_w.l(mvars.o)
    0x20000784   COMPRESSED   0x00000004   Data   RW        12106    .data               mc_w.l(mvars.o)
    0x20000788        -       0x00000168   Zero   RW          226    .bss                usart.o
    0x200008f0        -       0x0000004c   Zero   RW          497    .bss                i2c.o
    0x2000093c        -       0x00000068   Zero   RW          539    .bss                adc.o
    0x200009a4        -       0x00000250   Zero   RW          742    .bss                los_dev_st_uart.o
    0x20000bf4        -       0x0000000c   Zero   RW         3952    .bss                hal_rng.o
    0x20000c00        -       0x00000060   Zero   RW         4004    .bss                esp8266.o
    0x20000c60        -       0x00000040   Zero   RW         4646    .bss                los_swtmr.o
    0x20000ca0        -       0x00000156   Zero   RW         4860    .bss                los_task.o
    0x20000df6   COMPRESSED   0x00000002   PAD
    0x20000df8        -       0x00000400   Zero   RW         6258    .bss                los_hwi.o
    0x200011f8        -       0x00000118   Zero   RW         9602    .bss                packet.o
    0x20001310        -       0x0000008c   Zero   RW        10111    .bss                agenttiny.o
    0x2000139c        -       0x00000075   Zero   RW        11403    .bss                agent_tiny_demo.o
    0x20001411   COMPRESSED   0x00000003   PAD
    0x20001414        -       0x00000078   Zero   RW        11538    .bss                at_hal.o
    0x2000148c        -       0x00000108   Zero   RW        11594    .bss                atadapter.o
    0x20001594   COMPRESSED   0x00000004   PAD
    0x20001598        -       0x00000400   Zero   RW            2    LOS_HEAP            los_startup_keil.o


    Execution Region ARM_LIB_STACKHEAP (Exec base: 0x2000fc00, Load base: 0x08018138, Size: 0x00000400, Max: 0x00000400, ABSOLUTE)

    Exec Addr    Load Addr    Size         Type   Attr      Idx    E Section Name        Object

    0x2000fc00        -       0x00000400   Zero   RW            1    ARM_LIB_STACKHEAP.bss  anon$$obj.o


==============================================================================

Image component sizes


      Code (inc. data)   RO Data    RW Data    ZI Data      Debug   Object Name

       224         38          0          0        104       1961   adc.o
      1462        384          0          0          0      28366   agent_tiny_cmd_ioctl.o
       824        318          9          8        117       8766   agent_tiny_demo.o
      1822        192        565          0        140      16349   agenttiny.o
       260         28          0          4          0       5528   at_api_interface.o
       488        114          0         12        120       3935   at_hal.o
      2028        752         71         64        264      11721   atadapter.o
       370         40          0          0          0       8309   atiny_adapter.o
      1106         84          0         12          0      20104   atiny_rpt.o
       356        146         33          0          0       5740   atiny_socket.o
      1154         70          0          8          0       9066   bh1750.o
       256          0          0          0          0      22996   block1.o
         0          0          0          0          0        524   ccm.o
         0          0          0          0          0        928   cipher.o
         0          0          0          0          0       3244   cmsis_liteos.o
         2          0          0          0          0       2968   commandline.o
       672         52          4          4          0       9518   connection.o
      3130        882        356          0          0      22372   data.o
         0          0          0          0          0       1784   debug.o
       514         10          0          0          0       4362   dht11_bus.o
      2378        138         19          0          0       6813   discover.o
       140         28          0          4          0       1483   dwt.o
      3638        110          1          8          0      38481   er-coap-13.o
      2568       1022        137         80         96      18099   esp8266.o
       404         18          0          0          0       1211   gpio.o
        88         10          0          0         12       2290   hal_rng.o
       204         42          0          0         76       1893   i2c.o
      2158        470        508          9          0      17864   liblwm2m.o
       220          0          0          0          0       4348   list.o
       828          8          0          0        592       2792   los_dev_st_uart.o
       250         26          0          0          0        456   los_dispatch_keil.o
        68         10          0          4          0       2646   los_err.o
      1032        118          0         16          0       7894   los_heap.o
       398         20          0          0          0       3286   los_hw.o
       196         40          0          0          0      27641   los_hw_tick.o
       416         86         20       1028       1024      38103   los_hwi.o
       364        138          0          4          0       2704   los_init.o
       436         72          0          4          0       5250   los_memory.o
        28          0          0          0          0        696   los_misc.o
      1104        208          0         12          0      17024   los_mux.o
       316         38          0          8          0      14222   los_priqueue.o
      1464        118          0         12          0      13794   los_queue.o
      1092        238          0         12          0       9828   los_sem.o
       404          0          0          0          0       7310   los_slab.o
       408          0          0          0          0       4379   los_slabmem.o
        44         22          8          0       1024        344   los_startup_keil.o
      1038         90          0         28         64       7830   los_swtmr.o
        12          6          0          0          0        591   los_sys.o
      2824        374          0         72        342      28482   los_task.o
        40          6          0         24          0       1092   los_tick.o
        92         16          0          8          0       1513   los_timeslice.o
         0          0          0          4          0        335   lwm2mclient.o
       448        118          0          4          0      15577   main.o
      2404        490         17          0          0       9362   management.o
       510          0          0          0          0       8503   object_access_control.o
      1402         90         68          0          0      15156   object_binary_app_data_container.o
       842        104         22          0          0       6081   object_connectivity_moni.o
      1898        126         62          0          0      10841   object_device.o
       566         18          0          0          0       5805   object_firmware.o
       692         24         26          0          0       4898   object_security.o
      1408         96         34          0          0      11851   object_server.o
      4796        868        244          0          0      20286   objects.o
      6204       1334        357          4          0      15509   observe.o
       962         34       2072        384          0      10049   oled.o
      1920        480        370          0        280       6193   packet.o
       126          0          0          0          0       4624   platform_adapter.o
      5052       2296        172          0          0      13901   registration.o
        96          4          0          0          0       2620   stm32l4xx_hal.o
      1988         80          0          0          0      58151   stm32l4xx_hal_adc.o
       304         22          0          0          0      31399   stm32l4xx_hal_cortex.o
       514         32          0          0          0       4038   stm32l4xx_hal_gpio.o
       196          4          0          0          0       2871   stm32l4xx_hal_i2c.o
       212          0          0          0          0       2167   stm32l4xx_hal_i2c_ex.o
       156         18          0          0          0       1498   stm32l4xx_hal_pwr_ex.o
      2664         98          0          0          0       7620   stm32l4xx_hal_rcc.o
      1300         26          0          0          0       3072   stm32l4xx_hal_rcc_ex.o
       168          0          0          0          0       2804   stm32l4xx_hal_rng.o
      2010         38          0          0          0       8460   stm32l4xx_hal_uart.o
       174         64          0          0          0       3433   stm32l4xx_it.o
       240         26          0          0          0       2312   sys_init.o
        80         12         72          4          0     672789   system_stm32l4xx.o
      2222        216         41          0          0      10931   tlv.o
      2380        788        291          0          0       8769   transaction.o
      1726        298         42          0          0       5780   uri.o
       396         52          0          0        360       2748   usart.o
      1870        114          0         64          0      12847   utils.o

    ----------------------------------------------------------------------
     87384      14552       5689       1912       5648    1482180   Object Totals
         0          0         48          0       1024          0   (incl. Generated)
       138          0         20          3          9          0   (incl. Padding)

    ----------------------------------------------------------------------

      Code (inc. data)   RO Data    RW Data    ZI Data      Debug   Library Member Name

        86          0          0          0          0          0   __dczerorl2.o
         8          4        133          0          0         68   ctype_o.o
         0          0          0          0          0          0   entry.o
         0          0          0          0          0          0   entry10a.o
         0          0          0          0          0          0   entry11a.o
         8          4          0          0          0          0   entry3.o
         4          0          0          0          0          0   entry5.o
         0          0          0          0          0          0   entry7b.o
         0          0          0          0          0          0   entry8b.o
         8          4          0          0          0          0   entry9a.o
        30          0          0          0          0          0   handlers.o
        36          8          0          0          0         68   init.o
         0          0          0          0          0          0   iusefp.o
        98          0          0          0          0         84   ldiv.o
        30          0          0          0          0         68   llshl.o
        36          0          0          0          0         68   llsshr.o
        32          0          0          0          0         68   llushr.o
       188         20          0          0          0        160   malloc1.o
        26          0          0          0          0         80   memcmp.o
        66          0          0          0          0         76   memmove.o
        36          0          0          0          0        108   memseta.o
         0          0          0          8          0          0   mvars.o
      2462        110          0          0          0        920   printfa.o
         0          0          0          4          0          0   stderr.o
         0          0          0          4          0          0   stdout.o
        24          0          0          0          0         68   strcat.o
        14          0          0          0          0         68   strlen.o
        30          0          0          0          0         80   strncmp.o
        24          0          0          0          0         76   strncpy.o
        32          0          0          0          0         68   strrchr.o
        36          0          0          0          0         80   strstr.o
        44          0          0          0          0         80   uidiv.o
       104          0          0          0          0         92   uldiv.o
        48          0          0          0          0         68   cdcmple.o
        48          0          0          0          0         68   cdrcmple.o
        56          0          0          0          0         88   d2f.o
       350          0          0          0          0        148   dadd.o
       222          0          0          0          0        100   ddiv.o
       186          0          0          0          0        176   depilogue.o
        74          0          0          0          0         80   dfixl.o
        50          0          0          0          0         76   dfixui.o
        48          0          0          0          0         68   dfixul.o
        34          0          0          0          0         76   dflti.o
        40          0          0          0          0         80   dfltl.o
        26          0          0          0          0         76   dfltui.o
       234          0          0          0          0         96   dmul.o
        38          0          0          0          0         68   f2d.o
       110          0          0          0          0        168   fepilogue.o

    ----------------------------------------------------------------------
      5032        150        135         16          0       3816   Library Totals
         6          0          2          0          0          0   (incl. Padding)

    ----------------------------------------------------------------------

      Code (inc. data)   RO Data    RW Data    ZI Data      Debug   Library Name

      3462        150        133         16          0       2380   mc_w.l
      1564          0          0          0          0       1436   mf_w.l

    ----------------------------------------------------------------------
      5032        150        135         16          0       3816   Library Totals

    ----------------------------------------------------------------------

==============================================================================


      Code (inc. data)   RO Data    RW Data    ZI Data      Debug   

     92416      14702       5824       1928       5648    1427048   Grand Totals
     92416      14702       5824        376       5648    1427048   ELF Image Totals (compressed)
     92416      14702       5824        376          0          0   ROM Totals

==============================================================================

    Total RO  Size (Code + RO Data)                98240 (  95.94kB)
    Total RW  Size (RW Data + ZI Data)              7576 (   7.40kB)
    Total ROM Size (Code + RO Data + RW Data)      98616 (  96.30kB)

==============================================================================

