<!doctype html public "-//w3c//dtd html 4.0 transitional//en">
<html><head>
<title>Static Call Graph - [STM32L431RxTx\Huawei_LiteOS.axf]</title></head>
<body><HR>
<H1>Static Call Graph for image STM32L431RxTx\Huawei_LiteOS.axf</H1><HR>
<BR><P>#&#060CALLGRAPH&#062# ARM Linker, 5060528: Last Updated: Mon Jul 02 14:42:58 2018
<BR><P>
<H3>Maximum Stack Usage =       2264 bytes + Unknown(Functions without stacksize, Cycles, Untraceable Function Pointers)</H3><H3>
Call chain for Maximum Stack Depth:</H3>
main_task &rArr; agent_tiny_entry &rArr; atiny_bind &rArr; lwm2m_step &rArr; observe_step &rArr; observe_app_step &rArr; lwm2m_data_serialize &rArr; discover_serialize &rArr; prv_serializeLinkData &rArr;  prv_serializeLinkData (Cycle)
<P>
<H3>
Functions with no stack information
</H3><UL>
 <LI><a href="#[0]">Reset_Handler</a>
 <LI><a href="#[f3]">LOS_StartToRun</a>
 <LI><a href="#[b7]">LOS_IntLock</a>
 <LI><a href="#[28c]">LOS_IntUnLock</a>
 <LI><a href="#[b8]">LOS_IntRestore</a>
 <LI><a href="#[ea]">osTaskSchedule</a>
 <LI><a href="#[2]">osPendSV</a>
</UL>
</UL>
<P>
<H3>
Mutually Recursive functions
</H3> <LI><a href="#[1aa]">free_multi_option</a>&nbsp;&nbsp;&nbsp;&rArr;&nbsp;&nbsp;&nbsp;<a href="#[1aa]">free_multi_option</a><BR>
 <LI><a href="#[212]">tlv_serialize</a>&nbsp;&nbsp;&nbsp;&rArr;&nbsp;&nbsp;&nbsp;<a href="#[212]">tlv_serialize</a><BR>
 <LI><a href="#[271]">prv_getLength</a>&nbsp;&nbsp;&nbsp;&rArr;&nbsp;&nbsp;&nbsp;<a href="#[271]">prv_getLength</a><BR>
 <LI><a href="#[1c9]">prv_serializeLinkData</a>&nbsp;&nbsp;&nbsp;&rArr;&nbsp;&nbsp;&nbsp;<a href="#[1c9]">prv_serializeLinkData</a><BR>
 <LI><a href="#[1d0]">lwm2m_data_free</a>&nbsp;&nbsp;&nbsp;&rArr;&nbsp;&nbsp;&nbsp;<a href="#[1d0]">lwm2m_data_free</a><BR>
 <LI><a href="#[1e3]">lwm2m_list_free</a>&nbsp;&nbsp;&nbsp;&rArr;&nbsp;&nbsp;&nbsp;<a href="#[1e3]">lwm2m_list_free</a><BR>
 <LI><a href="#[210]">tlv_parse</a>&nbsp;&nbsp;&nbsp;&rArr;&nbsp;&nbsp;&nbsp;<a href="#[210]">tlv_parse</a><BR>
</UL>
<P>
<H3>
Function Pointers
</H3><UL>
 <LI><a href="#[44]">EXTI0_IRQHandler</a> from stm32l4xx_it.o(i.EXTI0_IRQHandler) referenced from main.o(i.user_hw_init)
 <LI><a href="#[45]">EXTI1_IRQHandler</a> from stm32l4xx_it.o(i.EXTI1_IRQHandler) referenced from main.o(i.user_hw_init)
 <LI><a href="#[46]">EXTI2_IRQHandler</a> from stm32l4xx_it.o(i.EXTI2_IRQHandler) referenced from main.o(i.user_hw_init)
 <LI><a href="#[47]">EXTI3_IRQHandler</a> from stm32l4xx_it.o(i.EXTI3_IRQHandler) referenced from main.o(i.user_hw_init)
 <LI><a href="#[0]">Reset_Handler</a> from los_startup_keil.o(RESET) referenced 2 times from los_hwi.o(.data.vector)
 <LI><a href="#[0]">Reset_Handler</a> from los_startup_keil.o(RESET) referenced from los_startup_keil.o(RESET)
 <LI><a href="#[12]">SystemInit</a> from system_stm32l4xx.o(i.SystemInit) referenced from los_startup_keil.o(RESET)
 <LI><a href="#[48]">USART2_IRQHandler</a> from stm32l4xx_it.o(i.USART2_IRQHandler) referenced from main.o(i.user_hw_init)
 <LI><a href="#[13]">__main</a> from entry.o(.ARM.Collect$$$$00000000) referenced from los_startup_keil.o(RESET)
 <LI><a href="#[18]">_snputc</a> from printfa.o(i._snputc) referenced from printfa.o(i.__0snprintf)
 <LI><a href="#[18]">_snputc</a> from printfa.o(i._snputc) referenced from printfa.o(i.__0vsnprintf)
 <LI><a href="#[19]">_sputc</a> from printfa.o(i._sputc) referenced from printfa.o(i.__0sprintf)
 <LI><a href="#[1a]">ack_callback</a> from agent_tiny_demo.o(i.ack_callback) referenced from agent_tiny_demo.o(i.app_data_report)
 <LI><a href="#[24]">app_data_report</a> from agent_tiny_demo.o(i.app_data_report) referenced from agent_tiny_demo.o(i.creat_report_task)
 <LI><a href="#[e]">at_cmd</a> from atadapter.o(i.at_cmd) referenced 2 times from atadapter.o(.data)
 <LI><a href="#[10]">at_get_unuse_linkid</a> from atadapter.o(i.at_get_unuse_linkid) referenced 2 times from atadapter.o(.data)
 <LI><a href="#[d]">at_init</a> from atadapter.o(i.at_init) referenced 2 times from atadapter.o(.data)
 <LI><a href="#[1b]">at_irq_handler</a> from at_hal.o(i.at_irq_handler) referenced from at_hal.o(i.at_usart_config)
 <LI><a href="#[11]">at_oob_register</a> from atadapter.o(i.at_oob_register) referenced 2 times from atadapter.o(.data)
 <LI><a href="#[25]">at_recv_task</a> from atadapter.o(i.at_recv_task) referenced from atadapter.o(i.create_at_recv_task)
 <LI><a href="#[f]">at_write</a> from atadapter.o(i.at_write) referenced 2 times from atadapter.o(.data)
 <LI><a href="#[20]">atiny_clear_rpt_list</a> from atiny_rpt.o(i.atiny_clear_rpt_list) referenced from atiny_rpt.o(i.atiny_destroy_rpt)
 <LI><a href="#[1f]">atiny_clear_rpt_list_node_data</a> from atiny_rpt.o(i.atiny_clear_rpt_list_node_data) referenced from atiny_rpt.o(i.atiny_clear_rpt_data)
 <LI><a href="#[1f]">atiny_clear_rpt_list_node_data</a> from atiny_rpt.o(i.atiny_clear_rpt_list_node_data) referenced from atiny_rpt.o(i.atiny_clear_rpt_list)
 <LI><a href="#[1f]">atiny_clear_rpt_list_node_data</a> from atiny_rpt.o(i.atiny_clear_rpt_list_node_data) referenced from atiny_rpt.o(i.atiny_rm_rpt_uri)
 <LI><a href="#[1e]">atiny_connection_err_notify</a> from agenttiny.o(i.atiny_connection_err_notify) referenced from agenttiny.o(i.atiny_bind)
 <LI><a href="#[1d]">atiny_event_handle</a> from agenttiny.o(i.atiny_event_handle) referenced from agenttiny.o(i.atiny_bind)
 <LI><a href="#[21]">atiny_notify_stack_rpt_data_change</a> from atiny_rpt.o(i.atiny_notify_stack_rpt_data_change) referenced from atiny_rpt.o(i.atiny_step_rpt)
 <LI><a href="#[22]">data_collection_task</a> from agent_tiny_demo.o(i.data_collection_task) referenced from agent_tiny_demo.o(i.creat_data_collection_task)
 <LI><a href="#[a]">esp8266_close</a> from esp8266.o(i.esp8266_close) referenced 2 times from esp8266.o(.data)
 <LI><a href="#[6]">esp8266_connect</a> from esp8266.o(i.esp8266_connect) referenced 2 times from esp8266.o(.data)
 <LI><a href="#[26]">esp8266_data_handler</a> from esp8266.o(i.esp8266_data_handler) referenced from esp8266.o(i.esp8266_init)
 <LI><a href="#[c]">esp8266_deinit</a> from esp8266.o(i.esp8266_deinit) referenced 2 times from esp8266.o(.data)
 <LI><a href="#[5]">esp8266_get_localip</a> from esp8266.o(i.esp8266_get_localip) referenced 2 times from esp8266.o(.data)
 <LI><a href="#[4]">esp8266_get_localmac</a> from esp8266.o(i.esp8266_get_localmac) referenced 2 times from esp8266.o(.data)
 <LI><a href="#[3]">esp8266_init</a> from esp8266.o(i.esp8266_init) referenced 2 times from esp8266.o(.data)
 <LI><a href="#[9]">esp8266_recv</a> from esp8266.o(i.esp8266_recv) referenced 2 times from esp8266.o(.data)
 <LI><a href="#[b]">esp8266_recv_cb</a> from esp8266.o(i.esp8266_recv_cb) referenced 2 times from esp8266.o(.data)
 <LI><a href="#[8]">esp8266_recv_timeout</a> from esp8266.o(i.esp8266_recv_timeout) referenced 2 times from esp8266.o(.data)
 <LI><a href="#[7]">esp8266_send</a> from esp8266.o(i.esp8266_send) referenced 2 times from esp8266.o(.data)
 <LI><a href="#[17]">fputc</a> from usart.o(i.fputc) referenced from printfa.o(i.__0fprintf)
 <LI><a href="#[17]">fputc</a> from usart.o(i.fputc) referenced from printfa.o(i.__0printf)
 <LI><a href="#[14]">main</a> from main.o(i.main) referenced from entry9a.o(.ARM.Collect$$$$0000000B)
 <LI><a href="#[23]">main_task</a> from main.o(i.main_task) referenced from main.o(i.creat_main_task)
 <LI><a href="#[1c]">observe_handle_ack</a> from agenttiny.o(i.observe_handle_ack) referenced from agenttiny.o(i.atiny_bind)
 <LI><a href="#[1]">osHwiDefaultHandler</a> from los_hwi.o(i.osHwiDefaultHandler) referenced 16 times from los_hwi.o(.data.vector)
 <LI><a href="#[1]">osHwiDefaultHandler</a> from los_hwi.o(i.osHwiDefaultHandler) referenced from los_hwi.o(i.LOS_HwiCreate)
 <LI><a href="#[1]">osHwiDefaultHandler</a> from los_hwi.o(i.osHwiDefaultHandler) referenced from los_hwi.o(i.osHwiInit)
 <LI><a href="#[16]">osIdleTask</a> from los_task.o(i.osIdleTask) referenced from los_task.o(i.LOS_TaskCreateOnly)
 <LI><a href="#[16]">osIdleTask</a> from los_task.o(i.osIdleTask) referenced from los_task.o(i.osIdleTaskCreate)
 <LI><a href="#[15]">osInterrupt</a> from los_hwi.o(i.osInterrupt) referenced from los_hwi.o(i.LOS_HwiCreate)
 <LI><a href="#[15]">osInterrupt</a> from los_hwi.o(i.osInterrupt) referenced from los_hw_tick.o(i.osTickStart)
 <LI><a href="#[2]">osPendSV</a> from los_dispatch_keil.o(.text) referenced 2 times from los_hwi.o(.data.vector)
 <LI><a href="#[3c]">osSwTmrTask</a> from los_swtmr.o(i.osSwTmrTask) referenced from los_swtmr.o(i.osSwTmrTaskCreate)
 <LI><a href="#[40]">osTaskEntry</a> from los_task.o(i.osTaskEntry) referenced from los_hw.o(i.osTskStackInit)
 <LI><a href="#[3f]">osTaskExit</a> from los_hw.o(i.osTaskExit) referenced from los_hw.o(i.osTskStackInit)
 <LI><a href="#[3d]">osTaskSwitchCheck</a> from los_task.o(i.osTaskSwitchCheck) referenced from los_task.o(i.osTaskMonInit)
 <LI><a href="#[3e]">osTickHandler</a> from los_tick.o(i.osTickHandler) referenced from los_hw_tick.o(i.osTickStart)
 <LI><a href="#[2b]">prv_create</a> from object_binary_app_data_container.o(i.prv_create) referenced from object_binary_app_data_container.o(i.get_binary_app_data_object)
 <LI><a href="#[2c]">prv_delete</a> from object_binary_app_data_container.o(i.prv_delete) referenced from object_binary_app_data_container.o(i.get_binary_app_data_object)
 <LI><a href="#[2f]">prv_device_discover</a> from object_device.o(i.prv_device_discover) referenced from object_device.o(i.get_object_device)
 <LI><a href="#[31]">prv_device_execute</a> from object_device.o(i.prv_device_execute) referenced from object_device.o(i.get_object_device)
 <LI><a href="#[2e]">prv_device_read</a> from object_device.o(i.prv_device_read) referenced from object_device.o(i.get_object_device)
 <LI><a href="#[30]">prv_device_write</a> from object_device.o(i.prv_device_write) referenced from object_device.o(i.get_object_device)
 <LI><a href="#[28]">prv_discover</a> from object_binary_app_data_container.o(i.prv_discover) referenced from object_binary_app_data_container.o(i.get_binary_app_data_object)
 <LI><a href="#[2a]">prv_exec</a> from object_binary_app_data_container.o(i.prv_exec) referenced from object_binary_app_data_container.o(i.get_binary_app_data_object)
 <LI><a href="#[34]">prv_firmware_execute</a> from object_firmware.o(i.prv_firmware_execute) referenced from object_firmware.o(i.get_object_firmware)
 <LI><a href="#[32]">prv_firmware_read</a> from object_firmware.o(i.prv_firmware_read) referenced from object_firmware.o(i.get_object_firmware)
 <LI><a href="#[33]">prv_firmware_write</a> from object_firmware.o(i.prv_firmware_write) referenced from object_firmware.o(i.get_object_firmware)
 <LI><a href="#[43]">prv_handleDeregistrationReply</a> from registration.o(i.prv_handleDeregistrationReply) referenced from registration.o(i.registration_deregister)
 <LI><a href="#[41]">prv_handleRegistrationReply</a> from registration.o(i.prv_handleRegistrationReply) referenced from registration.o(i.prv_register)
 <LI><a href="#[42]">prv_handleRegistrationUpdateReply</a> from registration.o(i.prv_handleRegistrationUpdateReply) referenced from registration.o(i.prv_updateRegistration)
 <LI><a href="#[27]">prv_read</a> from object_binary_app_data_container.o(i.prv_read) referenced from object_binary_app_data_container.o(i.get_binary_app_data_object)
 <LI><a href="#[2d]">prv_read</a> from object_connectivity_moni.o(i.prv_read) referenced from object_connectivity_moni.o(i.get_object_conn_m)
 <LI><a href="#[35]">prv_security_read</a> from object_security.o(i.prv_security_read) referenced from object_security.o(i.get_security_object)
 <LI><a href="#[39]">prv_server_create</a> from object_server.o(i.prv_server_create) referenced from object_server.o(i.get_server_object)
 <LI><a href="#[3a]">prv_server_delete</a> from object_server.o(i.prv_server_delete) referenced from object_server.o(i.get_server_object)
 <LI><a href="#[37]">prv_server_discover</a> from object_server.o(i.prv_server_discover) referenced from object_server.o(i.get_server_object)
 <LI><a href="#[3b]">prv_server_execute</a> from object_server.o(i.prv_server_execute) referenced from object_server.o(i.get_server_object)
 <LI><a href="#[36]">prv_server_read</a> from object_server.o(i.prv_server_read) referenced from object_server.o(i.get_server_object)
 <LI><a href="#[38]">prv_server_write</a> from object_server.o(i.prv_server_write) referenced from object_server.o(i.get_server_object)
 <LI><a href="#[29]">prv_write</a> from object_binary_app_data_container.o(i.prv_write) referenced from object_binary_app_data_container.o(i.get_binary_app_data_object)
</UL>
<P>
<H3>
Global Symbols
</H3>
<P><STRONG><a name="[0]"></a>Reset_Handler</STRONG> (Thumb, 0 bytes, Stack size unknown bytes, los_startup_keil.o(RESET))
<BR>[Address Reference Count : 2]<UL><LI> los_startup_keil.o(RESET)
<LI> los_hwi.o(.data.vector)
</UL>
<P><STRONG><a name="[13]"></a>__main</STRONG> (Thumb, 0 bytes, Stack size unknown bytes, entry.o(.ARM.Collect$$$$00000000))
<BR>[Address Reference Count : 1]<UL><LI> los_startup_keil.o(RESET)
</UL>
<P><STRONG><a name="[286]"></a>_main_stk</STRONG> (Thumb, 0 bytes, Stack size unknown bytes, entry3.o(.ARM.Collect$$$$00000002))

<P><STRONG><a name="[49]"></a>_main_scatterload</STRONG> (Thumb, 0 bytes, Stack size unknown bytes, entry5.o(.ARM.Collect$$$$00000004))
<BR><BR>[Calls]<UL><LI><a href="#[4a]">&gt;&gt;</a>&nbsp;&nbsp;&nbsp;__scatterload
</UL>

<P><STRONG><a name="[62]"></a>__main_after_scatterload</STRONG> (Thumb, 0 bytes, Stack size unknown bytes, entry5.o(.ARM.Collect$$$$00000004))
<BR><BR>[Called By]<UL><LI><a href="#[4a]">&gt;&gt;</a>&nbsp;&nbsp;&nbsp;__scatterload
</UL>

<P><STRONG><a name="[287]"></a>_main_clock</STRONG> (Thumb, 0 bytes, Stack size unknown bytes, entry7b.o(.ARM.Collect$$$$00000008))

<P><STRONG><a name="[288]"></a>_main_cpp_init</STRONG> (Thumb, 0 bytes, Stack size unknown bytes, entry8b.o(.ARM.Collect$$$$0000000A))

<P><STRONG><a name="[289]"></a>_main_init</STRONG> (Thumb, 0 bytes, Stack size unknown bytes, entry9a.o(.ARM.Collect$$$$0000000B))

<P><STRONG><a name="[28a]"></a>__rt_final_cpp</STRONG> (Thumb, 0 bytes, Stack size unknown bytes, entry10a.o(.ARM.Collect$$$$0000000D))

<P><STRONG><a name="[28b]"></a>__rt_final_exit</STRONG> (Thumb, 0 bytes, Stack size unknown bytes, entry11a.o(.ARM.Collect$$$$0000000F))

<P><STRONG><a name="[f3]"></a>LOS_StartToRun</STRONG> (Thumb, 0 bytes, Stack size unknown bytes, los_dispatch_keil.o(.text))
<BR><BR>[Called By]<UL><LI><a href="#[f1]">&gt;&gt;</a>&nbsp;&nbsp;&nbsp;LOS_Start
</UL>

<P><STRONG><a name="[b7]"></a>LOS_IntLock</STRONG> (Thumb, 0 bytes, Stack size unknown bytes, los_dispatch_keil.o(.text))
<BR><BR>[Called By]<UL><LI><a href="#[67]">&gt;&gt;</a>&nbsp;&nbsp;&nbsp;delayus
<LI><a href="#[f4]">&gt;&gt;</a>&nbsp;&nbsp;&nbsp;LOS_TaskCreate
<LI><a href="#[b6]">&gt;&gt;</a>&nbsp;&nbsp;&nbsp;LOS_HwiCreate
<LI><a href="#[f0]">&gt;&gt;</a>&nbsp;&nbsp;&nbsp;LOS_SemPost
<LI><a href="#[ef]">&gt;&gt;</a>&nbsp;&nbsp;&nbsp;LOS_SemPend
<LI><a href="#[69]">&gt;&gt;</a>&nbsp;&nbsp;&nbsp;LOS_TaskDelay
<LI><a href="#[fc]">&gt;&gt;</a>&nbsp;&nbsp;&nbsp;LOS_TaskYield
<LI><a href="#[ff]">&gt;&gt;</a>&nbsp;&nbsp;&nbsp;LOS_TaskDelete
<LI><a href="#[ec]">&gt;&gt;</a>&nbsp;&nbsp;&nbsp;LOS_SemDelete
<LI><a href="#[dd]">&gt;&gt;</a>&nbsp;&nbsp;&nbsp;LOS_MuxPost
<LI><a href="#[d8]">&gt;&gt;</a>&nbsp;&nbsp;&nbsp;LOS_MuxPend
<LI><a href="#[d6]">&gt;&gt;</a>&nbsp;&nbsp;&nbsp;LOS_MuxDelete
<LI><a href="#[d2]">&gt;&gt;</a>&nbsp;&nbsp;&nbsp;LOS_MuxCreate
<LI><a href="#[e2]">&gt;&gt;</a>&nbsp;&nbsp;&nbsp;LOS_QueueDelete
<LI><a href="#[df]">&gt;&gt;</a>&nbsp;&nbsp;&nbsp;LOS_QueueCreate
<LI><a href="#[b5]">&gt;&gt;</a>&nbsp;&nbsp;&nbsp;osSemCreate
<LI><a href="#[e6]">&gt;&gt;</a>&nbsp;&nbsp;&nbsp;osQueueOperate
<LI><a href="#[dc]">&gt;&gt;</a>&nbsp;&nbsp;&nbsp;LOS_Schedule
<LI><a href="#[f5]">&gt;&gt;</a>&nbsp;&nbsp;&nbsp;LOS_TaskCreateOnly
<LI><a href="#[15]">&gt;&gt;</a>&nbsp;&nbsp;&nbsp;osInterrupt
<LI><a href="#[cd]">&gt;&gt;</a>&nbsp;&nbsp;&nbsp;osSlabMemFree
<LI><a href="#[c8]">&gt;&gt;</a>&nbsp;&nbsp;&nbsp;osSlabMemAlloc
<LI><a href="#[cf]">&gt;&gt;</a>&nbsp;&nbsp;&nbsp;LOS_MemInit
<LI><a href="#[ce]">&gt;&gt;</a>&nbsp;&nbsp;&nbsp;osHeapFree
<LI><a href="#[c9]">&gt;&gt;</a>&nbsp;&nbsp;&nbsp;osHeapAlloc
<LI><a href="#[18a]">&gt;&gt;</a>&nbsp;&nbsp;&nbsp;osKernelGetTickCount
</UL>

<P><STRONG><a name="[28c]"></a>LOS_IntUnLock</STRONG> (Thumb, 0 bytes, Stack size unknown bytes, los_dispatch_keil.o(.text), UNUSED)

<P><STRONG><a name="[b8]"></a>LOS_IntRestore</STRONG> (Thumb, 0 bytes, Stack size unknown bytes, los_dispatch_keil.o(.text))
<BR><BR>[Called By]<UL><LI><a href="#[67]">&gt;&gt;</a>&nbsp;&nbsp;&nbsp;delayus
<LI><a href="#[f4]">&gt;&gt;</a>&nbsp;&nbsp;&nbsp;LOS_TaskCreate
<LI><a href="#[b6]">&gt;&gt;</a>&nbsp;&nbsp;&nbsp;LOS_HwiCreate
<LI><a href="#[f0]">&gt;&gt;</a>&nbsp;&nbsp;&nbsp;LOS_SemPost
<LI><a href="#[ef]">&gt;&gt;</a>&nbsp;&nbsp;&nbsp;LOS_SemPend
<LI><a href="#[69]">&gt;&gt;</a>&nbsp;&nbsp;&nbsp;LOS_TaskDelay
<LI><a href="#[fc]">&gt;&gt;</a>&nbsp;&nbsp;&nbsp;LOS_TaskYield
<LI><a href="#[ff]">&gt;&gt;</a>&nbsp;&nbsp;&nbsp;LOS_TaskDelete
<LI><a href="#[ec]">&gt;&gt;</a>&nbsp;&nbsp;&nbsp;LOS_SemDelete
<LI><a href="#[dd]">&gt;&gt;</a>&nbsp;&nbsp;&nbsp;LOS_MuxPost
<LI><a href="#[d8]">&gt;&gt;</a>&nbsp;&nbsp;&nbsp;LOS_MuxPend
<LI><a href="#[d6]">&gt;&gt;</a>&nbsp;&nbsp;&nbsp;LOS_MuxDelete
<LI><a href="#[d2]">&gt;&gt;</a>&nbsp;&nbsp;&nbsp;LOS_MuxCreate
<LI><a href="#[e2]">&gt;&gt;</a>&nbsp;&nbsp;&nbsp;LOS_QueueDelete
<LI><a href="#[df]">&gt;&gt;</a>&nbsp;&nbsp;&nbsp;LOS_QueueCreate
<LI><a href="#[b5]">&gt;&gt;</a>&nbsp;&nbsp;&nbsp;osSemCreate
<LI><a href="#[e6]">&gt;&gt;</a>&nbsp;&nbsp;&nbsp;osQueueOperate
<LI><a href="#[dc]">&gt;&gt;</a>&nbsp;&nbsp;&nbsp;LOS_Schedule
<LI><a href="#[f5]">&gt;&gt;</a>&nbsp;&nbsp;&nbsp;LOS_TaskCreateOnly
<LI><a href="#[15]">&gt;&gt;</a>&nbsp;&nbsp;&nbsp;osInterrupt
<LI><a href="#[cd]">&gt;&gt;</a>&nbsp;&nbsp;&nbsp;osSlabMemFree
<LI><a href="#[c8]">&gt;&gt;</a>&nbsp;&nbsp;&nbsp;osSlabMemAlloc
<LI><a href="#[cf]">&gt;&gt;</a>&nbsp;&nbsp;&nbsp;LOS_MemInit
<LI><a href="#[ce]">&gt;&gt;</a>&nbsp;&nbsp;&nbsp;osHeapFree
<LI><a href="#[c9]">&gt;&gt;</a>&nbsp;&nbsp;&nbsp;osHeapAlloc
<LI><a href="#[18a]">&gt;&gt;</a>&nbsp;&nbsp;&nbsp;osKernelGetTickCount
</UL>

<P><STRONG><a name="[ea]"></a>osTaskSchedule</STRONG> (Thumb, 0 bytes, Stack size unknown bytes, los_dispatch_keil.o(.text))
<BR><BR>[Called By]<UL><LI><a href="#[f7]">&gt;&gt;</a>&nbsp;&nbsp;&nbsp;osSchedule
<LI><a href="#[dc]">&gt;&gt;</a>&nbsp;&nbsp;&nbsp;LOS_Schedule
</UL>

<P><STRONG><a name="[2]"></a>osPendSV</STRONG> (Thumb, 0 bytes, Stack size unknown bytes, los_dispatch_keil.o(.text))
<BR>[Address Reference Count : 1]<UL><LI> los_hwi.o(.data.vector)
</UL>
<P><STRONG><a name="[4b]"></a>__aeabi_uldivmod</STRONG> (Thumb, 98 bytes, Stack size 40 bytes, uldiv.o(.text))
<BR><BR>[Stack]<UL><LI>Max Depth = 40<LI>Call Chain = __aeabi_uldivmod
</UL>
<BR>[Calls]<UL><LI><a href="#[4c]">&gt;&gt;</a>&nbsp;&nbsp;&nbsp;__aeabi_llsr
<LI><a href="#[4d]">&gt;&gt;</a>&nbsp;&nbsp;&nbsp;__aeabi_llsl
</UL>
<BR>[Called By]<UL><LI><a href="#[9e]">&gt;&gt;</a>&nbsp;&nbsp;&nbsp;UART_SetConfig
<LI><a href="#[1f2]">&gt;&gt;</a>&nbsp;&nbsp;&nbsp;lwm2m_gettime
<LI><a href="#[115]">&gt;&gt;</a>&nbsp;&nbsp;&nbsp;_printf_core
<LI><a href="#[11a]">&gt;&gt;</a>&nbsp;&nbsp;&nbsp;_fp_digits
<LI><a href="#[4e]">&gt;&gt;</a>&nbsp;&nbsp;&nbsp;__aeabi_ldivmod
<LI><a href="#[16f]">&gt;&gt;</a>&nbsp;&nbsp;&nbsp;atiny_get_timestamp
</UL>

<P><STRONG><a name="[4e]"></a>__aeabi_ldivmod</STRONG> (Thumb, 98 bytes, Stack size 24 bytes, ldiv.o(.text))
<BR><BR>[Stack]<UL><LI>Max Depth = 64<LI>Call Chain = __aeabi_ldivmod &rArr; __aeabi_uldivmod
</UL>
<BR>[Calls]<UL><LI><a href="#[4b]">&gt;&gt;</a>&nbsp;&nbsp;&nbsp;__aeabi_uldivmod
</UL>
<BR>[Called By]<UL><LI><a href="#[1c6]">&gt;&gt;</a>&nbsp;&nbsp;&nbsp;utils_intToText
</UL>

<P><STRONG><a name="[4d]"></a>__aeabi_llsl</STRONG> (Thumb, 30 bytes, Stack size 0 bytes, llshl.o(.text))
<BR><BR>[Called By]<UL><LI><a href="#[5f]">&gt;&gt;</a>&nbsp;&nbsp;&nbsp;__aeabi_d2ulz
<LI><a href="#[52]">&gt;&gt;</a>&nbsp;&nbsp;&nbsp;__aeabi_dadd
<LI><a href="#[5e]">&gt;&gt;</a>&nbsp;&nbsp;&nbsp;__aeabi_d2lz
<LI><a href="#[54]">&gt;&gt;</a>&nbsp;&nbsp;&nbsp;_double_epilogue
<LI><a href="#[4b]">&gt;&gt;</a>&nbsp;&nbsp;&nbsp;__aeabi_uldivmod
</UL>

<P><STRONG><a name="[28d]"></a>_ll_shift_l</STRONG> (Thumb, 0 bytes, Stack size 0 bytes, llshl.o(.text), UNUSED)

<P><STRONG><a name="[228]"></a>__rt_ctype_table</STRONG> (Thumb, 4 bytes, Stack size 0 bytes, ctype_o.o(.text))
<BR><BR>[Called By]<UL><LI><a href="#[172]">&gt;&gt;</a>&nbsp;&nbsp;&nbsp;lwm2m_stringToUri
<LI><a href="#[270]">&gt;&gt;</a>&nbsp;&nbsp;&nbsp;prv_output_buffer
</UL>

<P><STRONG><a name="[28e]"></a>____aeabi_memcpy8$ret$move</STRONG> (Thumb, 0 bytes, Stack size 8 bytes, memmove.o(.text), UNUSED)

<P><STRONG><a name="[28f]"></a>___aeabi_memmove4$ret</STRONG> (Thumb, 0 bytes, Stack size 8 bytes, memmove.o(.text), UNUSED)

<P><STRONG><a name="[290]"></a>___aeabi_memmove8$ret</STRONG> (Thumb, 0 bytes, Stack size 8 bytes, memmove.o(.text), UNUSED)

<P><STRONG><a name="[132]"></a>__aeabi_memcpy</STRONG> (Thumb, 66 bytes, Stack size 8 bytes, memmove.o(.text))
<BR><BR>[Stack]<UL><LI>Max Depth = 8<LI>Call Chain = __aeabi_memcpy
</UL>
<BR>[Called By]<UL><LI><a href="#[1a0]">&gt;&gt;</a>&nbsp;&nbsp;&nbsp;hal_rng_generate_buffer
<LI><a href="#[8]">&gt;&gt;</a>&nbsp;&nbsp;&nbsp;esp8266_recv_timeout
<LI><a href="#[9]">&gt;&gt;</a>&nbsp;&nbsp;&nbsp;esp8266_recv
<LI><a href="#[4]">&gt;&gt;</a>&nbsp;&nbsp;&nbsp;esp8266_get_localmac
<LI><a href="#[5]">&gt;&gt;</a>&nbsp;&nbsp;&nbsp;esp8266_get_localip
<LI><a href="#[26]">&gt;&gt;</a>&nbsp;&nbsp;&nbsp;esp8266_data_handler
<LI><a href="#[24b]">&gt;&gt;</a>&nbsp;&nbsp;&nbsp;osQueueBufferOperate
<LI><a href="#[3d]">&gt;&gt;</a>&nbsp;&nbsp;&nbsp;osTaskSwitchCheck
<LI><a href="#[234]">&gt;&gt;</a>&nbsp;&nbsp;&nbsp;object_getRegisterPayload
<LI><a href="#[1ce]">&gt;&gt;</a>&nbsp;&nbsp;&nbsp;observe_handleRequest
<LI><a href="#[1c9]">&gt;&gt;</a>&nbsp;&nbsp;&nbsp;prv_serializeLinkData
<LI><a href="#[212]">&gt;&gt;</a>&nbsp;&nbsp;&nbsp;tlv_serialize
<LI><a href="#[1c4]">&gt;&gt;</a>&nbsp;&nbsp;&nbsp;discover_serialize
<LI><a href="#[1cf]">&gt;&gt;</a>&nbsp;&nbsp;&nbsp;lwm2m_data_serialize
<LI><a href="#[211]">&gt;&gt;</a>&nbsp;&nbsp;&nbsp;prv_textSerialize
<LI><a href="#[20e]">&gt;&gt;</a>&nbsp;&nbsp;&nbsp;prv_setBuffer
<LI><a href="#[1a8]">&gt;&gt;</a>&nbsp;&nbsp;&nbsp;coap_block1_handler
<LI><a href="#[1b8]">&gt;&gt;</a>&nbsp;&nbsp;&nbsp;coap_set_header_token
<LI><a href="#[1af]">&gt;&gt;</a>&nbsp;&nbsp;&nbsp;coap_parse_message
<LI><a href="#[1a7]">&gt;&gt;</a>&nbsp;&nbsp;&nbsp;coap_add_multi_option
<LI><a href="#[1b5]">&gt;&gt;</a>&nbsp;&nbsp;&nbsp;coap_serialize_multi_option
<LI><a href="#[1b1]">&gt;&gt;</a>&nbsp;&nbsp;&nbsp;coap_serialize_array_option
<LI><a href="#[190]">&gt;&gt;</a>&nbsp;&nbsp;&nbsp;get_server_object
<LI><a href="#[18f]">&gt;&gt;</a>&nbsp;&nbsp;&nbsp;get_security_object
<LI><a href="#[129]">&gt;&gt;</a>&nbsp;&nbsp;&nbsp;atiny_data_report
<LI><a href="#[270]">&gt;&gt;</a>&nbsp;&nbsp;&nbsp;prv_output_buffer
<LI><a href="#[11]">&gt;&gt;</a>&nbsp;&nbsp;&nbsp;at_oob_register
<LI><a href="#[134]">&gt;&gt;</a>&nbsp;&nbsp;&nbsp;read_resp
<LI><a href="#[168]">&gt;&gt;</a>&nbsp;&nbsp;&nbsp;atiny_write_app_write
</UL>

<P><STRONG><a name="[173]"></a>__aeabi_memcpy4</STRONG> (Thumb, 0 bytes, Stack size 8 bytes, memmove.o(.text))
<BR><BR>[Stack]<UL><LI>Max Depth = 8<LI>Call Chain = __aeabi_memcpy4
</UL>
<BR>[Called By]<UL><LI><a href="#[1da]">&gt;&gt;</a>&nbsp;&nbsp;&nbsp;observe_setParameters
<LI><a href="#[210]">&gt;&gt;</a>&nbsp;&nbsp;&nbsp;tlv_parse
<LI><a href="#[174]">&gt;&gt;</a>&nbsp;&nbsp;&nbsp;atiny_queue_rpt_data
<LI><a href="#[125]">&gt;&gt;</a>&nbsp;&nbsp;&nbsp;atiny_init
<LI><a href="#[129]">&gt;&gt;</a>&nbsp;&nbsp;&nbsp;atiny_data_report
<LI><a href="#[37]">&gt;&gt;</a>&nbsp;&nbsp;&nbsp;prv_server_discover
<LI><a href="#[35]">&gt;&gt;</a>&nbsp;&nbsp;&nbsp;prv_security_read
<LI><a href="#[2e]">&gt;&gt;</a>&nbsp;&nbsp;&nbsp;prv_device_read
<LI><a href="#[2f]">&gt;&gt;</a>&nbsp;&nbsp;&nbsp;prv_device_discover
<LI><a href="#[2d]">&gt;&gt;</a>&nbsp;&nbsp;&nbsp;prv_read
<LI><a href="#[175]">&gt;&gt;</a>&nbsp;&nbsp;&nbsp;atiny_dequeue_rpt_data
<LI><a href="#[189]">&gt;&gt;</a>&nbsp;&nbsp;&nbsp;location_get_velocity
</UL>

<P><STRONG><a name="[1ac]"></a>__aeabi_memmove</STRONG> (Thumb, 0 bytes, Stack size 8 bytes, memmove.o(.text))
<BR><BR>[Stack]<UL><LI>Max Depth = 8<LI>Call Chain = __aeabi_memmove
</UL>
<BR>[Called By]<UL><LI><a href="#[1c6]">&gt;&gt;</a>&nbsp;&nbsp;&nbsp;utils_intToText
<LI><a href="#[1b4]">&gt;&gt;</a>&nbsp;&nbsp;&nbsp;coap_serialize_message
<LI><a href="#[1ab]">&gt;&gt;</a>&nbsp;&nbsp;&nbsp;coap_get_multi_option_as_string
<LI><a href="#[1ae]">&gt;&gt;</a>&nbsp;&nbsp;&nbsp;coap_merge_multi_option
</UL>

<P><STRONG><a name="[227]"></a>memcpy</STRONG> (Thumb, 0 bytes, Stack size 8 bytes, memmove.o(.text))
<BR><BR>[Stack]<UL><LI>Max Depth = 8<LI>Call Chain = memcpy
</UL>
<BR>[Called By]<UL><LI><a href="#[1e7]">&gt;&gt;</a>&nbsp;&nbsp;&nbsp;lwm2m_strdup
</UL>

<P><STRONG><a name="[291]"></a>memmove</STRONG> (Thumb, 0 bytes, Stack size 8 bytes, memmove.o(.text), UNUSED)

<P><STRONG><a name="[50]"></a>__aeabi_memset</STRONG> (Thumb, 14 bytes, Stack size 0 bytes, memseta.o(.text))
<BR><BR>[Called By]<UL><LI><a href="#[fb]">&gt;&gt;</a>&nbsp;&nbsp;&nbsp;osTskStackInit
<LI><a href="#[51]">&gt;&gt;</a>&nbsp;&nbsp;&nbsp;_memset$wrapper
<LI><a href="#[4f]">&gt;&gt;</a>&nbsp;&nbsp;&nbsp;__aeabi_memclr
</UL>

<P><STRONG><a name="[292]"></a>__aeabi_memset4</STRONG> (Thumb, 0 bytes, Stack size 0 bytes, memseta.o(.text), UNUSED)

<P><STRONG><a name="[293]"></a>__aeabi_memset8</STRONG> (Thumb, 0 bytes, Stack size 0 bytes, memseta.o(.text), UNUSED)

<P><STRONG><a name="[4f]"></a>__aeabi_memclr</STRONG> (Thumb, 4 bytes, Stack size 0 bytes, memseta.o(.text))
<BR><BR>[Calls]<UL><LI><a href="#[50]">&gt;&gt;</a>&nbsp;&nbsp;&nbsp;__aeabi_memset
</UL>
<BR>[Called By]<UL><LI><a href="#[be]">&gt;&gt;</a>&nbsp;&nbsp;&nbsp;osTaskMonInit
<LI><a href="#[d0]">&gt;&gt;</a>&nbsp;&nbsp;&nbsp;osHeapInit
<LI><a href="#[23a]">&gt;&gt;</a>&nbsp;&nbsp;&nbsp;prv_init_forbidden
<LI><a href="#[191]">&gt;&gt;</a>&nbsp;&nbsp;&nbsp;get_object_device
<LI><a href="#[25]">&gt;&gt;</a>&nbsp;&nbsp;&nbsp;at_recv_task
</UL>

<P><STRONG><a name="[131]"></a>__aeabi_memclr4</STRONG> (Thumb, 0 bytes, Stack size 0 bytes, memseta.o(.text))
<BR><BR>[Called By]<UL><LI><a href="#[256]">&gt;&gt;</a>&nbsp;&nbsp;&nbsp;osSwTmrTaskCreate
<LI><a href="#[c2]">&gt;&gt;</a>&nbsp;&nbsp;&nbsp;osSwTmrInit
<LI><a href="#[1e1]">&gt;&gt;</a>&nbsp;&nbsp;&nbsp;esp8266_set_mux_mode
<LI><a href="#[7]">&gt;&gt;</a>&nbsp;&nbsp;&nbsp;esp8266_send
<LI><a href="#[1e0]">&gt;&gt;</a>&nbsp;&nbsp;&nbsp;esp8266_joinap
<LI><a href="#[4]">&gt;&gt;</a>&nbsp;&nbsp;&nbsp;esp8266_get_localmac
<LI><a href="#[5]">&gt;&gt;</a>&nbsp;&nbsp;&nbsp;esp8266_get_localip
<LI><a href="#[6]">&gt;&gt;</a>&nbsp;&nbsp;&nbsp;esp8266_connect
<LI><a href="#[a]">&gt;&gt;</a>&nbsp;&nbsp;&nbsp;esp8266_close
<LI><a href="#[1dc]">&gt;&gt;</a>&nbsp;&nbsp;&nbsp;esp8266_choose_net_mode
<LI><a href="#[c1]">&gt;&gt;</a>&nbsp;&nbsp;&nbsp;osQueueInit
<LI><a href="#[bd]">&gt;&gt;</a>&nbsp;&nbsp;&nbsp;osTaskInit
<LI><a href="#[c4]">&gt;&gt;</a>&nbsp;&nbsp;&nbsp;osIdleTaskCreate
<LI><a href="#[247]">&gt;&gt;</a>&nbsp;&nbsp;&nbsp;osAtomicBitsetInit
<LI><a href="#[245]">&gt;&gt;</a>&nbsp;&nbsp;&nbsp;osAlarmHeapInfo
<LI><a href="#[1d9]">&gt;&gt;</a>&nbsp;&nbsp;&nbsp;prv_readAttributes
<LI><a href="#[22b]">&gt;&gt;</a>&nbsp;&nbsp;&nbsp;object_getServers
<LI><a href="#[18e]">&gt;&gt;</a>&nbsp;&nbsp;&nbsp;lwm2m_init
<LI><a href="#[1c4]">&gt;&gt;</a>&nbsp;&nbsp;&nbsp;discover_serialize
<LI><a href="#[1f7]">&gt;&gt;</a>&nbsp;&nbsp;&nbsp;lwm2m_data_new
<LI><a href="#[1af]">&gt;&gt;</a>&nbsp;&nbsp;&nbsp;coap_parse_message
<LI><a href="#[1ad]">&gt;&gt;</a>&nbsp;&nbsp;&nbsp;coap_init_message
<LI><a href="#[14c]">&gt;&gt;</a>&nbsp;&nbsp;&nbsp;atiny_printf
<LI><a href="#[190]">&gt;&gt;</a>&nbsp;&nbsp;&nbsp;get_server_object
<LI><a href="#[18f]">&gt;&gt;</a>&nbsp;&nbsp;&nbsp;get_security_object
<LI><a href="#[192]">&gt;&gt;</a>&nbsp;&nbsp;&nbsp;get_object_firmware
<LI><a href="#[191]">&gt;&gt;</a>&nbsp;&nbsp;&nbsp;get_object_device
<LI><a href="#[193]">&gt;&gt;</a>&nbsp;&nbsp;&nbsp;get_object_conn_m
<LI><a href="#[194]">&gt;&gt;</a>&nbsp;&nbsp;&nbsp;get_binary_app_data_object
<LI><a href="#[125]">&gt;&gt;</a>&nbsp;&nbsp;&nbsp;atiny_init
<LI><a href="#[23d]">&gt;&gt;</a>&nbsp;&nbsp;&nbsp;transaction_new
<LI><a href="#[243]">&gt;&gt;</a>&nbsp;&nbsp;&nbsp;prv_getWatcher
<LI><a href="#[39]">&gt;&gt;</a>&nbsp;&nbsp;&nbsp;prv_server_create
<LI><a href="#[26c]">&gt;&gt;</a>&nbsp;&nbsp;&nbsp;prv_set_value
<LI><a href="#[2b]">&gt;&gt;</a>&nbsp;&nbsp;&nbsp;prv_create
<LI><a href="#[1bd]">&gt;&gt;</a>&nbsp;&nbsp;&nbsp;connection_create
<LI><a href="#[13a]">&gt;&gt;</a>&nbsp;&nbsp;&nbsp;atiny_add_rpt_uri
<LI><a href="#[12e]">&gt;&gt;</a>&nbsp;&nbsp;&nbsp;at_init_oob
</UL>

<P><STRONG><a name="[294]"></a>__aeabi_memclr8</STRONG> (Thumb, 0 bytes, Stack size 0 bytes, memseta.o(.text), UNUSED)

<P><STRONG><a name="[51]"></a>_memset$wrapper</STRONG> (Thumb, 18 bytes, Stack size 8 bytes, memseta.o(.text), UNUSED)
<BR><BR>[Calls]<UL><LI><a href="#[50]">&gt;&gt;</a>&nbsp;&nbsp;&nbsp;__aeabi_memset
</UL>

<P><STRONG><a name="[282]"></a>strcat</STRONG> (Thumb, 24 bytes, Stack size 0 bytes, strcat.o(.text))
<BR><BR>[Called By]<UL><LI><a href="#[137]">&gt;&gt;</a>&nbsp;&nbsp;&nbsp;store_resp_buf
</UL>

<P><STRONG><a name="[136]"></a>strstr</STRONG> (Thumb, 36 bytes, Stack size 12 bytes, strstr.o(.text))
<BR><BR>[Stack]<UL><LI>Max Depth = 12<LI>Call Chain = strstr
</UL>
<BR>[Called By]<UL><LI><a href="#[4]">&gt;&gt;</a>&nbsp;&nbsp;&nbsp;esp8266_get_localmac
<LI><a href="#[5]">&gt;&gt;</a>&nbsp;&nbsp;&nbsp;esp8266_get_localip
<LI><a href="#[26]">&gt;&gt;</a>&nbsp;&nbsp;&nbsp;esp8266_data_handler
<LI><a href="#[25]">&gt;&gt;</a>&nbsp;&nbsp;&nbsp;at_recv_task
<LI><a href="#[168]">&gt;&gt;</a>&nbsp;&nbsp;&nbsp;atiny_write_app_write
</UL>

<P><STRONG><a name="[187]"></a>strncpy</STRONG> (Thumb, 24 bytes, Stack size 8 bytes, strncpy.o(.text))
<BR><BR>[Stack]<UL><LI>Max Depth = 8<LI>Call Chain = strncpy
</UL>
<BR>[Called By]<UL><LI><a href="#[18f]">&gt;&gt;</a>&nbsp;&nbsp;&nbsp;get_security_object
<LI><a href="#[191]">&gt;&gt;</a>&nbsp;&nbsp;&nbsp;get_object_device
<LI><a href="#[193]">&gt;&gt;</a>&nbsp;&nbsp;&nbsp;get_object_conn_m
<LI><a href="#[186]">&gt;&gt;</a>&nbsp;&nbsp;&nbsp;atiny_get_set_bootstrap_info
<LI><a href="#[38]">&gt;&gt;</a>&nbsp;&nbsp;&nbsp;prv_server_write
<LI><a href="#[30]">&gt;&gt;</a>&nbsp;&nbsp;&nbsp;prv_device_write
</UL>

<P><STRONG><a name="[133]"></a>strlen</STRONG> (Thumb, 14 bytes, Stack size 0 bytes, strlen.o(.text))
<BR><BR>[Called By]<UL><LI><a href="#[1e1]">&gt;&gt;</a>&nbsp;&nbsp;&nbsp;esp8266_set_mux_mode
<LI><a href="#[1e0]">&gt;&gt;</a>&nbsp;&nbsp;&nbsp;esp8266_joinap
<LI><a href="#[6]">&gt;&gt;</a>&nbsp;&nbsp;&nbsp;esp8266_connect
<LI><a href="#[a]">&gt;&gt;</a>&nbsp;&nbsp;&nbsp;esp8266_close
<LI><a href="#[1dc]">&gt;&gt;</a>&nbsp;&nbsp;&nbsp;esp8266_choose_net_mode
<LI><a href="#[237]">&gt;&gt;</a>&nbsp;&nbsp;&nbsp;object_getRegisterPayloadBufferLength
<LI><a href="#[1e7]">&gt;&gt;</a>&nbsp;&nbsp;&nbsp;lwm2m_strdup
<LI><a href="#[1ba]">&gt;&gt;</a>&nbsp;&nbsp;&nbsp;coap_set_header_uri_path_segment
<LI><a href="#[190]">&gt;&gt;</a>&nbsp;&nbsp;&nbsp;get_server_object
<LI><a href="#[18f]">&gt;&gt;</a>&nbsp;&nbsp;&nbsp;get_security_object
<LI><a href="#[186]">&gt;&gt;</a>&nbsp;&nbsp;&nbsp;atiny_get_set_bootstrap_info
<LI><a href="#[274]">&gt;&gt;</a>&nbsp;&nbsp;&nbsp;prv_getRegistrationQueryLength
<LI><a href="#[216]">&gt;&gt;</a>&nbsp;&nbsp;&nbsp;lwm2m_handle_packet
<LI><a href="#[f]">&gt;&gt;</a>&nbsp;&nbsp;&nbsp;at_write
<LI><a href="#[25]">&gt;&gt;</a>&nbsp;&nbsp;&nbsp;at_recv_task
<LI><a href="#[11]">&gt;&gt;</a>&nbsp;&nbsp;&nbsp;at_oob_register
<LI><a href="#[12b]">&gt;&gt;</a>&nbsp;&nbsp;&nbsp;at_transmit
</UL>

<P><STRONG><a name="[1a6]"></a>memcmp</STRONG> (Thumb, 26 bytes, Stack size 12 bytes, memcmp.o(.text))
<BR><BR>[Stack]<UL><LI>Max Depth = 12<LI>Call Chain = memcmp
</UL>
<BR>[Called By]<UL><LI><a href="#[26]">&gt;&gt;</a>&nbsp;&nbsp;&nbsp;esp8266_data_handler
<LI><a href="#[25f]">&gt;&gt;</a>&nbsp;&nbsp;&nbsp;prv_checkFinished
<LI><a href="#[135]">&gt;&gt;</a>&nbsp;&nbsp;&nbsp;cloud_cmd_matching
</UL>

<P><STRONG><a name="[1be]"></a>strncmp</STRONG> (Thumb, 30 bytes, Stack size 12 bytes, strncmp.o(.text))
<BR><BR>[Stack]<UL><LI>Max Depth = 12<LI>Call Chain = strncmp
</UL>
<BR>[Called By]<UL><LI><a href="#[22a]">&gt;&gt;</a>&nbsp;&nbsp;&nbsp;lwm2m_strncmp
<LI><a href="#[1ea]">&gt;&gt;</a>&nbsp;&nbsp;&nbsp;uri_decode
<LI><a href="#[1e8]">&gt;&gt;</a>&nbsp;&nbsp;&nbsp;prv_server_check_binding_valid
<LI><a href="#[1bd]">&gt;&gt;</a>&nbsp;&nbsp;&nbsp;connection_create
</UL>

<P><STRONG><a name="[1bf]"></a>strrchr</STRONG> (Thumb, 32 bytes, Stack size 0 bytes, strrchr.o(.text))
<BR><BR>[Called By]<UL><LI><a href="#[1bd]">&gt;&gt;</a>&nbsp;&nbsp;&nbsp;connection_create
</UL>

<P><STRONG><a name="[52]"></a>__aeabi_dadd</STRONG> (Thumb, 322 bytes, Stack size 48 bytes, dadd.o(.text))
<BR><BR>[Stack]<UL><LI>Max Depth = 88<LI>Call Chain = __aeabi_dadd &rArr; _double_epilogue &rArr; _double_round
</UL>
<BR>[Calls]<UL><LI><a href="#[53]">&gt;&gt;</a>&nbsp;&nbsp;&nbsp;__aeabi_lasr
<LI><a href="#[55]">&gt;&gt;</a>&nbsp;&nbsp;&nbsp;_double_round
<LI><a href="#[54]">&gt;&gt;</a>&nbsp;&nbsp;&nbsp;_double_epilogue
<LI><a href="#[4d]">&gt;&gt;</a>&nbsp;&nbsp;&nbsp;__aeabi_llsl
</UL>
<BR>[Called By]<UL><LI><a href="#[206]">&gt;&gt;</a>&nbsp;&nbsp;&nbsp;utils_textToFloat
<LI><a href="#[27c]">&gt;&gt;</a>&nbsp;&nbsp;&nbsp;utils_floatToText
<LI><a href="#[57]">&gt;&gt;</a>&nbsp;&nbsp;&nbsp;__aeabi_drsub
<LI><a href="#[56]">&gt;&gt;</a>&nbsp;&nbsp;&nbsp;__aeabi_dsub
<LI><a href="#[11a]">&gt;&gt;</a>&nbsp;&nbsp;&nbsp;_fp_digits
</UL>

<P><STRONG><a name="[56]"></a>__aeabi_dsub</STRONG> (Thumb, 6 bytes, Stack size 0 bytes, dadd.o(.text))
<BR><BR>[Stack]<UL><LI>Max Depth = 88<LI>Call Chain = __aeabi_dsub &rArr; __aeabi_dadd &rArr; _double_epilogue &rArr; _double_round
</UL>
<BR>[Calls]<UL><LI><a href="#[52]">&gt;&gt;</a>&nbsp;&nbsp;&nbsp;__aeabi_dadd
</UL>
<BR>[Called By]<UL><LI><a href="#[225]">&gt;&gt;</a>&nbsp;&nbsp;&nbsp;registration_step
<LI><a href="#[224]">&gt;&gt;</a>&nbsp;&nbsp;&nbsp;observe_step
<LI><a href="#[27c]">&gt;&gt;</a>&nbsp;&nbsp;&nbsp;utils_floatToText
</UL>

<P><STRONG><a name="[57]"></a>__aeabi_drsub</STRONG> (Thumb, 6 bytes, Stack size 0 bytes, dadd.o(.text))
<BR><BR>[Stack]<UL><LI>Max Depth = 88<LI>Call Chain = __aeabi_drsub &rArr; __aeabi_dadd &rArr; _double_epilogue &rArr; _double_round
</UL>
<BR>[Calls]<UL><LI><a href="#[52]">&gt;&gt;</a>&nbsp;&nbsp;&nbsp;__aeabi_dadd
</UL>
<BR>[Called By]<UL><LI><a href="#[27c]">&gt;&gt;</a>&nbsp;&nbsp;&nbsp;utils_floatToText
</UL>

<P><STRONG><a name="[58]"></a>__aeabi_dmul</STRONG> (Thumb, 228 bytes, Stack size 48 bytes, dmul.o(.text))
<BR><BR>[Stack]<UL><LI>Max Depth = 88<LI>Call Chain = __aeabi_dmul &rArr; _double_epilogue &rArr; _double_round
</UL>
<BR>[Calls]<UL><LI><a href="#[54]">&gt;&gt;</a>&nbsp;&nbsp;&nbsp;_double_epilogue
</UL>
<BR>[Called By]<UL><LI><a href="#[206]">&gt;&gt;</a>&nbsp;&nbsp;&nbsp;utils_textToFloat
<LI><a href="#[27c]">&gt;&gt;</a>&nbsp;&nbsp;&nbsp;utils_floatToText
<LI><a href="#[11a]">&gt;&gt;</a>&nbsp;&nbsp;&nbsp;_fp_digits
</UL>

<P><STRONG><a name="[59]"></a>__aeabi_ddiv</STRONG> (Thumb, 222 bytes, Stack size 32 bytes, ddiv.o(.text))
<BR><BR>[Stack]<UL><LI>Max Depth = 40<LI>Call Chain = __aeabi_ddiv &rArr; _double_round
</UL>
<BR>[Calls]<UL><LI><a href="#[55]">&gt;&gt;</a>&nbsp;&nbsp;&nbsp;_double_round
</UL>
<BR>[Called By]<UL><LI><a href="#[6a]">&gt;&gt;</a>&nbsp;&nbsp;&nbsp;Convert_BH1750
<LI><a href="#[206]">&gt;&gt;</a>&nbsp;&nbsp;&nbsp;utils_textToFloat
<LI><a href="#[11a]">&gt;&gt;</a>&nbsp;&nbsp;&nbsp;_fp_digits
</UL>

<P><STRONG><a name="[5a]"></a>__aeabi_i2d</STRONG> (Thumb, 34 bytes, Stack size 16 bytes, dflti.o(.text))
<BR><BR>[Stack]<UL><LI>Max Depth = 56<LI>Call Chain = __aeabi_i2d &rArr; _double_epilogue &rArr; _double_round
</UL>
<BR>[Calls]<UL><LI><a href="#[54]">&gt;&gt;</a>&nbsp;&nbsp;&nbsp;_double_epilogue
</UL>
<BR>[Called By]<UL><LI><a href="#[206]">&gt;&gt;</a>&nbsp;&nbsp;&nbsp;utils_textToFloat
</UL>

<P><STRONG><a name="[5b]"></a>__aeabi_ui2d</STRONG> (Thumb, 26 bytes, Stack size 16 bytes, dfltui.o(.text))
<BR><BR>[Stack]<UL><LI>Max Depth = 56<LI>Call Chain = __aeabi_ui2d &rArr; _double_epilogue &rArr; _double_round
</UL>
<BR>[Calls]<UL><LI><a href="#[54]">&gt;&gt;</a>&nbsp;&nbsp;&nbsp;_double_epilogue
</UL>
<BR>[Called By]<UL><LI><a href="#[6a]">&gt;&gt;</a>&nbsp;&nbsp;&nbsp;Convert_BH1750
<LI><a href="#[225]">&gt;&gt;</a>&nbsp;&nbsp;&nbsp;registration_step
</UL>

<P><STRONG><a name="[5c]"></a>__aeabi_l2d</STRONG> (Thumb, 40 bytes, Stack size 24 bytes, dfltl.o(.text))
<BR><BR>[Stack]<UL><LI>Max Depth = 64<LI>Call Chain = __aeabi_l2d &rArr; _double_epilogue &rArr; _double_round
</UL>
<BR>[Calls]<UL><LI><a href="#[54]">&gt;&gt;</a>&nbsp;&nbsp;&nbsp;_double_epilogue
</UL>
<BR>[Called By]<UL><LI><a href="#[224]">&gt;&gt;</a>&nbsp;&nbsp;&nbsp;observe_step
<LI><a href="#[27c]">&gt;&gt;</a>&nbsp;&nbsp;&nbsp;utils_floatToText
<LI><a href="#[205]">&gt;&gt;</a>&nbsp;&nbsp;&nbsp;lwm2m_data_decode_float
</UL>

<P><STRONG><a name="[5d]"></a>__aeabi_d2uiz</STRONG> (Thumb, 50 bytes, Stack size 8 bytes, dfixui.o(.text))
<BR><BR>[Stack]<UL><LI>Max Depth = 8<LI>Call Chain = __aeabi_d2uiz
</UL>
<BR>[Calls]<UL><LI><a href="#[4c]">&gt;&gt;</a>&nbsp;&nbsp;&nbsp;__aeabi_llsr
</UL>
<BR>[Called By]<UL><LI><a href="#[225]">&gt;&gt;</a>&nbsp;&nbsp;&nbsp;registration_step
</UL>

<P><STRONG><a name="[5e]"></a>__aeabi_d2lz</STRONG> (Thumb, 74 bytes, Stack size 16 bytes, dfixl.o(.text))
<BR><BR>[Stack]<UL><LI>Max Depth = 16<LI>Call Chain = __aeabi_d2lz
</UL>
<BR>[Calls]<UL><LI><a href="#[4c]">&gt;&gt;</a>&nbsp;&nbsp;&nbsp;__aeabi_llsr
<LI><a href="#[4d]">&gt;&gt;</a>&nbsp;&nbsp;&nbsp;__aeabi_llsl
</UL>
<BR>[Called By]<UL><LI><a href="#[27c]">&gt;&gt;</a>&nbsp;&nbsp;&nbsp;utils_floatToText
</UL>

<P><STRONG><a name="[5f]"></a>__aeabi_d2ulz</STRONG> (Thumb, 48 bytes, Stack size 0 bytes, dfixul.o(.text), UNUSED)
<BR><BR>[Calls]<UL><LI><a href="#[4c]">&gt;&gt;</a>&nbsp;&nbsp;&nbsp;__aeabi_llsr
<LI><a href="#[4d]">&gt;&gt;</a>&nbsp;&nbsp;&nbsp;__aeabi_llsl
</UL>
<BR>[Called By]<UL><LI><a href="#[11a]">&gt;&gt;</a>&nbsp;&nbsp;&nbsp;_fp_digits
</UL>

<P><STRONG><a name="[1c2]"></a>__aeabi_f2d</STRONG> (Thumb, 38 bytes, Stack size 0 bytes, f2d.o(.text))
<BR><BR>[Called By]<UL><LI><a href="#[205]">&gt;&gt;</a>&nbsp;&nbsp;&nbsp;lwm2m_data_decode_float
<LI><a href="#[22]">&gt;&gt;</a>&nbsp;&nbsp;&nbsp;data_collection_task
</UL>

<P><STRONG><a name="[295]"></a>__aeabi_cdcmpeq</STRONG> (Thumb, 0 bytes, Stack size 0 bytes, cdcmple.o(.text), UNUSED)

<P><STRONG><a name="[244]"></a>__aeabi_cdcmple</STRONG> (Thumb, 48 bytes, Stack size 0 bytes, cdcmple.o(.text))
<BR><BR>[Called By]<UL><LI><a href="#[1d9]">&gt;&gt;</a>&nbsp;&nbsp;&nbsp;prv_readAttributes
<LI><a href="#[224]">&gt;&gt;</a>&nbsp;&nbsp;&nbsp;observe_step
<LI><a href="#[27c]">&gt;&gt;</a>&nbsp;&nbsp;&nbsp;utils_floatToText
<LI><a href="#[271]">&gt;&gt;</a>&nbsp;&nbsp;&nbsp;prv_getLength
<LI><a href="#[26e]">&gt;&gt;</a>&nbsp;&nbsp;&nbsp;prv_encodeFloat
</UL>

<P><STRONG><a name="[11b]"></a>__aeabi_cdrcmple</STRONG> (Thumb, 48 bytes, Stack size 0 bytes, cdrcmple.o(.text))
<BR><BR>[Called By]<UL><LI><a href="#[225]">&gt;&gt;</a>&nbsp;&nbsp;&nbsp;registration_step
<LI><a href="#[224]">&gt;&gt;</a>&nbsp;&nbsp;&nbsp;observe_step
<LI><a href="#[206]">&gt;&gt;</a>&nbsp;&nbsp;&nbsp;utils_textToFloat
<LI><a href="#[27c]">&gt;&gt;</a>&nbsp;&nbsp;&nbsp;utils_floatToText
<LI><a href="#[271]">&gt;&gt;</a>&nbsp;&nbsp;&nbsp;prv_getLength
<LI><a href="#[26e]">&gt;&gt;</a>&nbsp;&nbsp;&nbsp;prv_encodeFloat
<LI><a href="#[11a]">&gt;&gt;</a>&nbsp;&nbsp;&nbsp;_fp_digits
</UL>

<P><STRONG><a name="[60]"></a>__aeabi_d2f</STRONG> (Thumb, 56 bytes, Stack size 8 bytes, d2f.o(.text))
<BR><BR>[Stack]<UL><LI>Max Depth = 8<LI>Call Chain = __aeabi_d2f
</UL>
<BR>[Calls]<UL><LI><a href="#[61]">&gt;&gt;</a>&nbsp;&nbsp;&nbsp;_float_round
</UL>
<BR>[Called By]<UL><LI><a href="#[6a]">&gt;&gt;</a>&nbsp;&nbsp;&nbsp;Convert_BH1750
<LI><a href="#[1da]">&gt;&gt;</a>&nbsp;&nbsp;&nbsp;observe_setParameters
<LI><a href="#[26e]">&gt;&gt;</a>&nbsp;&nbsp;&nbsp;prv_encodeFloat
</UL>

<P><STRONG><a name="[296]"></a>__aeabi_uidiv</STRONG> (Thumb, 0 bytes, Stack size 12 bytes, uidiv.o(.text), UNUSED)

<P><STRONG><a name="[11e]"></a>__aeabi_uidivmod</STRONG> (Thumb, 44 bytes, Stack size 12 bytes, uidiv.o(.text), UNUSED)
<BR><BR>[Called By]<UL><LI><a href="#[115]">&gt;&gt;</a>&nbsp;&nbsp;&nbsp;_printf_core
</UL>

<P><STRONG><a name="[4c]"></a>__aeabi_llsr</STRONG> (Thumb, 32 bytes, Stack size 0 bytes, llushr.o(.text))
<BR><BR>[Called By]<UL><LI><a href="#[5f]">&gt;&gt;</a>&nbsp;&nbsp;&nbsp;__aeabi_d2ulz
<LI><a href="#[5e]">&gt;&gt;</a>&nbsp;&nbsp;&nbsp;__aeabi_d2lz
<LI><a href="#[5d]">&gt;&gt;</a>&nbsp;&nbsp;&nbsp;__aeabi_d2uiz
<LI><a href="#[54]">&gt;&gt;</a>&nbsp;&nbsp;&nbsp;_double_epilogue
<LI><a href="#[4b]">&gt;&gt;</a>&nbsp;&nbsp;&nbsp;__aeabi_uldivmod
</UL>

<P><STRONG><a name="[297]"></a>_ll_ushift_r</STRONG> (Thumb, 0 bytes, Stack size 0 bytes, llushr.o(.text), UNUSED)

<P><STRONG><a name="[53]"></a>__aeabi_lasr</STRONG> (Thumb, 36 bytes, Stack size 0 bytes, llsshr.o(.text))
<BR><BR>[Called By]<UL><LI><a href="#[52]">&gt;&gt;</a>&nbsp;&nbsp;&nbsp;__aeabi_dadd
</UL>

<P><STRONG><a name="[298]"></a>_ll_sshift_r</STRONG> (Thumb, 0 bytes, Stack size 0 bytes, llsshr.o(.text), UNUSED)

<P><STRONG><a name="[299]"></a>__I$use$fp</STRONG> (Thumb, 0 bytes, Stack size 0 bytes, iusefp.o(.text), UNUSED)

<P><STRONG><a name="[61]"></a>_float_round</STRONG> (Thumb, 18 bytes, Stack size 0 bytes, fepilogue.o(.text))
<BR><BR>[Called By]<UL><LI><a href="#[60]">&gt;&gt;</a>&nbsp;&nbsp;&nbsp;__aeabi_d2f
</UL>

<P><STRONG><a name="[29a]"></a>_float_epilogue</STRONG> (Thumb, 92 bytes, Stack size 4 bytes, fepilogue.o(.text), UNUSED)

<P><STRONG><a name="[55]"></a>_double_round</STRONG> (Thumb, 30 bytes, Stack size 8 bytes, depilogue.o(.text))
<BR><BR>[Stack]<UL><LI>Max Depth = 8<LI>Call Chain = _double_round
</UL>
<BR>[Called By]<UL><LI><a href="#[59]">&gt;&gt;</a>&nbsp;&nbsp;&nbsp;__aeabi_ddiv
<LI><a href="#[52]">&gt;&gt;</a>&nbsp;&nbsp;&nbsp;__aeabi_dadd
<LI><a href="#[54]">&gt;&gt;</a>&nbsp;&nbsp;&nbsp;_double_epilogue
</UL>

<P><STRONG><a name="[54]"></a>_double_epilogue</STRONG> (Thumb, 156 bytes, Stack size 32 bytes, depilogue.o(.text))
<BR><BR>[Stack]<UL><LI>Max Depth = 40<LI>Call Chain = _double_epilogue &rArr; _double_round
</UL>
<BR>[Calls]<UL><LI><a href="#[4c]">&gt;&gt;</a>&nbsp;&nbsp;&nbsp;__aeabi_llsr
<LI><a href="#[55]">&gt;&gt;</a>&nbsp;&nbsp;&nbsp;_double_round
<LI><a href="#[4d]">&gt;&gt;</a>&nbsp;&nbsp;&nbsp;__aeabi_llsl
</UL>
<BR>[Called By]<UL><LI><a href="#[5b]">&gt;&gt;</a>&nbsp;&nbsp;&nbsp;__aeabi_ui2d
<LI><a href="#[5c]">&gt;&gt;</a>&nbsp;&nbsp;&nbsp;__aeabi_l2d
<LI><a href="#[5a]">&gt;&gt;</a>&nbsp;&nbsp;&nbsp;__aeabi_i2d
<LI><a href="#[58]">&gt;&gt;</a>&nbsp;&nbsp;&nbsp;__aeabi_dmul
<LI><a href="#[52]">&gt;&gt;</a>&nbsp;&nbsp;&nbsp;__aeabi_dadd
</UL>

<P><STRONG><a name="[4a]"></a>__scatterload</STRONG> (Thumb, 28 bytes, Stack size 0 bytes, init.o(.text))
<BR><BR>[Calls]<UL><LI><a href="#[62]">&gt;&gt;</a>&nbsp;&nbsp;&nbsp;__main_after_scatterload
</UL>
<BR>[Called By]<UL><LI><a href="#[49]">&gt;&gt;</a>&nbsp;&nbsp;&nbsp;_main_scatterload
</UL>

<P><STRONG><a name="[29b]"></a>__scatterload_rt2</STRONG> (Thumb, 0 bytes, Stack size 0 bytes, init.o(.text), UNUSED)

<P><STRONG><a name="[29c]"></a>__decompress</STRONG> (Thumb, 0 bytes, Stack size unknown bytes, __dczerorl2.o(.text), UNUSED)

<P><STRONG><a name="[29d]"></a>__decompress1</STRONG> (Thumb, 86 bytes, Stack size unknown bytes, __dczerorl2.o(.text), UNUSED)

<P><STRONG><a name="[63]"></a>Cmd_Write_BH1750</STRONG> (Thumb, 64 bytes, Stack size 8 bytes, bh1750.o(i.Cmd_Write_BH1750))
<BR><BR>[Stack]<UL><LI>Max Depth = 72 + Unknown Stack Size
<LI>Call Chain = Cmd_Write_BH1750 &rArr; LOS_TaskDelay &rArr; osTaskAdd2TimerList &rArr; LOS_ListTailInsert
</UL>
<BR>[Calls]<UL><LI><a href="#[67]">&gt;&gt;</a>&nbsp;&nbsp;&nbsp;delayus
<LI><a href="#[69]">&gt;&gt;</a>&nbsp;&nbsp;&nbsp;LOS_TaskDelay
<LI><a href="#[66]">&gt;&gt;</a>&nbsp;&nbsp;&nbsp;I2C_WaitAck
<LI><a href="#[68]">&gt;&gt;</a>&nbsp;&nbsp;&nbsp;I2C_Stop
<LI><a href="#[64]">&gt;&gt;</a>&nbsp;&nbsp;&nbsp;I2C_Start
<LI><a href="#[65]">&gt;&gt;</a>&nbsp;&nbsp;&nbsp;I2C_SendByte
</UL>
<BR>[Called By]<UL><LI><a href="#[b3]">&gt;&gt;</a>&nbsp;&nbsp;&nbsp;Init_BH1750
<LI><a href="#[6b]">&gt;&gt;</a>&nbsp;&nbsp;&nbsp;Start_BH1750
</UL>

<P><STRONG><a name="[6a]"></a>Convert_BH1750</STRONG> (Thumb, 90 bytes, Stack size 24 bytes, bh1750.o(i.Convert_BH1750))
<BR><BR>[Stack]<UL><LI>Max Depth = 104 + Unknown Stack Size
<LI>Call Chain = Convert_BH1750 &rArr; Start_BH1750 &rArr; Cmd_Write_BH1750 &rArr; LOS_TaskDelay &rArr; osTaskAdd2TimerList &rArr; LOS_ListTailInsert
</UL>
<BR>[Calls]<UL><LI><a href="#[5b]">&gt;&gt;</a>&nbsp;&nbsp;&nbsp;__aeabi_ui2d
<LI><a href="#[59]">&gt;&gt;</a>&nbsp;&nbsp;&nbsp;__aeabi_ddiv
<LI><a href="#[60]">&gt;&gt;</a>&nbsp;&nbsp;&nbsp;__aeabi_d2f
<LI><a href="#[69]">&gt;&gt;</a>&nbsp;&nbsp;&nbsp;LOS_TaskDelay
<LI><a href="#[6b]">&gt;&gt;</a>&nbsp;&nbsp;&nbsp;Start_BH1750
<LI><a href="#[6c]">&gt;&gt;</a>&nbsp;&nbsp;&nbsp;Read_BH1750
</UL>
<BR>[Called By]<UL><LI><a href="#[22]">&gt;&gt;</a>&nbsp;&nbsp;&nbsp;data_collection_task
</UL>

<P><STRONG><a name="[6d]"></a>DHT11_Init</STRONG> (Thumb, 48 bytes, Stack size 8 bytes, dht11_bus.o(i.DHT11_Init))
<BR><BR>[Stack]<UL><LI>Max Depth = 52<LI>Call Chain = DHT11_Init &rArr; DHT11_Mode_Out_PP &rArr; HAL_GPIO_Init
</UL>
<BR>[Calls]<UL><LI><a href="#[6f]">&gt;&gt;</a>&nbsp;&nbsp;&nbsp;HAL_GPIO_WritePin
<LI><a href="#[6e]">&gt;&gt;</a>&nbsp;&nbsp;&nbsp;DHT11_Mode_Out_PP
</UL>
<BR>[Called By]<UL><LI><a href="#[22e]">&gt;&gt;</a>&nbsp;&nbsp;&nbsp;user_hw_init
<LI><a href="#[22]">&gt;&gt;</a>&nbsp;&nbsp;&nbsp;data_collection_task
</UL>

<P><STRONG><a name="[75]"></a>DHT11_Read_TempAndHumidity</STRONG> (Thumb, 266 bytes, Stack size 24 bytes, dht11_bus.o(i.DHT11_Read_TempAndHumidity))
<BR><BR>[Stack]<UL><LI>Max Depth = 68<LI>Call Chain = DHT11_Read_TempAndHumidity &rArr; DHT11_Mode_Out_PP &rArr; HAL_GPIO_Init
</UL>
<BR>[Calls]<UL><LI><a href="#[6f]">&gt;&gt;</a>&nbsp;&nbsp;&nbsp;HAL_GPIO_WritePin
<LI><a href="#[73]">&gt;&gt;</a>&nbsp;&nbsp;&nbsp;HAL_GPIO_ReadPin
<LI><a href="#[72]">&gt;&gt;</a>&nbsp;&nbsp;&nbsp;DHT11_ReadByte
<LI><a href="#[6e]">&gt;&gt;</a>&nbsp;&nbsp;&nbsp;DHT11_Mode_Out_PP
<LI><a href="#[70]">&gt;&gt;</a>&nbsp;&nbsp;&nbsp;DHT11_Mode_IPU
<LI><a href="#[74]">&gt;&gt;</a>&nbsp;&nbsp;&nbsp;DHT11_Delay
<LI><a href="#[76]">&gt;&gt;</a>&nbsp;&nbsp;&nbsp;HAL_Delay
</UL>
<BR>[Called By]<UL><LI><a href="#[22]">&gt;&gt;</a>&nbsp;&nbsp;&nbsp;data_collection_task
</UL>

<P><STRONG><a name="[44]"></a>EXTI0_IRQHandler</STRONG> (Thumb, 10 bytes, Stack size 8 bytes, stm32l4xx_it.o(i.EXTI0_IRQHandler))
<BR><BR>[Stack]<UL><LI>Max Depth = 48<LI>Call Chain = EXTI0_IRQHandler &rArr; HAL_GPIO_EXTI_IRQHandler &rArr; HAL_GPIO_EXTI_Callback &rArr; __2printf
</UL>
<BR>[Calls]<UL><LI><a href="#[77]">&gt;&gt;</a>&nbsp;&nbsp;&nbsp;HAL_GPIO_EXTI_IRQHandler
</UL>
<BR>[Address Reference Count : 1]<UL><LI> main.o(i.user_hw_init)
</UL>
<P><STRONG><a name="[45]"></a>EXTI1_IRQHandler</STRONG> (Thumb, 10 bytes, Stack size 8 bytes, stm32l4xx_it.o(i.EXTI1_IRQHandler))
<BR><BR>[Stack]<UL><LI>Max Depth = 48<LI>Call Chain = EXTI1_IRQHandler &rArr; HAL_GPIO_EXTI_IRQHandler &rArr; HAL_GPIO_EXTI_Callback &rArr; __2printf
</UL>
<BR>[Calls]<UL><LI><a href="#[77]">&gt;&gt;</a>&nbsp;&nbsp;&nbsp;HAL_GPIO_EXTI_IRQHandler
</UL>
<BR>[Address Reference Count : 1]<UL><LI> main.o(i.user_hw_init)
</UL>
<P><STRONG><a name="[46]"></a>EXTI2_IRQHandler</STRONG> (Thumb, 10 bytes, Stack size 8 bytes, stm32l4xx_it.o(i.EXTI2_IRQHandler))
<BR><BR>[Stack]<UL><LI>Max Depth = 48<LI>Call Chain = EXTI2_IRQHandler &rArr; HAL_GPIO_EXTI_IRQHandler &rArr; HAL_GPIO_EXTI_Callback &rArr; __2printf
</UL>
<BR>[Calls]<UL><LI><a href="#[77]">&gt;&gt;</a>&nbsp;&nbsp;&nbsp;HAL_GPIO_EXTI_IRQHandler
</UL>
<BR>[Address Reference Count : 1]<UL><LI> main.o(i.user_hw_init)
</UL>
<P><STRONG><a name="[47]"></a>EXTI3_IRQHandler</STRONG> (Thumb, 10 bytes, Stack size 8 bytes, stm32l4xx_it.o(i.EXTI3_IRQHandler))
<BR><BR>[Stack]<UL><LI>Max Depth = 48<LI>Call Chain = EXTI3_IRQHandler &rArr; HAL_GPIO_EXTI_IRQHandler &rArr; HAL_GPIO_EXTI_Callback &rArr; __2printf
</UL>
<BR>[Calls]<UL><LI><a href="#[77]">&gt;&gt;</a>&nbsp;&nbsp;&nbsp;HAL_GPIO_EXTI_IRQHandler
</UL>
<BR>[Address Reference Count : 1]<UL><LI> main.o(i.user_hw_init)
</UL>
<P><STRONG><a name="[78]"></a>HAL_ADC_ConfigChannel</STRONG> (Thumb, 1296 bytes, Stack size 32 bytes, stm32l4xx_hal_adc.o(i.HAL_ADC_ConfigChannel))
<BR><BR>[Stack]<UL><LI>Max Depth = 48<LI>Call Chain = HAL_ADC_ConfigChannel &rArr; LL_ADC_SetChannelSamplingTime
</UL>
<BR>[Calls]<UL><LI><a href="#[7c]">&gt;&gt;</a>&nbsp;&nbsp;&nbsp;LL_ADC_SetOffsetState
<LI><a href="#[7e]">&gt;&gt;</a>&nbsp;&nbsp;&nbsp;LL_ADC_SetCommonPathInternalCh
<LI><a href="#[7a]">&gt;&gt;</a>&nbsp;&nbsp;&nbsp;LL_ADC_SetChannelSamplingTime
<LI><a href="#[79]">&gt;&gt;</a>&nbsp;&nbsp;&nbsp;LL_ADC_REG_IsConversionOngoing
<LI><a href="#[7b]">&gt;&gt;</a>&nbsp;&nbsp;&nbsp;LL_ADC_GetOffsetChannel
<LI><a href="#[7d]">&gt;&gt;</a>&nbsp;&nbsp;&nbsp;LL_ADC_GetCommonPathInternalCh
</UL>
<BR>[Called By]<UL><LI><a href="#[aa]">&gt;&gt;</a>&nbsp;&nbsp;&nbsp;MX_ADC1_Init
</UL>

<P><STRONG><a name="[7f]"></a>HAL_ADC_Init</STRONG> (Thumb, 474 bytes, Stack size 24 bytes, stm32l4xx_hal_adc.o(i.HAL_ADC_Init))
<BR><BR>[Stack]<UL><LI>Max Depth = 76<LI>Call Chain = HAL_ADC_Init &rArr; HAL_ADC_MspInit &rArr; HAL_GPIO_Init
</UL>
<BR>[Calls]<UL><LI><a href="#[80]">&gt;&gt;</a>&nbsp;&nbsp;&nbsp;HAL_ADC_MspInit
<LI><a href="#[79]">&gt;&gt;</a>&nbsp;&nbsp;&nbsp;LL_ADC_REG_IsConversionOngoing
<LI><a href="#[81]">&gt;&gt;</a>&nbsp;&nbsp;&nbsp;LL_ADC_IsInternalRegulatorEnabled
</UL>
<BR>[Called By]<UL><LI><a href="#[aa]">&gt;&gt;</a>&nbsp;&nbsp;&nbsp;MX_ADC1_Init
</UL>

<P><STRONG><a name="[80]"></a>HAL_ADC_MspInit</STRONG> (Thumb, 68 bytes, Stack size 32 bytes, adc.o(i.HAL_ADC_MspInit))
<BR><BR>[Stack]<UL><LI>Max Depth = 52<LI>Call Chain = HAL_ADC_MspInit &rArr; HAL_GPIO_Init
</UL>
<BR>[Calls]<UL><LI><a href="#[71]">&gt;&gt;</a>&nbsp;&nbsp;&nbsp;HAL_GPIO_Init
</UL>
<BR>[Called By]<UL><LI><a href="#[7f]">&gt;&gt;</a>&nbsp;&nbsp;&nbsp;HAL_ADC_Init
</UL>

<P><STRONG><a name="[76]"></a>HAL_Delay</STRONG> (Thumb, 32 bytes, Stack size 16 bytes, stm32l4xx_hal.o(i.HAL_Delay))
<BR><BR>[Stack]<UL><LI>Max Depth = 24<LI>Call Chain = HAL_Delay &rArr; HAL_GetTick
</UL>
<BR>[Calls]<UL><LI><a href="#[82]">&gt;&gt;</a>&nbsp;&nbsp;&nbsp;HAL_GetTick
</UL>
<BR>[Called By]<UL><LI><a href="#[107]">&gt;&gt;</a>&nbsp;&nbsp;&nbsp;OLED_Init
<LI><a href="#[75]">&gt;&gt;</a>&nbsp;&nbsp;&nbsp;DHT11_Read_TempAndHumidity
</UL>

<P><STRONG><a name="[83]"></a>HAL_GPIO_EXTI_Callback</STRONG> (Thumb, 60 bytes, Stack size 8 bytes, stm32l4xx_it.o(i.HAL_GPIO_EXTI_Callback))
<BR><BR>[Stack]<UL><LI>Max Depth = 32<LI>Call Chain = HAL_GPIO_EXTI_Callback &rArr; __2printf
</UL>
<BR>[Calls]<UL><LI><a href="#[84]">&gt;&gt;</a>&nbsp;&nbsp;&nbsp;__2printf
</UL>
<BR>[Called By]<UL><LI><a href="#[77]">&gt;&gt;</a>&nbsp;&nbsp;&nbsp;HAL_GPIO_EXTI_IRQHandler
</UL>

<P><STRONG><a name="[77]"></a>HAL_GPIO_EXTI_IRQHandler</STRONG> (Thumb, 24 bytes, Stack size 8 bytes, stm32l4xx_hal_gpio.o(i.HAL_GPIO_EXTI_IRQHandler))
<BR><BR>[Stack]<UL><LI>Max Depth = 40<LI>Call Chain = HAL_GPIO_EXTI_IRQHandler &rArr; HAL_GPIO_EXTI_Callback &rArr; __2printf
</UL>
<BR>[Calls]<UL><LI><a href="#[83]">&gt;&gt;</a>&nbsp;&nbsp;&nbsp;HAL_GPIO_EXTI_Callback
</UL>
<BR>[Called By]<UL><LI><a href="#[47]">&gt;&gt;</a>&nbsp;&nbsp;&nbsp;EXTI3_IRQHandler
<LI><a href="#[46]">&gt;&gt;</a>&nbsp;&nbsp;&nbsp;EXTI2_IRQHandler
<LI><a href="#[45]">&gt;&gt;</a>&nbsp;&nbsp;&nbsp;EXTI1_IRQHandler
<LI><a href="#[44]">&gt;&gt;</a>&nbsp;&nbsp;&nbsp;EXTI0_IRQHandler
</UL>

<P><STRONG><a name="[71]"></a>HAL_GPIO_Init</STRONG> (Thumb, 432 bytes, Stack size 20 bytes, stm32l4xx_hal_gpio.o(i.HAL_GPIO_Init))
<BR><BR>[Stack]<UL><LI>Max Depth = 20<LI>Call Chain = HAL_GPIO_Init
</UL>
<BR>[Called By]<UL><LI><a href="#[80]">&gt;&gt;</a>&nbsp;&nbsp;&nbsp;HAL_ADC_MspInit
<LI><a href="#[87]">&gt;&gt;</a>&nbsp;&nbsp;&nbsp;HAL_I2C_MspInit
<LI><a href="#[a8]">&gt;&gt;</a>&nbsp;&nbsp;&nbsp;MX_GPIO_Init
<LI><a href="#[9d]">&gt;&gt;</a>&nbsp;&nbsp;&nbsp;HAL_UART_MspInit
<LI><a href="#[6e]">&gt;&gt;</a>&nbsp;&nbsp;&nbsp;DHT11_Mode_Out_PP
<LI><a href="#[70]">&gt;&gt;</a>&nbsp;&nbsp;&nbsp;DHT11_Mode_IPU
<LI><a href="#[ad]">&gt;&gt;</a>&nbsp;&nbsp;&nbsp;I2C_InitGPIO
</UL>

<P><STRONG><a name="[73]"></a>HAL_GPIO_ReadPin</STRONG> (Thumb, 16 bytes, Stack size 0 bytes, stm32l4xx_hal_gpio.o(i.HAL_GPIO_ReadPin))
<BR><BR>[Called By]<UL><LI><a href="#[75]">&gt;&gt;</a>&nbsp;&nbsp;&nbsp;DHT11_Read_TempAndHumidity
<LI><a href="#[72]">&gt;&gt;</a>&nbsp;&nbsp;&nbsp;DHT11_ReadByte
<LI><a href="#[66]">&gt;&gt;</a>&nbsp;&nbsp;&nbsp;I2C_WaitAck
<LI><a href="#[af]">&gt;&gt;</a>&nbsp;&nbsp;&nbsp;I2C_ReadByte
</UL>

<P><STRONG><a name="[6f]"></a>HAL_GPIO_WritePin</STRONG> (Thumb, 10 bytes, Stack size 0 bytes, stm32l4xx_hal_gpio.o(i.HAL_GPIO_WritePin))
<BR><BR>[Called By]<UL><LI><a href="#[6d]">&gt;&gt;</a>&nbsp;&nbsp;&nbsp;DHT11_Init
<LI><a href="#[a8]">&gt;&gt;</a>&nbsp;&nbsp;&nbsp;MX_GPIO_Init
<LI><a href="#[75]">&gt;&gt;</a>&nbsp;&nbsp;&nbsp;DHT11_Read_TempAndHumidity
<LI><a href="#[66]">&gt;&gt;</a>&nbsp;&nbsp;&nbsp;I2C_WaitAck
<LI><a href="#[68]">&gt;&gt;</a>&nbsp;&nbsp;&nbsp;I2C_Stop
<LI><a href="#[64]">&gt;&gt;</a>&nbsp;&nbsp;&nbsp;I2C_Start
<LI><a href="#[65]">&gt;&gt;</a>&nbsp;&nbsp;&nbsp;I2C_SendByte
<LI><a href="#[af]">&gt;&gt;</a>&nbsp;&nbsp;&nbsp;I2C_ReadByte
<LI><a href="#[ae]">&gt;&gt;</a>&nbsp;&nbsp;&nbsp;I2C_NAck
<LI><a href="#[ac]">&gt;&gt;</a>&nbsp;&nbsp;&nbsp;I2C_Ack
<LI><a href="#[ad]">&gt;&gt;</a>&nbsp;&nbsp;&nbsp;I2C_InitGPIO
<LI><a href="#[113]">&gt;&gt;</a>&nbsp;&nbsp;&nbsp;Write_IIC_Byte
<LI><a href="#[b2]">&gt;&gt;</a>&nbsp;&nbsp;&nbsp;IIC_Wait_Ack
<LI><a href="#[b1]">&gt;&gt;</a>&nbsp;&nbsp;&nbsp;IIC_Stop
<LI><a href="#[b0]">&gt;&gt;</a>&nbsp;&nbsp;&nbsp;IIC_Start
<LI><a href="#[168]">&gt;&gt;</a>&nbsp;&nbsp;&nbsp;atiny_write_app_write
</UL>

<P><STRONG><a name="[82]"></a>HAL_GetTick</STRONG> (Thumb, 8 bytes, Stack size 8 bytes, sys_init.o(i.HAL_GetTick))
<BR><BR>[Stack]<UL><LI>Max Depth = 8<LI>Call Chain = HAL_GetTick
</UL>
<BR>[Calls]<UL><LI><a href="#[85]">&gt;&gt;</a>&nbsp;&nbsp;&nbsp;LOS_TickCountGet
</UL>
<BR>[Called By]<UL><LI><a href="#[a2]">&gt;&gt;</a>&nbsp;&nbsp;&nbsp;HAL_UART_Transmit
<LI><a href="#[91]">&gt;&gt;</a>&nbsp;&nbsp;&nbsp;RCCEx_PLLSAI1_Config
<LI><a href="#[97]">&gt;&gt;</a>&nbsp;&nbsp;&nbsp;HAL_RCC_OscConfig
<LI><a href="#[92]">&gt;&gt;</a>&nbsp;&nbsp;&nbsp;HAL_RCC_ClockConfig
<LI><a href="#[90]">&gt;&gt;</a>&nbsp;&nbsp;&nbsp;HAL_RCCEx_PeriphCLKConfig
<LI><a href="#[99]">&gt;&gt;</a>&nbsp;&nbsp;&nbsp;HAL_RNG_GenerateRandomNumber
<LI><a href="#[76]">&gt;&gt;</a>&nbsp;&nbsp;&nbsp;HAL_Delay
<LI><a href="#[a3]">&gt;&gt;</a>&nbsp;&nbsp;&nbsp;UART_WaitOnFlagUntilTimeout
<LI><a href="#[a0]">&gt;&gt;</a>&nbsp;&nbsp;&nbsp;UART_CheckIdleState
</UL>

<P><STRONG><a name="[103]"></a>HAL_I2CEx_ConfigAnalogFilter</STRONG> (Thumb, 106 bytes, Stack size 0 bytes, stm32l4xx_hal_i2c_ex.o(i.HAL_I2CEx_ConfigAnalogFilter))
<BR><BR>[Called By]<UL><LI><a href="#[ab]">&gt;&gt;</a>&nbsp;&nbsp;&nbsp;MX_I2C1_Init
</UL>

<P><STRONG><a name="[104]"></a>HAL_I2CEx_ConfigDigitalFilter</STRONG> (Thumb, 106 bytes, Stack size 8 bytes, stm32l4xx_hal_i2c_ex.o(i.HAL_I2CEx_ConfigDigitalFilter))
<BR><BR>[Stack]<UL><LI>Max Depth = 8<LI>Call Chain = HAL_I2CEx_ConfigDigitalFilter
</UL>
<BR>[Called By]<UL><LI><a href="#[ab]">&gt;&gt;</a>&nbsp;&nbsp;&nbsp;MX_I2C1_Init
</UL>

<P><STRONG><a name="[86]"></a>HAL_I2C_Init</STRONG> (Thumb, 192 bytes, Stack size 8 bytes, stm32l4xx_hal_i2c.o(i.HAL_I2C_Init))
<BR><BR>[Stack]<UL><LI>Max Depth = 60<LI>Call Chain = HAL_I2C_Init &rArr; HAL_I2C_MspInit &rArr; HAL_GPIO_Init
</UL>
<BR>[Calls]<UL><LI><a href="#[87]">&gt;&gt;</a>&nbsp;&nbsp;&nbsp;HAL_I2C_MspInit
</UL>
<BR>[Called By]<UL><LI><a href="#[ab]">&gt;&gt;</a>&nbsp;&nbsp;&nbsp;MX_I2C1_Init
</UL>

<P><STRONG><a name="[87]"></a>HAL_I2C_MspInit</STRONG> (Thumb, 76 bytes, Stack size 32 bytes, i2c.o(i.HAL_I2C_MspInit))
<BR><BR>[Stack]<UL><LI>Max Depth = 52<LI>Call Chain = HAL_I2C_MspInit &rArr; HAL_GPIO_Init
</UL>
<BR>[Calls]<UL><LI><a href="#[71]">&gt;&gt;</a>&nbsp;&nbsp;&nbsp;HAL_GPIO_Init
</UL>
<BR>[Called By]<UL><LI><a href="#[86]">&gt;&gt;</a>&nbsp;&nbsp;&nbsp;HAL_I2C_Init
</UL>

<P><STRONG><a name="[88]"></a>HAL_Init</STRONG> (Thumb, 22 bytes, Stack size 8 bytes, stm32l4xx_hal.o(i.HAL_Init))
<BR><BR>[Stack]<UL><LI>Max Depth = 72<LI>Call Chain = HAL_Init &rArr; HAL_InitTick &rArr; HAL_NVIC_SetPriority &rArr; NVIC_SetPriority
</UL>
<BR>[Calls]<UL><LI><a href="#[8b]">&gt;&gt;</a>&nbsp;&nbsp;&nbsp;HAL_MspInit
<LI><a href="#[8a]">&gt;&gt;</a>&nbsp;&nbsp;&nbsp;HAL_InitTick
<LI><a href="#[89]">&gt;&gt;</a>&nbsp;&nbsp;&nbsp;HAL_NVIC_SetPriorityGrouping
</UL>
<BR>[Called By]<UL><LI><a href="#[a4]">&gt;&gt;</a>&nbsp;&nbsp;&nbsp;HardWare_Init
</UL>

<P><STRONG><a name="[8a]"></a>HAL_InitTick</STRONG> (Thumb, 36 bytes, Stack size 16 bytes, stm32l4xx_hal.o(i.HAL_InitTick))
<BR><BR>[Stack]<UL><LI>Max Depth = 64<LI>Call Chain = HAL_InitTick &rArr; HAL_NVIC_SetPriority &rArr; NVIC_SetPriority
</UL>
<BR>[Calls]<UL><LI><a href="#[8d]">&gt;&gt;</a>&nbsp;&nbsp;&nbsp;HAL_NVIC_SetPriority
<LI><a href="#[8c]">&gt;&gt;</a>&nbsp;&nbsp;&nbsp;HAL_SYSTICK_Config
</UL>
<BR>[Called By]<UL><LI><a href="#[88]">&gt;&gt;</a>&nbsp;&nbsp;&nbsp;HAL_Init
<LI><a href="#[97]">&gt;&gt;</a>&nbsp;&nbsp;&nbsp;HAL_RCC_OscConfig
<LI><a href="#[92]">&gt;&gt;</a>&nbsp;&nbsp;&nbsp;HAL_RCC_ClockConfig
</UL>

<P><STRONG><a name="[8b]"></a>HAL_MspInit</STRONG> (Thumb, 2 bytes, Stack size 0 bytes, stm32l4xx_hal.o(i.HAL_MspInit))
<BR><BR>[Called By]<UL><LI><a href="#[88]">&gt;&gt;</a>&nbsp;&nbsp;&nbsp;HAL_Init
</UL>

<P><STRONG><a name="[a1]"></a>HAL_NVIC_EnableIRQ</STRONG> (Thumb, 26 bytes, Stack size 0 bytes, stm32l4xx_hal_cortex.o(i.HAL_NVIC_EnableIRQ))
<BR><BR>[Called By]<UL><LI><a href="#[a8]">&gt;&gt;</a>&nbsp;&nbsp;&nbsp;MX_GPIO_Init
<LI><a href="#[9d]">&gt;&gt;</a>&nbsp;&nbsp;&nbsp;HAL_UART_MspInit
</UL>

<P><STRONG><a name="[8d]"></a>HAL_NVIC_SetPriority</STRONG> (Thumb, 124 bytes, Stack size 40 bytes, stm32l4xx_hal_cortex.o(i.HAL_NVIC_SetPriority))
<BR><BR>[Stack]<UL><LI>Max Depth = 48<LI>Call Chain = HAL_NVIC_SetPriority &rArr; NVIC_SetPriority
</UL>
<BR>[Calls]<UL><LI><a href="#[8f]">&gt;&gt;</a>&nbsp;&nbsp;&nbsp;NVIC_SetPriority
<LI><a href="#[8e]">&gt;&gt;</a>&nbsp;&nbsp;&nbsp;NVIC_GetPriorityGrouping
</UL>
<BR>[Called By]<UL><LI><a href="#[a8]">&gt;&gt;</a>&nbsp;&nbsp;&nbsp;MX_GPIO_Init
<LI><a href="#[9d]">&gt;&gt;</a>&nbsp;&nbsp;&nbsp;HAL_UART_MspInit
<LI><a href="#[8a]">&gt;&gt;</a>&nbsp;&nbsp;&nbsp;HAL_InitTick
</UL>

<P><STRONG><a name="[89]"></a>HAL_NVIC_SetPriorityGrouping</STRONG> (Thumb, 32 bytes, Stack size 0 bytes, stm32l4xx_hal_cortex.o(i.HAL_NVIC_SetPriorityGrouping))
<BR><BR>[Called By]<UL><LI><a href="#[88]">&gt;&gt;</a>&nbsp;&nbsp;&nbsp;HAL_Init
</UL>

<P><STRONG><a name="[10f]"></a>HAL_PWREx_ControlVoltageScaling</STRONG> (Thumb, 128 bytes, Stack size 0 bytes, stm32l4xx_hal_pwr_ex.o(i.HAL_PWREx_ControlVoltageScaling))
<BR><BR>[Called By]<UL><LI><a href="#[a5]">&gt;&gt;</a>&nbsp;&nbsp;&nbsp;SystemClock_Config
</UL>

<P><STRONG><a name="[10e]"></a>HAL_PWREx_GetVoltageRange</STRONG> (Thumb, 10 bytes, Stack size 0 bytes, stm32l4xx_hal_pwr_ex.o(i.HAL_PWREx_GetVoltageRange))
<BR><BR>[Called By]<UL><LI><a href="#[98]">&gt;&gt;</a>&nbsp;&nbsp;&nbsp;RCC_SetFlashLatencyFromMSIRange
</UL>

<P><STRONG><a name="[90]"></a>HAL_RCCEx_PeriphCLKConfig</STRONG> (Thumb, 896 bytes, Stack size 32 bytes, stm32l4xx_hal_rcc_ex.o(i.HAL_RCCEx_PeriphCLKConfig))
<BR><BR>[Stack]<UL><LI>Max Depth = 64<LI>Call Chain = HAL_RCCEx_PeriphCLKConfig &rArr; RCCEx_PLLSAI1_Config &rArr; HAL_GetTick
</UL>
<BR>[Calls]<UL><LI><a href="#[91]">&gt;&gt;</a>&nbsp;&nbsp;&nbsp;RCCEx_PLLSAI1_Config
<LI><a href="#[82]">&gt;&gt;</a>&nbsp;&nbsp;&nbsp;HAL_GetTick
</UL>
<BR>[Called By]<UL><LI><a href="#[a5]">&gt;&gt;</a>&nbsp;&nbsp;&nbsp;SystemClock_Config
</UL>

<P><STRONG><a name="[92]"></a>HAL_RCC_ClockConfig</STRONG> (Thumb, 458 bytes, Stack size 16 bytes, stm32l4xx_hal_rcc.o(i.HAL_RCC_ClockConfig))
<BR><BR>[Stack]<UL><LI>Max Depth = 80<LI>Call Chain = HAL_RCC_ClockConfig &rArr; HAL_InitTick &rArr; HAL_NVIC_SetPriority &rArr; NVIC_SetPriority
</UL>
<BR>[Calls]<UL><LI><a href="#[93]">&gt;&gt;</a>&nbsp;&nbsp;&nbsp;HAL_RCC_GetSysClockFreq
<LI><a href="#[82]">&gt;&gt;</a>&nbsp;&nbsp;&nbsp;HAL_GetTick
<LI><a href="#[8a]">&gt;&gt;</a>&nbsp;&nbsp;&nbsp;HAL_InitTick
</UL>
<BR>[Called By]<UL><LI><a href="#[a5]">&gt;&gt;</a>&nbsp;&nbsp;&nbsp;SystemClock_Config
</UL>

<P><STRONG><a name="[95]"></a>HAL_RCC_GetHCLKFreq</STRONG> (Thumb, 6 bytes, Stack size 0 bytes, stm32l4xx_hal_rcc.o(i.HAL_RCC_GetHCLKFreq))
<BR><BR>[Called By]<UL><LI><a href="#[96]">&gt;&gt;</a>&nbsp;&nbsp;&nbsp;HAL_RCC_GetPCLK2Freq
<LI><a href="#[94]">&gt;&gt;</a>&nbsp;&nbsp;&nbsp;HAL_RCC_GetPCLK1Freq
</UL>

<P><STRONG><a name="[94]"></a>HAL_RCC_GetPCLK1Freq</STRONG> (Thumb, 22 bytes, Stack size 4 bytes, stm32l4xx_hal_rcc.o(i.HAL_RCC_GetPCLK1Freq))
<BR><BR>[Stack]<UL><LI>Max Depth = 4<LI>Call Chain = HAL_RCC_GetPCLK1Freq
</UL>
<BR>[Calls]<UL><LI><a href="#[95]">&gt;&gt;</a>&nbsp;&nbsp;&nbsp;HAL_RCC_GetHCLKFreq
</UL>
<BR>[Called By]<UL><LI><a href="#[9e]">&gt;&gt;</a>&nbsp;&nbsp;&nbsp;UART_SetConfig
</UL>

<P><STRONG><a name="[96]"></a>HAL_RCC_GetPCLK2Freq</STRONG> (Thumb, 22 bytes, Stack size 4 bytes, stm32l4xx_hal_rcc.o(i.HAL_RCC_GetPCLK2Freq))
<BR><BR>[Stack]<UL><LI>Max Depth = 4<LI>Call Chain = HAL_RCC_GetPCLK2Freq
</UL>
<BR>[Calls]<UL><LI><a href="#[95]">&gt;&gt;</a>&nbsp;&nbsp;&nbsp;HAL_RCC_GetHCLKFreq
</UL>
<BR>[Called By]<UL><LI><a href="#[9e]">&gt;&gt;</a>&nbsp;&nbsp;&nbsp;UART_SetConfig
</UL>

<P><STRONG><a name="[93]"></a>HAL_RCC_GetSysClockFreq</STRONG> (Thumb, 252 bytes, Stack size 20 bytes, stm32l4xx_hal_rcc.o(i.HAL_RCC_GetSysClockFreq))
<BR><BR>[Stack]<UL><LI>Max Depth = 20<LI>Call Chain = HAL_RCC_GetSysClockFreq
</UL>
<BR>[Called By]<UL><LI><a href="#[97]">&gt;&gt;</a>&nbsp;&nbsp;&nbsp;HAL_RCC_OscConfig
<LI><a href="#[92]">&gt;&gt;</a>&nbsp;&nbsp;&nbsp;HAL_RCC_ClockConfig
<LI><a href="#[9e]">&gt;&gt;</a>&nbsp;&nbsp;&nbsp;UART_SetConfig
</UL>

<P><STRONG><a name="[97]"></a>HAL_RCC_OscConfig</STRONG> (Thumb, 1672 bytes, Stack size 24 bytes, stm32l4xx_hal_rcc.o(i.HAL_RCC_OscConfig))
<BR><BR>[Stack]<UL><LI>Max Depth = 88<LI>Call Chain = HAL_RCC_OscConfig &rArr; HAL_InitTick &rArr; HAL_NVIC_SetPriority &rArr; NVIC_SetPriority
</UL>
<BR>[Calls]<UL><LI><a href="#[93]">&gt;&gt;</a>&nbsp;&nbsp;&nbsp;HAL_RCC_GetSysClockFreq
<LI><a href="#[82]">&gt;&gt;</a>&nbsp;&nbsp;&nbsp;HAL_GetTick
<LI><a href="#[98]">&gt;&gt;</a>&nbsp;&nbsp;&nbsp;RCC_SetFlashLatencyFromMSIRange
<LI><a href="#[8a]">&gt;&gt;</a>&nbsp;&nbsp;&nbsp;HAL_InitTick
</UL>
<BR>[Called By]<UL><LI><a href="#[a5]">&gt;&gt;</a>&nbsp;&nbsp;&nbsp;SystemClock_Config
</UL>

<P><STRONG><a name="[99]"></a>HAL_RNG_GenerateRandomNumber</STRONG> (Thumb, 118 bytes, Stack size 24 bytes, stm32l4xx_hal_rng.o(i.HAL_RNG_GenerateRandomNumber))
<BR><BR>[Stack]<UL><LI>Max Depth = 32<LI>Call Chain = HAL_RNG_GenerateRandomNumber &rArr; HAL_GetTick
</UL>
<BR>[Calls]<UL><LI><a href="#[82]">&gt;&gt;</a>&nbsp;&nbsp;&nbsp;HAL_GetTick
</UL>
<BR>[Called By]<UL><LI><a href="#[1a0]">&gt;&gt;</a>&nbsp;&nbsp;&nbsp;hal_rng_generate_buffer
</UL>

<P><STRONG><a name="[9a]"></a>HAL_RNG_Init</STRONG> (Thumb, 48 bytes, Stack size 8 bytes, stm32l4xx_hal_rng.o(i.HAL_RNG_Init))
<BR><BR>[Stack]<UL><LI>Max Depth = 8<LI>Call Chain = HAL_RNG_Init
</UL>
<BR>[Calls]<UL><LI><a href="#[9b]">&gt;&gt;</a>&nbsp;&nbsp;&nbsp;HAL_RNG_MspInit
</UL>
<BR>[Called By]<UL><LI><a href="#[a7]">&gt;&gt;</a>&nbsp;&nbsp;&nbsp;hal_rng_config
</UL>

<P><STRONG><a name="[9b]"></a>HAL_RNG_MspInit</STRONG> (Thumb, 2 bytes, Stack size 0 bytes, stm32l4xx_hal_rng.o(i.HAL_RNG_MspInit))
<BR><BR>[Called By]<UL><LI><a href="#[9a]">&gt;&gt;</a>&nbsp;&nbsp;&nbsp;HAL_RNG_Init
</UL>

<P><STRONG><a name="[8c]"></a>HAL_SYSTICK_Config</STRONG> (Thumb, 52 bytes, Stack size 16 bytes, stm32l4xx_hal_cortex.o(i.HAL_SYSTICK_Config))
<BR><BR>[Stack]<UL><LI>Max Depth = 24<LI>Call Chain = HAL_SYSTICK_Config &rArr; NVIC_SetPriority
</UL>
<BR>[Calls]<UL><LI><a href="#[8f]">&gt;&gt;</a>&nbsp;&nbsp;&nbsp;NVIC_SetPriority
</UL>
<BR>[Called By]<UL><LI><a href="#[8a]">&gt;&gt;</a>&nbsp;&nbsp;&nbsp;HAL_InitTick
</UL>

<P><STRONG><a name="[9c]"></a>HAL_UART_Init</STRONG> (Thumb, 120 bytes, Stack size 8 bytes, stm32l4xx_hal_uart.o(i.HAL_UART_Init))
<BR><BR>[Stack]<UL><LI>Max Depth = 88<LI>Call Chain = HAL_UART_Init &rArr; HAL_UART_MspInit &rArr; HAL_NVIC_SetPriority &rArr; NVIC_SetPriority
</UL>
<BR>[Calls]<UL><LI><a href="#[9d]">&gt;&gt;</a>&nbsp;&nbsp;&nbsp;HAL_UART_MspInit
<LI><a href="#[9e]">&gt;&gt;</a>&nbsp;&nbsp;&nbsp;UART_SetConfig
<LI><a href="#[a0]">&gt;&gt;</a>&nbsp;&nbsp;&nbsp;UART_CheckIdleState
<LI><a href="#[9f]">&gt;&gt;</a>&nbsp;&nbsp;&nbsp;UART_AdvFeatureConfig
</UL>
<BR>[Called By]<UL><LI><a href="#[a9]">&gt;&gt;</a>&nbsp;&nbsp;&nbsp;MX_USART1_UART_Init
<LI><a href="#[12f]">&gt;&gt;</a>&nbsp;&nbsp;&nbsp;at_usart_config
</UL>

<P><STRONG><a name="[9d]"></a>HAL_UART_MspInit</STRONG> (Thumb, 262 bytes, Stack size 32 bytes, usart.o(i.HAL_UART_MspInit))
<BR><BR>[Stack]<UL><LI>Max Depth = 80<LI>Call Chain = HAL_UART_MspInit &rArr; HAL_NVIC_SetPriority &rArr; NVIC_SetPriority
</UL>
<BR>[Calls]<UL><LI><a href="#[8d]">&gt;&gt;</a>&nbsp;&nbsp;&nbsp;HAL_NVIC_SetPriority
<LI><a href="#[a1]">&gt;&gt;</a>&nbsp;&nbsp;&nbsp;HAL_NVIC_EnableIRQ
<LI><a href="#[71]">&gt;&gt;</a>&nbsp;&nbsp;&nbsp;HAL_GPIO_Init
</UL>
<BR>[Called By]<UL><LI><a href="#[9c]">&gt;&gt;</a>&nbsp;&nbsp;&nbsp;HAL_UART_Init
</UL>

<P><STRONG><a name="[a2]"></a>HAL_UART_Transmit</STRONG> (Thumb, 240 bytes, Stack size 32 bytes, stm32l4xx_hal_uart.o(i.HAL_UART_Transmit))
<BR><BR>[Stack]<UL><LI>Max Depth = 64<LI>Call Chain = HAL_UART_Transmit &rArr; UART_WaitOnFlagUntilTimeout &rArr; HAL_GetTick
</UL>
<BR>[Calls]<UL><LI><a href="#[82]">&gt;&gt;</a>&nbsp;&nbsp;&nbsp;HAL_GetTick
<LI><a href="#[a3]">&gt;&gt;</a>&nbsp;&nbsp;&nbsp;UART_WaitOnFlagUntilTimeout
</UL>
<BR>[Called By]<UL><LI><a href="#[17]">&gt;&gt;</a>&nbsp;&nbsp;&nbsp;fputc
<LI><a href="#[12b]">&gt;&gt;</a>&nbsp;&nbsp;&nbsp;at_transmit
</UL>

<P><STRONG><a name="[111]"></a>HAL_UART_TxCpltCallback</STRONG> (Thumb, 2 bytes, Stack size 0 bytes, stm32l4xx_hal_uart.o(i.HAL_UART_TxCpltCallback))
<BR><BR>[Called By]<UL><LI><a href="#[110]">&gt;&gt;</a>&nbsp;&nbsp;&nbsp;UART_EndTransmit_IT
</UL>

<P><STRONG><a name="[a4]"></a>HardWare_Init</STRONG> (Thumb, 46 bytes, Stack size 8 bytes, main.o(i.HardWare_Init))
<BR><BR>[Stack]<UL><LI>Max Depth = 288<LI>Call Chain = HardWare_Init &rArr; SystemClock_Config &rArr; HAL_RCC_OscConfig &rArr; HAL_InitTick &rArr; HAL_NVIC_SetPriority &rArr; NVIC_SetPriority
</UL>
<BR>[Calls]<UL><LI><a href="#[a7]">&gt;&gt;</a>&nbsp;&nbsp;&nbsp;hal_rng_config
<LI><a href="#[a6]">&gt;&gt;</a>&nbsp;&nbsp;&nbsp;dwt_delay_init
<LI><a href="#[a5]">&gt;&gt;</a>&nbsp;&nbsp;&nbsp;SystemClock_Config
<LI><a href="#[ab]">&gt;&gt;</a>&nbsp;&nbsp;&nbsp;MX_I2C1_Init
<LI><a href="#[aa]">&gt;&gt;</a>&nbsp;&nbsp;&nbsp;MX_ADC1_Init
<LI><a href="#[88]">&gt;&gt;</a>&nbsp;&nbsp;&nbsp;HAL_Init
<LI><a href="#[a8]">&gt;&gt;</a>&nbsp;&nbsp;&nbsp;MX_GPIO_Init
<LI><a href="#[a9]">&gt;&gt;</a>&nbsp;&nbsp;&nbsp;MX_USART1_UART_Init
<LI><a href="#[84]">&gt;&gt;</a>&nbsp;&nbsp;&nbsp;__2printf
</UL>
<BR>[Called By]<UL><LI><a href="#[14]">&gt;&gt;</a>&nbsp;&nbsp;&nbsp;main
</UL>

<P><STRONG><a name="[ac]"></a>I2C_Ack</STRONG> (Thumb, 90 bytes, Stack size 8 bytes, bh1750.o(i.I2C_Ack))
<BR><BR>[Stack]<UL><LI>Max Depth = 32 + Unknown Stack Size
<LI>Call Chain = I2C_Ack &rArr; delayus
</UL>
<BR>[Calls]<UL><LI><a href="#[67]">&gt;&gt;</a>&nbsp;&nbsp;&nbsp;delayus
<LI><a href="#[6f]">&gt;&gt;</a>&nbsp;&nbsp;&nbsp;HAL_GPIO_WritePin
</UL>
<BR>[Called By]<UL><LI><a href="#[af]">&gt;&gt;</a>&nbsp;&nbsp;&nbsp;I2C_ReadByte
</UL>

<P><STRONG><a name="[ae]"></a>I2C_NAck</STRONG> (Thumb, 88 bytes, Stack size 8 bytes, bh1750.o(i.I2C_NAck))
<BR><BR>[Stack]<UL><LI>Max Depth = 32 + Unknown Stack Size
<LI>Call Chain = I2C_NAck &rArr; delayus
</UL>
<BR>[Calls]<UL><LI><a href="#[67]">&gt;&gt;</a>&nbsp;&nbsp;&nbsp;delayus
<LI><a href="#[6f]">&gt;&gt;</a>&nbsp;&nbsp;&nbsp;HAL_GPIO_WritePin
</UL>
<BR>[Called By]<UL><LI><a href="#[af]">&gt;&gt;</a>&nbsp;&nbsp;&nbsp;I2C_ReadByte
</UL>

<P><STRONG><a name="[af]"></a>I2C_ReadByte</STRONG> (Thumb, 112 bytes, Stack size 16 bytes, bh1750.o(i.I2C_ReadByte))
<BR><BR>[Stack]<UL><LI>Max Depth = 48 + Unknown Stack Size
<LI>Call Chain = I2C_ReadByte &rArr; I2C_NAck &rArr; delayus
</UL>
<BR>[Calls]<UL><LI><a href="#[67]">&gt;&gt;</a>&nbsp;&nbsp;&nbsp;delayus
<LI><a href="#[6f]">&gt;&gt;</a>&nbsp;&nbsp;&nbsp;HAL_GPIO_WritePin
<LI><a href="#[73]">&gt;&gt;</a>&nbsp;&nbsp;&nbsp;HAL_GPIO_ReadPin
<LI><a href="#[ae]">&gt;&gt;</a>&nbsp;&nbsp;&nbsp;I2C_NAck
<LI><a href="#[ac]">&gt;&gt;</a>&nbsp;&nbsp;&nbsp;I2C_Ack
</UL>
<BR>[Called By]<UL><LI><a href="#[6c]">&gt;&gt;</a>&nbsp;&nbsp;&nbsp;Read_BH1750
</UL>

<P><STRONG><a name="[65]"></a>I2C_SendByte</STRONG> (Thumb, 132 bytes, Stack size 16 bytes, bh1750.o(i.I2C_SendByte))
<BR><BR>[Stack]<UL><LI>Max Depth = 40 + Unknown Stack Size
<LI>Call Chain = I2C_SendByte &rArr; delayus
</UL>
<BR>[Calls]<UL><LI><a href="#[67]">&gt;&gt;</a>&nbsp;&nbsp;&nbsp;delayus
<LI><a href="#[6f]">&gt;&gt;</a>&nbsp;&nbsp;&nbsp;HAL_GPIO_WritePin
</UL>
<BR>[Called By]<UL><LI><a href="#[6c]">&gt;&gt;</a>&nbsp;&nbsp;&nbsp;Read_BH1750
<LI><a href="#[63]">&gt;&gt;</a>&nbsp;&nbsp;&nbsp;Cmd_Write_BH1750
</UL>

<P><STRONG><a name="[64]"></a>I2C_Start</STRONG> (Thumb, 90 bytes, Stack size 8 bytes, bh1750.o(i.I2C_Start))
<BR><BR>[Stack]<UL><LI>Max Depth = 32 + Unknown Stack Size
<LI>Call Chain = I2C_Start &rArr; delayus
</UL>
<BR>[Calls]<UL><LI><a href="#[67]">&gt;&gt;</a>&nbsp;&nbsp;&nbsp;delayus
<LI><a href="#[6f]">&gt;&gt;</a>&nbsp;&nbsp;&nbsp;HAL_GPIO_WritePin
</UL>
<BR>[Called By]<UL><LI><a href="#[6c]">&gt;&gt;</a>&nbsp;&nbsp;&nbsp;Read_BH1750
<LI><a href="#[63]">&gt;&gt;</a>&nbsp;&nbsp;&nbsp;Cmd_Write_BH1750
</UL>

<P><STRONG><a name="[68]"></a>I2C_Stop</STRONG> (Thumb, 90 bytes, Stack size 8 bytes, bh1750.o(i.I2C_Stop))
<BR><BR>[Stack]<UL><LI>Max Depth = 32 + Unknown Stack Size
<LI>Call Chain = I2C_Stop &rArr; delayus
</UL>
<BR>[Calls]<UL><LI><a href="#[67]">&gt;&gt;</a>&nbsp;&nbsp;&nbsp;delayus
<LI><a href="#[6f]">&gt;&gt;</a>&nbsp;&nbsp;&nbsp;HAL_GPIO_WritePin
</UL>
<BR>[Called By]<UL><LI><a href="#[6c]">&gt;&gt;</a>&nbsp;&nbsp;&nbsp;Read_BH1750
<LI><a href="#[66]">&gt;&gt;</a>&nbsp;&nbsp;&nbsp;I2C_WaitAck
<LI><a href="#[63]">&gt;&gt;</a>&nbsp;&nbsp;&nbsp;Cmd_Write_BH1750
</UL>

<P><STRONG><a name="[66]"></a>I2C_WaitAck</STRONG> (Thumb, 110 bytes, Stack size 8 bytes, bh1750.o(i.I2C_WaitAck))
<BR><BR>[Stack]<UL><LI>Max Depth = 40 + Unknown Stack Size
<LI>Call Chain = I2C_WaitAck &rArr; I2C_Stop &rArr; delayus
</UL>
<BR>[Calls]<UL><LI><a href="#[67]">&gt;&gt;</a>&nbsp;&nbsp;&nbsp;delayus
<LI><a href="#[6f]">&gt;&gt;</a>&nbsp;&nbsp;&nbsp;HAL_GPIO_WritePin
<LI><a href="#[73]">&gt;&gt;</a>&nbsp;&nbsp;&nbsp;HAL_GPIO_ReadPin
<LI><a href="#[68]">&gt;&gt;</a>&nbsp;&nbsp;&nbsp;I2C_Stop
</UL>
<BR>[Called By]<UL><LI><a href="#[6c]">&gt;&gt;</a>&nbsp;&nbsp;&nbsp;Read_BH1750
<LI><a href="#[63]">&gt;&gt;</a>&nbsp;&nbsp;&nbsp;Cmd_Write_BH1750
</UL>

<P><STRONG><a name="[b0]"></a>IIC_Start</STRONG> (Thumb, 48 bytes, Stack size 8 bytes, oled.o(i.IIC_Start))
<BR><BR>[Stack]<UL><LI>Max Depth = 8<LI>Call Chain = IIC_Start
</UL>
<BR>[Calls]<UL><LI><a href="#[6f]">&gt;&gt;</a>&nbsp;&nbsp;&nbsp;HAL_GPIO_WritePin
</UL>
<BR>[Called By]<UL><LI><a href="#[10c]">&gt;&gt;</a>&nbsp;&nbsp;&nbsp;Write_IIC_Data
<LI><a href="#[10d]">&gt;&gt;</a>&nbsp;&nbsp;&nbsp;Write_IIC_Command
</UL>

<P><STRONG><a name="[b1]"></a>IIC_Stop</STRONG> (Thumb, 36 bytes, Stack size 8 bytes, oled.o(i.IIC_Stop))
<BR><BR>[Stack]<UL><LI>Max Depth = 8<LI>Call Chain = IIC_Stop
</UL>
<BR>[Calls]<UL><LI><a href="#[6f]">&gt;&gt;</a>&nbsp;&nbsp;&nbsp;HAL_GPIO_WritePin
</UL>
<BR>[Called By]<UL><LI><a href="#[10c]">&gt;&gt;</a>&nbsp;&nbsp;&nbsp;Write_IIC_Data
<LI><a href="#[10d]">&gt;&gt;</a>&nbsp;&nbsp;&nbsp;Write_IIC_Command
</UL>

<P><STRONG><a name="[b2]"></a>IIC_Wait_Ack</STRONG> (Thumb, 26 bytes, Stack size 8 bytes, oled.o(i.IIC_Wait_Ack))
<BR><BR>[Stack]<UL><LI>Max Depth = 8<LI>Call Chain = IIC_Wait_Ack
</UL>
<BR>[Calls]<UL><LI><a href="#[6f]">&gt;&gt;</a>&nbsp;&nbsp;&nbsp;HAL_GPIO_WritePin
</UL>
<BR>[Called By]<UL><LI><a href="#[10c]">&gt;&gt;</a>&nbsp;&nbsp;&nbsp;Write_IIC_Data
<LI><a href="#[10d]">&gt;&gt;</a>&nbsp;&nbsp;&nbsp;Write_IIC_Command
</UL>

<P><STRONG><a name="[b3]"></a>Init_BH1750</STRONG> (Thumb, 14 bytes, Stack size 8 bytes, bh1750.o(i.Init_BH1750))
<BR><BR>[Stack]<UL><LI>Max Depth = 80 + Unknown Stack Size
<LI>Call Chain = Init_BH1750 &rArr; Cmd_Write_BH1750 &rArr; LOS_TaskDelay &rArr; osTaskAdd2TimerList &rArr; LOS_ListTailInsert
</UL>
<BR>[Calls]<UL><LI><a href="#[63]">&gt;&gt;</a>&nbsp;&nbsp;&nbsp;Cmd_Write_BH1750
<LI><a href="#[ad]">&gt;&gt;</a>&nbsp;&nbsp;&nbsp;I2C_InitGPIO
</UL>
<BR>[Called By]<UL><LI><a href="#[22e]">&gt;&gt;</a>&nbsp;&nbsp;&nbsp;user_hw_init
</UL>

<P><STRONG><a name="[f8]"></a>LOS_Align</STRONG> (Thumb, 28 bytes, Stack size 0 bytes, los_misc.o(i.LOS_Align))
<BR><BR>[Called By]<UL><LI><a href="#[f5]">&gt;&gt;</a>&nbsp;&nbsp;&nbsp;LOS_TaskCreateOnly
</UL>

<P><STRONG><a name="[b4]"></a>LOS_BinarySemCreate</STRONG> (Thumb, 18 bytes, Stack size 16 bytes, los_sem.o(i.LOS_BinarySemCreate))
<BR><BR>[Stack]<UL><LI>Max Depth = 88 + Unknown Stack Size
<LI>Call Chain = LOS_BinarySemCreate &rArr; osSemCreate &rArr; LOS_ErrHandle
</UL>
<BR>[Calls]<UL><LI><a href="#[b5]">&gt;&gt;</a>&nbsp;&nbsp;&nbsp;osSemCreate
</UL>
<BR>[Called By]<UL><LI><a href="#[18c]">&gt;&gt;</a>&nbsp;&nbsp;&nbsp;atiny_mutex_create
</UL>

<P><STRONG><a name="[d5]"></a>LOS_ErrHandle</STRONG> (Thumb, 58 bytes, Stack size 32 bytes, los_err.o(i.LOS_ErrHandle))
<BR><BR>[Stack]<UL><LI>Max Depth = 32<LI>Call Chain = LOS_ErrHandle
</UL>
<BR>[Called By]<UL><LI><a href="#[f0]">&gt;&gt;</a>&nbsp;&nbsp;&nbsp;LOS_SemPost
<LI><a href="#[ef]">&gt;&gt;</a>&nbsp;&nbsp;&nbsp;LOS_SemPend
<LI><a href="#[ec]">&gt;&gt;</a>&nbsp;&nbsp;&nbsp;LOS_SemDelete
<LI><a href="#[dd]">&gt;&gt;</a>&nbsp;&nbsp;&nbsp;LOS_MuxPost
<LI><a href="#[d8]">&gt;&gt;</a>&nbsp;&nbsp;&nbsp;LOS_MuxPend
<LI><a href="#[d6]">&gt;&gt;</a>&nbsp;&nbsp;&nbsp;LOS_MuxDelete
<LI><a href="#[d2]">&gt;&gt;</a>&nbsp;&nbsp;&nbsp;LOS_MuxCreate
<LI><a href="#[b5]">&gt;&gt;</a>&nbsp;&nbsp;&nbsp;osSemCreate
</UL>

<P><STRONG><a name="[b6]"></a>LOS_HwiCreate</STRONG> (Thumb, 164 bytes, Stack size 32 bytes, los_hwi.o(i.LOS_HwiCreate))
<BR><BR>[Stack]<UL><LI>Max Depth = 32 + Unknown Stack Size
<LI>Call Chain = LOS_HwiCreate
</UL>
<BR>[Calls]<UL><LI><a href="#[b8]">&gt;&gt;</a>&nbsp;&nbsp;&nbsp;LOS_IntRestore
<LI><a href="#[b7]">&gt;&gt;</a>&nbsp;&nbsp;&nbsp;LOS_IntLock
</UL>
<BR>[Called By]<UL><LI><a href="#[22e]">&gt;&gt;</a>&nbsp;&nbsp;&nbsp;user_hw_init
<LI><a href="#[12f]">&gt;&gt;</a>&nbsp;&nbsp;&nbsp;at_usart_config
</UL>

<P><STRONG><a name="[b9]"></a>LOS_KernelInit</STRONG> (Thumb, 180 bytes, Stack size 8 bytes, los_init.o(i.LOS_KernelInit))
<BR><BR>[Stack]<UL><LI>Max Depth = 272 + Unknown Stack Size
<LI>Call Chain = LOS_KernelInit &rArr; osSwTmrInit &rArr; osSwTmrTaskCreate &rArr; LOS_TaskCreate &rArr; LOS_TaskCreateOnly &rArr; LOS_MemAllocAlign &rArr; osHeapAllocAlign &rArr; osHeapAlloc &rArr; osAlarmHeapInfo &rArr; osHeapStatisticsGet
</UL>
<BR>[Calls]<UL><LI><a href="#[c2]">&gt;&gt;</a>&nbsp;&nbsp;&nbsp;osSwTmrInit
<LI><a href="#[bf]">&gt;&gt;</a>&nbsp;&nbsp;&nbsp;osSemInit
<LI><a href="#[c1]">&gt;&gt;</a>&nbsp;&nbsp;&nbsp;osQueueInit
<LI><a href="#[c0]">&gt;&gt;</a>&nbsp;&nbsp;&nbsp;osMuxInit
<LI><a href="#[c3]">&gt;&gt;</a>&nbsp;&nbsp;&nbsp;osTimesliceInit
<LI><a href="#[be]">&gt;&gt;</a>&nbsp;&nbsp;&nbsp;osTaskMonInit
<LI><a href="#[bd]">&gt;&gt;</a>&nbsp;&nbsp;&nbsp;osTaskInit
<LI><a href="#[c4]">&gt;&gt;</a>&nbsp;&nbsp;&nbsp;osIdleTaskCreate
<LI><a href="#[bc]">&gt;&gt;</a>&nbsp;&nbsp;&nbsp;osHwiInit
<LI><a href="#[ba]">&gt;&gt;</a>&nbsp;&nbsp;&nbsp;osRegister
<LI><a href="#[bb]">&gt;&gt;</a>&nbsp;&nbsp;&nbsp;osMemSystemInit
<LI><a href="#[84]">&gt;&gt;</a>&nbsp;&nbsp;&nbsp;__2printf
</UL>
<BR>[Called By]<UL><LI><a href="#[14]">&gt;&gt;</a>&nbsp;&nbsp;&nbsp;main
</UL>

<P><STRONG><a name="[c7]"></a>LOS_MemAlloc</STRONG> (Thumb, 42 bytes, Stack size 16 bytes, los_memory.o(i.LOS_MemAlloc))
<BR><BR>[Stack]<UL><LI>Max Depth = 104 + Unknown Stack Size
<LI>Call Chain = LOS_MemAlloc &rArr; osHeapAlloc &rArr; osAlarmHeapInfo &rArr; osHeapStatisticsGet
</UL>
<BR>[Calls]<UL><LI><a href="#[c8]">&gt;&gt;</a>&nbsp;&nbsp;&nbsp;osSlabMemAlloc
<LI><a href="#[c9]">&gt;&gt;</a>&nbsp;&nbsp;&nbsp;osHeapAlloc
</UL>
<BR>[Called By]<UL><LI><a href="#[c2]">&gt;&gt;</a>&nbsp;&nbsp;&nbsp;osSwTmrInit
<LI><a href="#[24a]">&gt;&gt;</a>&nbsp;&nbsp;&nbsp;osPriqueueInit
<LI><a href="#[138]">&gt;&gt;</a>&nbsp;&nbsp;&nbsp;atiny_malloc
<LI><a href="#[df]">&gt;&gt;</a>&nbsp;&nbsp;&nbsp;LOS_QueueCreate
<LI><a href="#[bf]">&gt;&gt;</a>&nbsp;&nbsp;&nbsp;osSemInit
<LI><a href="#[c1]">&gt;&gt;</a>&nbsp;&nbsp;&nbsp;osQueueInit
<LI><a href="#[c0]">&gt;&gt;</a>&nbsp;&nbsp;&nbsp;osMuxInit
<LI><a href="#[bd]">&gt;&gt;</a>&nbsp;&nbsp;&nbsp;osTaskInit
</UL>

<P><STRONG><a name="[ca]"></a>LOS_MemAllocAlign</STRONG> (Thumb, 20 bytes, Stack size 16 bytes, los_memory.o(i.LOS_MemAllocAlign))
<BR><BR>[Stack]<UL><LI>Max Depth = 136 + Unknown Stack Size
<LI>Call Chain = LOS_MemAllocAlign &rArr; osHeapAllocAlign &rArr; osHeapAlloc &rArr; osAlarmHeapInfo &rArr; osHeapStatisticsGet
</UL>
<BR>[Calls]<UL><LI><a href="#[cb]">&gt;&gt;</a>&nbsp;&nbsp;&nbsp;osHeapAllocAlign
</UL>
<BR>[Called By]<UL><LI><a href="#[f5]">&gt;&gt;</a>&nbsp;&nbsp;&nbsp;LOS_TaskCreateOnly
</UL>

<P><STRONG><a name="[cc]"></a>LOS_MemFree</STRONG> (Thumb, 52 bytes, Stack size 16 bytes, los_memory.o(i.LOS_MemFree))
[...]
</UL>
<BR>[Calls]<UL><LI><a href="#[14f]">&gt;&gt;</a>&nbsp;&nbsp;&nbsp;lwm2m_free
</UL>
<BR>[Called By]<UL><LI><a href="#[27]">&gt;&gt;</a>&nbsp;&nbsp;&nbsp;prv_read
</UL>

<P><STRONG><a name="[28]"></a>prv_discover</STRONG> (Thumb, 108 bytes, Stack size 24 bytes, object_binary_app_data_container.o(i.prv_discover))
<BR><BR>[Stack]<UL><LI>Max Depth = 352 + Unknown Stack Size
<LI>Call Chain = prv_discover &rArr; lwm2m_data_new &rArr; atiny_printf &rArr; vsnprintf
</UL>
<BR>[Calls]<UL><LI><a href="#[1f7]">&gt;&gt;</a>&nbsp;&nbsp;&nbsp;lwm2m_data_new
</UL>
<BR>[Address Reference Count : 1]<UL><LI> object_binary_app_data_container.o(i.get_binary_app_data_object)
</UL>
<P><STRONG><a name="[2a]"></a>prv_exec</STRONG> (Thumb, 104 bytes, Stack size 32 bytes, object_binary_app_data_container.o(i.prv_exec))
<BR><BR>[Stack]<UL><LI>Max Depth = 96<LI>Call Chain = prv_exec &rArr; prv_output_buffer &rArr; __2fprintf
</UL>
<BR>[Calls]<UL><LI><a href="#[121]">&gt;&gt;</a>&nbsp;&nbsp;&nbsp;lwm2m_list_find
<LI><a href="#[26b]">&gt;&gt;</a>&nbsp;&nbsp;&nbsp;__2fprintf
<LI><a href="#[270]">&gt;&gt;</a>&nbsp;&nbsp;&nbsp;prv_output_buffer
</UL>
<BR>[Address Reference Count : 1]<UL><LI> object_binary_app_data_container.o(i.get_binary_app_data_object)
</UL>
<P><STRONG><a name="[270]"></a>prv_output_buffer</STRONG> (Thumb, 158 bytes, Stack size 40 bytes, object_binary_app_data_container.o(i.prv_output_buffer))
<BR><BR>[Stack]<UL><LI>Max Depth = 64<LI>Call Chain = prv_output_buffer &rArr; __2fprintf
</UL>
<BR>[Calls]<UL><LI><a href="#[26b]">&gt;&gt;</a>&nbsp;&nbsp;&nbsp;__2fprintf
<LI><a href="#[132]">&gt;&gt;</a>&nbsp;&nbsp;&nbsp;__aeabi_memcpy
<LI><a href="#[228]">&gt;&gt;</a>&nbsp;&nbsp;&nbsp;__rt_ctype_table
</UL>
<BR>[Called By]<UL><LI><a href="#[2a]">&gt;&gt;</a>&nbsp;&nbsp;&nbsp;prv_exec
</UL>

<P><STRONG><a name="[27]"></a>prv_read</STRONG> (Thumb, 124 bytes, Stack size 40 bytes, object_binary_app_data_container.o(i.prv_read))
<BR><BR>[Stack]<UL><LI>Max Depth = 368 + Unknown Stack Size
<LI>Call Chain = prv_read &rArr; lwm2m_data_new &rArr; atiny_printf &rArr; vsnprintf
</UL>
<BR>[Calls]<UL><LI><a href="#[121]">&gt;&gt;</a>&nbsp;&nbsp;&nbsp;lwm2m_list_find
<LI><a href="#[1f7]">&gt;&gt;</a>&nbsp;&nbsp;&nbsp;lwm2m_data_new
<LI><a href="#[14f]">&gt;&gt;</a>&nbsp;&nbsp;&nbsp;lwm2m_free
<LI><a href="#[279]">&gt;&gt;</a>&nbsp;&nbsp;&nbsp;prv_read_data
<LI><a href="#[26a]">&gt;&gt;</a>&nbsp;&nbsp;&nbsp;prv_destroy_data_buf
</UL>
<BR>[Address Reference Count : 1]<UL><LI> object_binary_app_data_container.o(i.get_binary_app_data_object)
</UL>
<P><STRONG><a name="[279]"></a>prv_read_data</STRONG> (Thumb, 172 bytes, Stack size 56 bytes, object_binary_app_data_container.o(i.prv_read_data))
<BR><BR>[Stack]<UL><LI>Max Depth = 192 + Unknown Stack Size
<LI>Call Chain = prv_read_data &rArr; atiny_dequeue_rpt_data &rArr; atiny_mutex_lock &rArr; LOS_SemPend &rArr; osTaskWait &rArr; osTaskAdd2TimerList &rArr; LOS_ListTailInsert
</UL>
<BR>[Calls]<UL><LI><a href="#[13d]">&gt;&gt;</a>&nbsp;&nbsp;&nbsp;lwm2m_malloc
<LI><a href="#[175]">&gt;&gt;</a>&nbsp;&nbsp;&nbsp;atiny_dequeue_rpt_data
</UL>
<BR>[Called By]<UL><LI><a href="#[27]">&gt;&gt;</a>&nbsp;&nbsp;&nbsp;prv_read
</UL>

<P><STRONG><a name="[29]"></a>prv_write</STRONG> (Thumb, 80 bytes, Stack size 32 bytes, object_binary_app_data_container.o(i.prv_write))
<BR><BR>[Stack]<UL><LI>Max Depth = 392 + Unknown Stack Size
<LI>Call Chain = prv_write &rArr; atiny_cmd_ioctl &rArr; atiny_write_app_write &rArr; atiny_printf &rArr; vsnprintf
</UL>
<BR>[Calls]<UL><LI><a href="#[121]">&gt;&gt;</a>&nbsp;&nbsp;&nbsp;lwm2m_list_find
<LI><a href="#[150]">&gt;&gt;</a>&nbsp;&nbsp;&nbsp;atiny_cmd_ioctl
</UL>
<BR>[Called By]<UL><LI><a href="#[2b]">&gt;&gt;</a>&nbsp;&nbsp;&nbsp;prv_create
</UL>
<BR>[Address Reference Count : 1]<UL><LI> object_binary_app_data_container.o(i.get_binary_app_data_object)
</UL>
<P><STRONG><a name="[2d]"></a>prv_read</STRONG> (Thumb, 132 bytes, Stack size 64 bytes, object_connectivity_moni.o(i.prv_read))
<BR><BR>[Stack]<UL><LI>Max Depth = 456 + Unknown Stack Size
<LI>Call Chain = prv_read &rArr; prv_set_value &rArr; atiny_cmd_ioctl &rArr; atiny_write_app_write &rArr; atiny_printf &rArr; vsnprintf
</UL>
<BR>[Calls]<UL><LI><a href="#[1f7]">&gt;&gt;</a>&nbsp;&nbsp;&nbsp;lwm2m_data_new
<LI><a href="#[27a]">&gt;&gt;</a>&nbsp;&nbsp;&nbsp;prv_set_value
<LI><a href="#[173]">&gt;&gt;</a>&nbsp;&nbsp;&nbsp;__aeabi_memcpy4
</UL>
<BR>[Address Reference Count : 1]<UL><LI> object_connectivity_moni.o(i.get_object_conn_m)
</UL>
<P><STRONG><a name="[27a]"></a>prv_set_value</STRONG> (Thumb, 412 bytes, Stack size 32 bytes, object_connectivity_moni.o(i.prv_set_value))
<BR><BR>[Stack]<UL><LI>Max Depth = 392 + Unknown Stack Size
<LI>Call Chain = prv_set_value &rArr; atiny_cmd_ioctl &rArr; atiny_write_app_write &rArr; atiny_printf &rArr; vsnprintf
</UL>
<BR>[Calls]<UL><LI><a href="#[1f7]">&gt;&gt;</a>&nbsp;&nbsp;&nbsp;lwm2m_data_new
<LI><a href="#[1f9]">&gt;&gt;</a>&nbsp;&nbsp;&nbsp;lwm2m_data_encode_string
<LI><a href="#[20c]">&gt;&gt;</a>&nbsp;&nbsp;&nbsp;lwm2m_data_encode_int
<LI><a href="#[20a]">&gt;&gt;</a>&nbsp;&nbsp;&nbsp;lwm2m_data_encode_instances
<LI><a href="#[150]">&gt;&gt;</a>&nbsp;&nbsp;&nbsp;atiny_cmd_ioctl
</UL>
<BR>[Called By]<UL><LI><a href="#[2d]">&gt;&gt;</a>&nbsp;&nbsp;&nbsp;prv_read
</UL>

<P><STRONG><a name="[26d]"></a>prv_check_time_offset</STRONG> (Thumb, 172 bytes, Stack size 0 bytes, object_device.o(i.prv_check_time_offset))
<BR><BR>[Called By]<UL><LI><a href="#[30]">&gt;&gt;</a>&nbsp;&nbsp;&nbsp;prv_device_write
</UL>

<P><STRONG><a name="[2f]"></a>prv_device_discover</STRONG> (Thumb, 188 bytes, Stack size 72 bytes, object_device.o(i.prv_device_discover))
<BR><BR>[Stack]<UL><LI>Max Depth = 400 + Unknown Stack Size
<LI>Call Chain = prv_device_discover &rArr; lwm2m_data_new &rArr; atiny_printf &rArr; vsnprintf
</UL>
<BR>[Calls]<UL><LI><a href="#[1f7]">&gt;&gt;</a>&nbsp;&nbsp;&nbsp;lwm2m_data_new
<LI><a href="#[173]">&gt;&gt;</a>&nbsp;&nbsp;&nbsp;__aeabi_memcpy4
</UL>
<BR>[Address Reference Count : 1]<UL><LI> object_device.o(i.get_object_device)
</UL>
<P><STRONG><a name="[31]"></a>prv_device_execute</STRONG> (Thumb, 102 bytes, Stack size 32 bytes, object_device.o(i.prv_device_execute))
<BR><BR>[Stack]<UL><LI>Max Depth = 392 + Unknown Stack Size
<LI>Call Chain = prv_device_execute &rArr; atiny_cmd_ioctl &rArr; atiny_write_app_write &rArr; atiny_printf &rArr; vsnprintf
</UL>
<BR>[Calls]<UL><LI><a href="#[150]">&gt;&gt;</a>&nbsp;&nbsp;&nbsp;atiny_cmd_ioctl
<LI><a href="#[26b]">&gt;&gt;</a>&nbsp;&nbsp;&nbsp;__2fprintf
</UL>
<BR>[Address Reference Count : 1]<UL><LI> object_device.o(i.get_object_device)
</UL>
<P><STRONG><a name="[2e]"></a>prv_device_read</STRONG> (Thumb, 130 bytes, Stack size 64 bytes, object_device.o(i.prv_device_read))
<BR><BR>[Stack]<UL><LI>Max Depth = 528 + Unknown Stack Size
<LI>Call Chain = prv_device_read &rArr; prv_set_value &rArr; atiny_cmd_ioctl &rArr; atiny_write_app_write &rArr; atiny_printf &rArr; vsnprintf
</UL>
<BR>[Calls]<UL><LI><a href="#[1f7]">&gt;&gt;</a>&nbsp;&nbsp;&nbsp;lwm2m_data_new
<LI><a href="#[26c]">&gt;&gt;</a>&nbsp;&nbsp;&nbsp;prv_set_value
<LI><a href="#[173]">&gt;&gt;</a>&nbsp;&nbsp;&nbsp;__aeabi_memcpy4
</UL>
<BR>[Address Reference Count : 1]<UL><LI> object_device.o(i.get_object_device)
</UL>
<P><STRONG><a name="[30]"></a>prv_device_write</STRONG> (Thumb, 230 bytes, Stack size 32 bytes, object_device.o(i.prv_device_write))
<BR><BR>[Stack]<UL><LI>Max Depth = 368 + Unknown Stack Size
<LI>Call Chain = prv_device_write &rArr; lwm2m_data_decode_int &rArr; atiny_printf &rArr; vsnprintf
</UL>
<BR>[Calls]<UL><LI><a href="#[1f2]">&gt;&gt;</a>&nbsp;&nbsp;&nbsp;lwm2m_gettime
<LI><a href="#[208]">&gt;&gt;</a>&nbsp;&nbsp;&nbsp;lwm2m_data_decode_int
<LI><a href="#[26d]">&gt;&gt;</a>&nbsp;&nbsp;&nbsp;prv_check_time_offset
<LI><a href="#[187]">&gt;&gt;</a>&nbsp;&nbsp;&nbsp;strncpy
</UL>
<BR>[Address Reference Count : 1]<UL><LI> object_device.o(i.get_object_device)
</UL>
<P><STRONG><a name="[26c]"></a>prv_set_value</STRONG> (Thumb, 726 bytes, Stack size 104 bytes, object_device.o(i.prv_set_value))
<BR><BR>[Stack]<UL><LI>Max Depth = 464 + Unknown Stack Size
<LI>Call Chain = prv_set_value &rArr; atiny_cmd_ioctl &rArr; atiny_write_app_write &rArr; atiny_printf &rArr; vsnprintf
</UL>
<BR>[Calls]<UL><LI><a href="#[1f2]">&gt;&gt;</a>&nbsp;&nbsp;&nbsp;lwm2m_gettime
<LI><a href="#[1f7]">&gt;&gt;</a>&nbsp;&nbsp;&nbsp;lwm2m_data_new
<LI><a href="#[1f9]">&gt;&gt;</a>&nbsp;&nbsp;&nbsp;lwm2m_data_encode_string
<LI><a href="#[20c]">&gt;&gt;</a>&nbsp;&nbsp;&nbsp;lwm2m_data_encode_int
<LI><a href="#[20a]">&gt;&gt;</a>&nbsp;&nbsp;&nbsp;lwm2m_data_encode_instances
<LI><a href="#[14f]">&gt;&gt;</a>&nbsp;&nbsp;&nbsp;lwm2m_free
<LI><a href="#[150]">&gt;&gt;</a>&nbsp;&nbsp;&nbsp;atiny_cmd_ioctl
<LI><a href="#[131]">&gt;&gt;</a>&nbsp;&nbsp;&nbsp;__aeabi_memclr4
</UL>
<BR>[Called By]<UL><LI><a href="#[2e]">&gt;&gt;</a>&nbsp;&nbsp;&nbsp;prv_device_read
</UL>

<P><STRONG><a name="[34]"></a>prv_firmware_execute</STRONG> (Thumb, 70 bytes, Stack size 32 bytes, object_firmware.o(i.prv_firmware_execute))
<BR><BR>[Stack]<UL><LI>Max Depth = 392 + Unknown Stack Size
<LI>Call Chain = prv_firmware_execute &rArr; atiny_cmd_ioctl &rArr; atiny_write_app_write &rArr; atiny_printf &rArr; vsnprintf
</UL>
<BR>[Calls]<UL><LI><a href="#[150]">&gt;&gt;</a>&nbsp;&nbsp;&nbsp;atiny_cmd_ioctl
</UL>
<BR>[Address Reference Count : 1]<UL><LI> object_firmware.o(i.get_object_firmware)
</UL>
<P><STRONG><a name="[32]"></a>prv_firmware_read</STRONG> (Thumb, 208 bytes, Stack size 40 bytes, object_firmware.o(i.prv_firmware_read))
<BR><BR>[Stack]<UL><LI>Max Depth = 400 + Unknown Stack Size
<LI>Call Chain = prv_firmware_read &rArr; atiny_cmd_ioctl &rArr; atiny_write_app_write &rArr; atiny_printf &rArr; vsnprintf
</UL>
<BR>[Calls]<UL><LI><a href="#[1f7]">&gt;&gt;</a>&nbsp;&nbsp;&nbsp;lwm2m_data_new
<LI><a href="#[20c]">&gt;&gt;</a>&nbsp;&nbsp;&nbsp;lwm2m_data_encode_int
<LI><a href="#[1f8]">&gt;&gt;</a>&nbsp;&nbsp;&nbsp;lwm2m_data_encode_bool
<LI><a href="#[150]">&gt;&gt;</a>&nbsp;&nbsp;&nbsp;atiny_cmd_ioctl
</UL>
<BR>[Address Reference Count : 1]<UL><LI> object_firmware.o(i.get_object_firmware)
</UL>
<P><STRONG><a name="[33]"></a>prv_firmware_write</STRONG> (Thumb, 110 bytes, Stack size 32 bytes, object_firmware.o(i.prv_firmware_write))
<BR><BR>[Stack]<UL><LI>Max Depth = 368<LI>Call Chain = prv_firmware_write &rArr; lwm2m_data_decode_bool &rArr; atiny_printf &rArr; vsnprintf
</UL>
<BR>[Calls]<UL><LI><a href="#[204]">&gt;&gt;</a>&nbsp;&nbsp;&nbsp;lwm2m_data_decode_bool
</UL>
<BR>[Address Reference Count : 1]<UL><LI> object_firmware.o(i.get_object_firmware)
</UL>
<P><STRONG><a name="[277]"></a>prv_get_value</STRONG> (Thumb, 224 bytes, Stack size 16 bytes, object_security.o(i.prv_get_value))
<BR><BR>[Stack]<UL><LI>Max Depth = 352 + Unknown Stack Size
<LI>Call Chain = prv_get_value &rArr; lwm2m_data_encode_string &rArr; atiny_printf &rArr; vsnprintf
</UL>
<BR>[Calls]<UL><LI><a href="#[1f9]">&gt;&gt;</a>&nbsp;&nbsp;&nbsp;lwm2m_data_encode_string
<LI><a href="#[20d]">&gt;&gt;</a>&nbsp;&nbsp;&nbsp;lwm2m_data_encode_opaque
<LI><a href="#[20c]">&gt;&gt;</a>&nbsp;&nbsp;&nbsp;lwm2m_data_encode_int
<LI><a href="#[1f8]">&gt;&gt;</a>&nbsp;&nbsp;&nbsp;lwm2m_data_encode_bool
</UL>
<BR>[Called By]<UL><LI><a href="#[35]">&gt;&gt;</a>&nbsp;&nbsp;&nbsp;prv_security_read
</UL>

<P><STRONG><a name="[35]"></a>prv_security_read</STRONG> (Thumb, 138 bytes, Stack size 64 bytes, object_security.o(i.prv_security_read))
<BR><BR>[Stack]<UL><LI>Max Depth = 416 + Unknown Stack Size
<LI>Call Chain = prv_security_read &rArr; prv_get_value &rArr; lwm2m_data_encode_string &rArr; atiny_printf &rArr; vsnprintf
</UL>
<BR>[Calls]<UL><LI><a href="#[121]">&gt;&gt;</a>&nbsp;&nbsp;&nbsp;lwm2m_list_find
<LI><a href="#[1f7]">&gt;&gt;</a>&nbsp;&nbsp;&nbsp;lwm2m_data_new
<LI><a href="#[277]">&gt;&gt;</a>&nbsp;&nbsp;&nbsp;prv_get_value
<LI><a href="#[173]">&gt;&gt;</a>&nbsp;&nbsp;&nbsp;__aeabi_memcpy4
</UL>
<BR>[Address Reference Count : 1]<UL><LI> object_security.o(i.get_security_object)
</UL>
<P><STRONG><a name="[278]"></a>prv_get_value</STRONG> (Thumb, 144 bytes, Stack size 16 bytes, object_server.o(i.prv_get_value))
<BR><BR>[Stack]<UL><LI>Max Depth = 352 + Unknown Stack Size
<LI>Call Chain = prv_get_value &rArr; lwm2m_data_encode_string &rArr; atiny_printf &rArr; vsnprintf
</UL>
<BR>[Calls]<UL><LI><a href="#[1f9]">&gt;&gt;</a>&nbsp;&nbsp;&nbsp;lwm2m_data_encode_string
<LI><a href="#[20c]">&gt;&gt;</a>&nbsp;&nbsp;&nbsp;lwm2m_data_encode_int
<LI><a href="#[1f8]">&gt;&gt;</a>&nbsp;&nbsp;&nbsp;lwm2m_data_encode_bool
</UL>
<BR>[Called By]<UL><LI><a href="#[36]">&gt;&gt;</a>&nbsp;&nbsp;&nbsp;prv_server_read
</UL>

<P><STRONG><a name="[39]"></a>prv_server_create</STRONG> (Thumb, 82 bytes, Stack size 32 bytes, object_server.o(i.prv_server_create))
<BR><BR>[Stack]<UL><LI>Max Depth = 432 + Unknown Stack Size
<LI>Call Chain = prv_server_create &rArr; prv_server_write &rArr; prv_set_int_value &rArr; lwm2m_data_decode_int &rArr; atiny_printf &rArr; vsnprintf
</UL>
<BR>[Calls]<UL><LI><a href="#[1e6]">&gt;&gt;</a>&nbsp;&nbsp;&nbsp;lwm2m_list_add
<LI><a href="#[13d]">&gt;&gt;</a>&nbsp;&nbsp;&nbsp;lwm2m_malloc
<LI><a href="#[38]">&gt;&gt;</a>&nbsp;&nbsp;&nbsp;prv_server_write
<LI><a href="#[3a]">&gt;&gt;</a>&nbsp;&nbsp;&nbsp;prv_server_delete
<LI><a href="#[131]">&gt;&gt;</a>&nbsp;&nbsp;&nbsp;__aeabi_memclr4
</UL>
<BR>[Address Reference Count : 1]<UL><LI> object_server.o(i.get_server_object)
</UL>
<P><STRONG><a name="[3a]"></a>prv_server_delete</STRONG> (Thumb, 36 bytes, Stack size 16 bytes, object_server.o(i.prv_server_delete))
<BR><BR>[Stack]<UL><LI>Max Depth = 124 + Unknown Stack Size
<LI>Call Chain = prv_server_delete &rArr; lwm2m_free &rArr; atiny_free &rArr; LOS_MemFree &rArr; osSlabMemFree &rArr; osSlabAllocatorFree &rArr; osAtomicBitsetClearBit
</UL>
<BR>[Calls]<UL><LI><a href="#[267]">&gt;&gt;</a>&nbsp;&nbsp;&nbsp;lwm2m_list_remove
<LI><a href="#[14f]">&gt;&gt;</a>&nbsp;&nbsp;&nbsp;lwm2m_free
</UL>
<BR>[Called By]<UL><LI><a href="#[39]">&gt;&gt;</a>&nbsp;&nbsp;&nbsp;prv_server_create
</UL>
<BR>[Address Reference Count : 1]<UL><LI> object_server.o(i.get_server_object)
</UL>
<P><STRONG><a name="[37]"></a>prv_server_discover</STRONG> (Thumb, 156 bytes, Stack size 56 bytes, object_server.o(i.prv_server_discover))
<BR><BR>[Stack]<UL><LI>Max Depth = 384 + Unknown Stack Size
<LI>Call Chain = prv_server_discover &rArr; lwm2m_data_new &rArr; atiny_printf &rArr; vsnprintf
</UL>
<BR>[Calls]<UL><LI><a href="#[1f7]">&gt;&gt;</a>&nbsp;&nbsp;&nbsp;lwm2m_data_new
<LI><a href="#[173]">&gt;&gt;</a>&nbsp;&nbsp;&nbsp;__aeabi_memcpy4
</UL>
<BR>[Address Reference Count : 1]<UL><LI> object_server.o(i.get_server_object)
</UL>
<P><STRONG><a name="[3b]"></a>prv_server_execute</STRONG> (Thumb, 64 bytes, Stack size 32 bytes, object_server.o(i.prv_server_execute))
<BR><BR>[Stack]<UL><LI>Max Depth = 32<LI>Call Chain = prv_server_execute
</UL>
<BR>[Calls]<UL><LI><a href="#[121]">&gt;&gt;</a>&nbsp;&nbsp;&nbsp;lwm2m_list_find
</UL>
<BR>[Address Reference Count : 1]<UL><LI> object_server.o(i.get_server_object)
</UL>
<P><STRONG><a name="[36]"></a>prv_server_read</STRONG> (Thumb, 134 bytes, Stack size 56 bytes, object_server.o(i.prv_server_read))
<BR><BR>[Stack]<UL><LI>Max Depth = 408 + Unknown Stack Size
<LI>Call Chain = prv_server_read &rArr; prv_get_value &rArr; lwm2m_data_encode_string &rArr; atiny_printf &rArr; vsnprintf
</UL>
<BR>[Calls]<UL><LI><a href="#[121]">&gt;&gt;</a>&nbsp;&nbsp;&nbsp;lwm2m_list_find
<LI><a href="#[1f7]">&gt;&gt;</a>&nbsp;&nbsp;&nbsp;lwm2m_data_new
<LI><a href="#[278]">&gt;&gt;</a>&nbsp;&nbsp;&nbsp;prv_get_value
</UL>
<BR>[Address Reference Count : 1]<UL><LI> object_server.o(i.get_server_object)
</UL>
<P><STRONG><a name="[38]"></a>prv_server_write</STRONG> (Thumb, 336 bytes, Stack size 40 bytes, object_server.o(i.prv_server_write))
<BR><BR>[Stack]<UL><LI>Max Depth = 400 + Unknown Stack Size
<LI>Call Chain = prv_server_write &rArr; prv_set_int_value &rArr; lwm2m_data_decode_int &rArr; atiny_printf &rArr; vsnprintf
</UL>
<BR>[Calls]<UL><LI><a href="#[121]">&gt;&gt;</a>&nbsp;&nbsp;&nbsp;lwm2m_list_find
<LI><a href="#[204]">&gt;&gt;</a>&nbsp;&nbsp;&nbsp;lwm2m_data_decode_bool
<LI><a href="#[1e8]">&gt;&gt;</a>&nbsp;&nbsp;&nbsp;prv_server_check_binding_valid
<LI><a href="#[27d]">&gt;&gt;</a>&nbsp;&nbsp;&nbsp;prv_set_int_value
<LI><a href="#[27e]">&gt;&gt;</a>&nbsp;&nbsp;&nbsp;set_binary_app_data_object_rpt_max_cnt
<LI><a href="#[187]">&gt;&gt;</a>&nbsp;&nbsp;&nbsp;strncpy
</UL>
<BR>[Called By]<UL><LI><a href="#[39]">&gt;&gt;</a>&nbsp;&nbsp;&nbsp;prv_server_create
</UL>
<BR>[Address Reference Count : 1]<UL><LI> object_server.o(i.get_server_object)
</UL>
<P><STRONG><a name="[27d]"></a>prv_set_int_value</STRONG> (Thumb, 64 bytes, Stack size 24 bytes, object_server.o(i.prv_set_int_value))
<BR><BR>[Stack]<UL><LI>Max Depth = 360<LI>Call Chain = prv_set_int_value &rArr; lwm2m_data_decode_int &rArr; atiny_printf &rArr; vsnprintf
</UL>
<BR>[Calls]<UL><LI><a href="#[208]">&gt;&gt;</a>&nbsp;&nbsp;&nbsp;lwm2m_data_decode_int
</UL>
<BR>[Called By]<UL><LI><a href="#[38]">&gt;&gt;</a>&nbsp;&nbsp;&nbsp;prv_server_write
</UL>

<P><STRONG><a name="[11a]"></a>_fp_digits</STRONG> (Thumb, 366 bytes, Stack size 64 bytes, printfa.o(i._fp_digits), UNUSED)
<BR><BR>[Calls]<UL><LI><a href="#[59]">&gt;&gt;</a>&nbsp;&nbsp;&nbsp;__aeabi_ddiv
<LI><a href="#[5f]">&gt;&gt;</a>&nbsp;&nbsp;&nbsp;__aeabi_d2ulz
<LI><a href="#[58]">&gt;&gt;</a>&nbsp;&nbsp;&nbsp;__aeabi_dmul
<LI><a href="#[52]">&gt;&gt;</a>&nbsp;&nbsp;&nbsp;__aeabi_dadd
<LI><a href="#[11b]">&gt;&gt;</a>&nbsp;&nbsp;&nbsp;__aeabi_cdrcmple
<LI><a href="#[4b]">&gt;&gt;</a>&nbsp;&nbsp;&nbsp;__aeabi_uldivmod
</UL>
<BR>[Called By]<UL><LI><a href="#[115]">&gt;&gt;</a>&nbsp;&nbsp;&nbsp;_printf_core
</UL>

<P><STRONG><a name="[115]"></a>_printf_core</STRONG> (Thumb, 1744 bytes, Stack size 136 bytes, printfa.o(i._printf_core), UNUSED)
<BR><BR>[Calls]<UL><LI><a href="#[11e]">&gt;&gt;</a>&nbsp;&nbsp;&nbsp;__aeabi_uidivmod
<LI><a href="#[11c]">&gt;&gt;</a>&nbsp;&nbsp;&nbsp;_printf_pre_padding
<LI><a href="#[11d]">&gt;&gt;</a>&nbsp;&nbsp;&nbsp;_printf_post_padding
<LI><a href="#[11a]">&gt;&gt;</a>&nbsp;&nbsp;&nbsp;_fp_digits
<LI><a href="#[4b]">&gt;&gt;</a>&nbsp;&nbsp;&nbsp;__aeabi_uldivmod
</UL>
<BR>[Called By]<UL><LI><a href="#[119]">&gt;&gt;</a>&nbsp;&nbsp;&nbsp;__0vsnprintf
<LI><a href="#[118]">&gt;&gt;</a>&nbsp;&nbsp;&nbsp;__0sprintf
<LI><a href="#[117]">&gt;&gt;</a>&nbsp;&nbsp;&nbsp;__0snprintf
<LI><a href="#[116]">&gt;&gt;</a>&nbsp;&nbsp;&nbsp;__0printf
<LI><a href="#[114]">&gt;&gt;</a>&nbsp;&nbsp;&nbsp;__0fprintf
</UL>

<P><STRONG><a name="[11d]"></a>_printf_post_padding</STRONG> (Thumb, 36 bytes, Stack size 24 bytes, printfa.o(i._printf_post_padding), UNUSED)
<BR><BR>[Called By]<UL><LI><a href="#[115]">&gt;&gt;</a>&nbsp;&nbsp;&nbsp;_printf_core
</UL>

<P><STRONG><a name="[11c]"></a>_printf_pre_padding</STRONG> (Thumb, 46 bytes, Stack size 24 bytes, printfa.o(i._printf_pre_padding), UNUSED)
<BR><BR>[Called By]<UL><LI><a href="#[115]">&gt;&gt;</a>&nbsp;&nbsp;&nbsp;_printf_core
</UL>

<P><STRONG><a name="[18]"></a>_snputc</STRONG> (Thumb, 22 bytes, Stack size 0 bytes, printfa.o(i._snputc))
<BR>[Address Reference Count : 2]<UL><LI> printfa.o(i.__0snprintf)
<LI> printfa.o(i.__0vsnprintf)
</UL>
<P><STRONG><a name="[19]"></a>_sputc</STRONG> (Thumb, 10 bytes, Stack size 0 bytes, printfa.o(i._sputc))
<BR><BR>[Called By]<UL><LI><a href="#[118]">&gt;&gt;</a>&nbsp;&nbsp;&nbsp;__0sprintf
</UL>
<BR>[Address Reference Count : 1]<UL><LI> printfa.o(i.__0sprintf)
</UL><P>
<H3>
Undefined Global Symbols
</H3><HR></body></html>
